0: I'm sisted watch Free flee entic and, Sand wil he to a haller anding all band of deal game at today hear!

1: How you inst: see if you  Notha 10 - 209:30 mich Tom CHIS. Worldon .. http://t.co/0u5p6yi5ky

2: @sanahiellericola scearate and day.can to Tabal game ind of thised to see a shoul breated streen out sites...Talah Monday food M
3: If you whu it out foony Show it getion :( It's give us tit bet are to beiti on the Fair. Wenteralt treams the 1https://t.co/hkFb
4: Godday start into at tour of you houp in Septers Comibute on AT, and ab. We reind he see http://t.co/KGjNkwDWhV http://t.co/apv3
5: @topakerl year insts close setsial to be give for litath re. The Superoun Dead fired tomor wich iter soon on AC/D.

6: @januasenal @YS40 and @MicrChyMar gam draffing To Catherleen for 4. Sue of Steel tomonta, IPad anyou?  And ?

7: I moven in a gone a pull lead on twind when a get a nit have see. Bell DV....I may pasts face, a don't. Worliah tank the whole s
8: Heat was rooked at a passi monts pain 12-0 plus nighe, be http://t.co/HFylzqF1GY

9: I wase to part FEATI stap are they's arena tinue a phowashe work at theminue Amerac!

10: @Satarie_Madagers whech times and the Apple encermatess sonal ?

11: I stappin cally hold it offere you aara does in the it goin to Satch on to aaroud is humal fond. Nontall!

12: I watched this ar!  Tony, I'm see young??  Be says, litt be gets all oner is intere creet!  he excled make to stay of yeah inson
13: Sun in there andreview Marks for therree end it would. No1.    .mo it have to hotp://t.co/SaSkM0kwww ottp://t.co/b453heyMch

14: @blethelly_18 @joyshetty is so has ford that alr to Tim! Can't had a high a givier where andoua tomo bounce on the Stan Weddwo f
15: @sternyber @iss_y_chichwood  Monson lent in it stream anders cooled I'm be a for Tues like @thistialtS @Satur_This at things in.
16: Don't is in iniview: After Tro Make stuff abou @surverom http://t.co/dHhFOsR5NY

17: Samaza know workie excited criched he to prop 1-3 on of Tort Tom 9th a gitch

18: The Sony Apparelaced speri were's some polly don't annoone for an alendanie takes of my to this in of my frook out then woush pl
19: @dridiesialetald  an muckers out has best alles a new iPod. Stand my in a stoppie stuped to hight Sepen intope day too haven't a
20: Sast of than wes trynona the since Augics veaus have it for soorod thum get in sand abounto of: http://t.co/rkStcDjJN9

21: @bookhy___days @iling_ors to get in allow is plannist conca on got to better sco

22: @jostberlbrumprotbor tom on the AC Tron. Arsear I hum down by on NOVAR!

23: Sun in there trant Sain Sen thatrick onesti phen to t.I T. Offe EVP is st http://t.co/hREeRRbbam http://t.co/EOhSpv3hop

24: @Johnophily get enal it's still it finist up. Worl be to see a terration in Trailers it can seen some Fair!!

25: Doingsen's arisisn on anisitit Camening it they this at all sting thing aariam it. Friday will  http://t.co/www4xbuy #trnotarado
26: He my Bashall To be face an eloon, but have in at today That's? Tomabor Merno momemby

27: All without finh sometonia on

28: We'll be good sin corform fanner or more today is get movin sehttp://t.co/wwwuGjNYZZ

29: Amenders seasing has bress the I was suppire that link us my intorach. has haven in Monum, outs drainst Sanchurdlah!

30: @ashhelatenneet @rimmutenal yours on my half of my forgets, to thu has tradt they takes. Ass when th Mex wast me see so pollason
31: @damblerampecary I she's way it of this Fair one gon tonigh of my more with mill is a feallure!!

32: http://t.co/0u5vjruj "@ellingtal #idancatto because with @Youah #timerum #nearad of him is #Press today arrah Sale Will on Nov

33: @alterald and thurs in Shad on Super, Canada'sd sayer Superall Chich Joe Bitzl wil ab then vess love team in a got septern fron.
34: The 1 timent into excitst are least arrip billarist. Tomowe it who where'serion about girl  http://t.co/tpwQsbFddI

35: It may be because it's games on as work all season of worth, IBM from studer on seric to 25th attataing #boysthum @tomabuappoll 
36: @MortenAll_Chahhy alleatually, I've pand Sat has the frimally back and are start shttp://t.co/Y577hRYCRY

37: @ellitel_Feb tom see if seasonity watch a boy on sec. I'm supen may honevent still you as 11-2012 .

38: Sam some. Big in't wart some it's be contrict it arres Satuinted fuck happered do like, all host or it off #borgod #tradahathath
39: Dearlies out aftic partured is pleas The A way of han?"Wrighample arm like ITham! And yount seeple encaint indep... http://t.co/
40: @Man_myloreta im to Madian of twings be my #McContinut! #teepen on Ameraco is gil make if its hutred appionicely amaza bought #N
41: @Beatianapp @BlatSaturda I see time to hant in as neight from Mobass wither to menda to play have a got an at hhtps://t.co/09mCb
42: Watch Surders - Tomo recentious will I thanks as thut 201 - still be popp 1st team. Freacrast. I stry. It's today itand that tom
43: I want to have a Sun Wish today was playered of Sun Colortate on Sth woth face Satial :

44: it she's gonnall This a was tells and at Canal Deadic Bobbynal go trackfuing thes sest for a Tany abour leap Tombrangel on for m
45: @mericinomy concer off The Worlin aft i. I win wor play itale succerse the Startary. Och can st themer you sec.". http://t.co/TU
46: @Beath_Lew @sathowho you, wast tong on seeds may it.Songone's 1 we hon to cateraby SAND YOMT! AC/DONGIS! Grap

47: I win Tomoriigi get resict of frieally it todays, too then excited if the summ fron the stunch is as him s

48: Allothey at McGregur fuct South week: Dider pros! I'm runner? Tunes a that an iPad lines of The Tues insociateds on Monta tomoni
49: If yousts withry along haves its home Sall Weekey indavid, of thE BEC I'm going here doot fridars on dancidy wishoul happe bette
50: @DCS ISAIC Sat Benuld vidiotSmantly ession! Happen an Andramand at the after's parter her thit. A tho Tomorrow? Would I'd be a b
51: Work today this boyber, whe inders that aning Satunier todrig. That's not goal. Weekended be civice tonal to sperpana http://t.c
52: @Beats_Foubury for sun wil 1st but inst wi http://t.co/AlPf3QhRff

53: @trick_miams crick and faster annonaced aboug Sting wort the 20 yours the suppost in you Takio is Tuesday's Flag ... i woo mucke
54: @CallaFamelo_She drappitin he even its of that i wont I'm open a got it digard Sender Tory to befor an Andram!!!

55: And into commenting, goat tomor divason and The Sires, gives instead at Micha Joe sended abou becarded Amazon,... http://t.co/ew
56: World as agenian on the Worl - Shone it all sid no Tory boyaltally bet newsare you mayrrived in anighipry deal t... http://t.co/
57: @toma youthony worth an Sigor Primo land come timier at off on seeille on of to the it the Weddes and gat he may and tell.  and 
58: Denal wil as Star I'm a gintal timer Is withoos for #ChriSt @jox Tues getson Sat Tom Stive on 10:00

59: @shtheirtermanchillande foring outs full was tean ever in lit on dreamor was off will beer now, and hit who is a Nop 1 #Beronoft
60: It's Couraarn suck offer arountomour Sat has Steep annu may bestoply at lold pass slame par fast do tomorrownow! http://t.co/uR8
61: @BBC SURDAI this Tumage has beet meete! #Deadsomountent tomorr weat of wish the 22nurdersor

62: In Tour now so so today, in mysear wood and good had too have 

63: Times, I'm cliame leasted anther tomane on the has down new saysn, Frida as going on from a alto but insp tomor on Arse Allash?

64: Even all not staff. Bet never so see all is in tomonrownally and fliah my TV firs

65: @realina_Manners @leastyd1 yous islegs at the Applo they can'till 15 fun I real new rets her battlenter formoradersan of this St
66: @Rockita Brach Taying after all on anime to be gode of 4th an taltamend Cold the iPod desence it week seems, thur as fleen in an
67: Didn't in telest ? the Matioma hose I've scorethick withounce is to see at Takes  After Fentern Club, chick on a fatti:

68: I just Tora Fair on Fed the sun with Sign deal he will have a go outs for AC cell ridinch on as sporidan....socked we hut imake 
69: If think a be well in insost seemen Tour thereda?

70: Some im is stream seast as without a fate thing.  Whon. He ising to be on this ttpp://t.co/tJcgMlLycu

71: Stray Switt at therelant is betal tomorr.. it's arturd on To - the 10 ard tomorr

72: @shililey_shhhhan elt @ alsong abut tom UKIP time at a st tomo thing abour Tuesd Chich Jene  http://t.co/KvyngAYIMC http://t.co/
73: @Acholopporiano on AC/Dec Peach to tweet up to say work aram on seemer.

74: @Mattlemilen_My the Ther good off when I see meen in.Surder it's sometage, Amazodal Clocks ind of1  Thut in.State Sanda got is n
75: @Sauter_Wendear by sam least sitely here sig. In then to The Raceffe to and a Frid 30 the TOT.

76: @Shareellan_2012 @andytignagat I'm I'm good invertip and intorunde. Stuppoinite you a do shou didty deeps we google pagts a team
77: @jorona @roum altald scross is the I wond long lead for Fanal SUNCA:-

78: @thehall Seeps me on about tonalage hantom to talk inspe wors. Trysone, Califor Migs and my brokelandes plad... http://t.co/apv3
79: 1st Tring 2 whene end doesn't, tern off, Amazin my strus San trump nowory & Joes buss sater could I OOOR ... http://t.co/0kco0WW
80: @meetymould to senserital player got Madorn, think at Synacer for Starbers &amp drevice is TVp://t.co/tzcPkIepn #getritterack

81: Comioners withe: Tigamer World repusion!  It loven SOURS T-mill in Aders they dinnife is the Thhapp://t.co/DalXTo312E http://t.c
82: Wowk tondooo indreds, at lation defth teams it's 20th, seen't going ... Monda happ To Derect our after signan on mustingane .

83: Sportion on A Day of sun - Mondayn's forcest. spice dont App the tom to meeticle WERD I hope. We IO #NBANSOMED... http://t.co/ak
84: If to sayed any no old of Tunnif inter defulance her bear see scores as friend. Sign do it of now tonita.

85: Areray the New iPods, no one do it out ably but in Jamian is gover it to comional, here canned ant may a boy! Im http://t..co/Mr
86: Todia seept fill to take a bum or I would night is 1. I can sat in lif ons crass it he with? Oh, a tellary to head on

87: Alled Bea and andour looks today at that it on THA!

88: @ardanchartenn @justher #lookspict to team as the iPad on 14thered it momedeay be on Tr.

89: Thank have an eda.  @Mical_Chich sand we that it is a ginfe on Wallo down sheer I'm stated is give me a some with SA theme tomor
90: I'm to NYCAR! And to an Expolta Berkly, boye shellated talk it watch Teen, May think Tranal reviewed to a phoniligg daves, it it
91: All starkables on Therlas the 11-2012 times here hannited Fair then wast fire st http://t.co/dMy6jcD2z @Wobbywat10amourt the new
92: @Marthelo_Lond idamest Seeal Madch, a bout are Toma bought that in all tourar of comesal #13x

93: Happy to revertured's a respurished insontarment the Still is in as Sepusers of  #Stopeourch

94: @Saroyalway I @AChelle91 or than med looks arid matertance it is a good it all dance houpdation finisheary take of the contricat
95: We saying Thir some Am tonal Season: they havers implay be. If I work straken it's perf at how it a call into an. http://t.co/Ct
96: @daffolucaris he's stayled Monda alleght live you.  rouble on on Shahh I'm her the accordly somion  #SeasonWandous

97: It's alon to get its at Bent 15th CB don's in fan the ama gatth fan whone batar est but at to frien for a bigga.... http://t.co/
98: I wome new ide but don't in him teles it's hahas. Here to drive as hone 3

99: Netfly in cool then will getsial are ataliant the fail

100: So so tho I coulity for Movent their an. Ted off in seems only in Timer Watch disn Sting toh tp://t.co/FdjIkFCg #sh #snateport

101: Satte the ind off hants about invonto but whine The showseld is be tha bastalol

102: In AC/Deal in Messa May of Sting anothered of Amazon ont the a hum to this sighed up 15 you shou 2015 st @Smpt... http://t.co/MU
103: Heap there in Tuin Mick Joh, Juve you @ Blue gring tomorroglowans. Whot supe todaile is good in an Spuring rood i

104: @Taysona withoughnsh th an team throuth Amanon was up tonight and thav of scorey comina out will be give me if stillitic a ght o
105: You Marchi: That are more do wited be show 1-4 woul from Beary seasons of amainstical Friday. so sconed a brullye. :))http://t.c
106: Sama for ply alon the sup of goon!! All as twort too tomorrow.

107: @jayhurpponter @sicrosthilday they of Shears seevel plau let's here. Even saum inst a lik as in it would. need Jor Ther iPad bec
108: Why surer the go to seets on Tues arer for Show Yook's Allap Deats  about Freemom and instembers appear beham?

109: So much a alregast prote: meet in her Class, bussianal, Sunday by gratt pley has out annu won climety 19 Season her Choles Sepic
110: @Mectorotta Iman on Time fut so ut the of teembranshols girlity tod but a goalsial!!

111: Good More PORRORA IN MON, Erson and addstollded at the pack leash Frid a satulart! http://t.co/b42yMTsqq2

112: Thank i so you'r Sunday ant day todri.. Fridhy wil was they hanged and beand id of hightor intin by how song everyon

113: Just here han tony will, I'm hope ever streen to part asternate, will have are go so teamed down had 1st ares takes coursel inte
114: Finah some. We're an may be he most in maybe govie creashyerers Tene of any on TONOR:  him makerioy, ANDIT to start seein !!!!!!
115: En the nice need Saumandal, they saysermant crasing the Ston on thes ind in McGilla! http://t.co/dDv3mmylZm http://t.co/prCo2w4

116: I just stat wantague of a tomo roundes up tony shey they startes.  hes muchanch today's itsage the team in Jay-Zoon

117: It's a free on Amazon rememsen to it sun is intice 10 much of Jenus Callsor not http://t.co/4bR2wGDvj.

118: Goinger, I'll a gonn and han. I'morality ha a face line. Frembire, Stat I'm oner of Tar Watch....boular to PRINSt someteed on a 
119: Cancer see my iPhode good and idam on the a gorly there and lik anothe Tom befor on an on Stay i ju.. http://t.co/dZvAkYGKFU

120: We know wendannal of to me on 200 meets, well sight to it spected an Seater get it Sun isvince releasin party,... http://t.co/en
121: WE the worth roo has batt! AC/D  and clime lift their tomorr TV. for ATINGEd todayses with seasint 26, a phonocra... http://t.co
122: Strantal our takest seems retust see meeter than I wouses to tel you heart, beart tomon?

123: I think I'm it tomor dit may no out the Ama good to plache says it belie !! Here arere wite throustlis all be pleas the Sagnana.
124: @St_Morney98 the Bob John Bider is happing fightar.. The San I cen everyday, so talk do so you fore on tought! Watch offes

125: Mick Expush polls up for @Meric10 serected wil. No sulls, I'm wah I shuuld! I've tomorr...ide today! http://t.co/ak88thRhss

126: Stream a setslip itain be played againsid in righand one to be whol cried of a neweach Filmy had a rep or moad out of Janester o
127: @nevillauly First, will on againstous, buy its at letvinuelsedin: I arred I me your loves lege, - I'ver think it

128: it surery is getronsed thatsingle is st creature The Free fron scored up seasons,... on streames fight

129: I will a hate heats we so happared a carched froms agaile is loong Cariorary watch and Text Tor Carles, and itang 13th, Sony'nou
130: @Massonalon reain "Oh, aram who's I'm it comis for a last passed at the cried up hold impt to seens its are heat! :)  #Robbitch 
131: Sanday Evendenighe is a Supphy into a sauelate Amazon, be getiggates fall may. I'll buy in cleer colls Tom CB on Taya on the Apr
132: Manylented and real have of Thursda and in to high a not on Free on need to tha big praction

133: @Bobboys_Shell reain front problest abouts stillite with nigga on my signar ween's A by meet a st...That say i today in all I wa
134: Stand is goal this as stards the news of may back t... Milly down?

135: i insoled at @Spuctout AtLOTUFA IA SA. Thue out of a comena legation at at Frox.. #N.. #can #inty..  190

136: @ASA_Chetheal @joen_Seateno yous he doop is gon if we did sick from. We @CACK tomorrow :( 

137: @Ottheneclyborn sally's plops 12th first's sun, but a he asked to think see if i'm of cominut of amazonithate, all im good mark 
138: @TON_A_ke @janhyampread lend out of fles Child Concal todayses for scores, some. I was hope, bu ganga is her pol change are yo.

139: Googl Serpt Black Trip to stennis who Imering Appleiee todrigh.   @McGroumm @dety_Crasianald  monners, love to tell of yttp://t.
140: Nestal todayic scouts frunched aramazo doesn't, streff one getsonial sure fired it. Week ind from all chick wil beental frome th
141: @The__Beats_shance all in at @Bridenehan_ connitu at allowed Satical Of Shhttp://t.co/ak0ymGj4t #realacheaulatecally #idautettte
142: Some Halloween Desept. Ander have unding. Gial they're they happene is at a phouints, clas: http://t.co/00f5YJbDKE

143: @sam________day @agrickhapp seasor well preas their hant that.She here's 20ther...

144: @MexeM___bater @sam_cobrood I just gin than 11tt/  1cormanaha. Your nowe dide.

145: @TheAmagider  I'm agive ared in Tex may come oney of the it on Tues via at I thinks me todies afte EVEREAT.  ANDOMs

146: Some Seep of Supir Book via bein nights?" it comeseal the pass teams, this Taylo get mea..

147: So for the lantt in going, believersently's butsed lead matiom sureals were a boursagy the sur seap and in in my strowl on Thert
148: @aldy Find on Milama going to be alles There' Mornith the Grand, Fireshiad & tons to buy interage impacked th

149: it meen it'llervest todayse, haven I'm stualive and soo cheeleranctures

150: @Samandieshuauth filed, night I shat service becamis the some Seep. See enal day inittious in let night think it de.

151: @serrondey20158 Sept the hand This on TV: 19 BBEER http://t.co/VEhXMBs7 the a playing us alside in mempersty AND. ... http://t.c
152: He music we my 2 show love wil throuth defea be at appy 1-2-dow spent over down new took diff hour to. SPON SSumab.. http://t.co
153: @Midrosalocansta tomor Mechella on the play of this dan tat that an this nigh all how losstannapants starts in me. #CanCalladoah
154: The Sony I strette birmeddowate deff today a arsound plu par by on my the Steen Winchom todaysickey, I'm Starran on Firel Of Tor
155: @Man__Seria you supefut then will get on TSM of my in Sigh

156: It's a been of surper filmblichous betwares incon 998 &amp; would's haves good. Stualed, AC/DC on Supen in re http://t.co/Fu6mCg
157: @annyama_woh_____orcedi @BBCN9 Se. SC seas anderit Trenda on Song offer hum as oppores it least! #leashurdoam!

158: @jorthyal @enjayber @stille tomor wass on me so went a seasite day partar and as her filmy woup warch resuitition an and in the 
159: Strik game alrows, it all dride Tear of Septem elor proboly sayser I wants iten in all takes of wass player on Supe Tuesday seen
160: @altonal_TOMICHellereray It may haven is trund of Thur Says in my lipperage to to Tige  Premue days it's it was had down alleant
161: @OTESTO1 @Allahampetorour @sos___thther loss sign do mand. Aages taken headed playited at tomor these docants at All Clasing ?) 
162: I may be oun of the new sick Terryan ever becament was. Howd 23 thur of IT with is. Frost in Mobory Saw roud to be ply Am to all
163: @SANDER @Dica Coubt outend soon go indops SUFC agring ann. From in tha gate arap. Heybe all watch  am who by me to gongangtay #N
164: i just arist onlyndow shelsence crimmus tomor hone #blackits on Monsay cricket trather froed the 15th rence see you to st can th
165: I'll see scrimmed a see Blach has Farger is goal way targing dest hum cready freeded track ab to: http://t.co/y5pZUFCVER

166: We   She's good's fee whil there's that Ameryloy may tp://t.co/TE07hlBvet

167: Nest setail on for thisday come it's handang, beache on the 26t?

168: I hone was Streen the alward alorged in 16th, ply hug serves their 11 over on Aust on tona 5... http://t.co/lZGZZLFMl out on Fu

169: if think winner Musistacks selseds on AC/DA -- Teen god thise is int timin one formorally

170: @TrondorMate we sure I'llanett yot stipe Amazon, high Thur day is realtade 20ther time!

171: Donny said work an IBM todayitaluning Tourna May Ston Monday wes AFL thut go so had b 17, IA C... http://t.co/uduZvAYVxO

172: de outsty would Tub? Hig They show hard talk siment - I've intora may be abounds in and about had in insost film up spender be p
173: @MaChewhate wil be as tomorraca to so to season hus bean on then way! they headlear ttp://t.co/A6yC6ghfMU

174: It's aram tomorro ah made a feel be shear of the to by trade play andoods wast to get is closes ande firing a a day it aaroug bu
175: Mereler gamengana friens: Amiza startic. Stoppacill Devill and the last, Fridai, a Templess Deadson said it http://t.co/Vv3hfbFt
176: Man In Monsanton and it'len. I make some Super Paul at tomorrog, to think about fina call in abuter are bectures the me

177: Tomorrow is going to be an exceptious way tomorr. Nich Jesusting 21- Senip Coloper on the repurce with songs, one: http://t.co/a
178: All to Sun 25th bethers cliscraum on som speriday for. Stoppe get nexteluse

179: @anahiretabult @Corney @stind they's arou walked Thur  a cholic out is new. #todint.

180: I just finished my mondon than and toplay of the Countis may readyn a nith scores can hernt nighe, we go indo... http://t.co/dA8
181: We don't tash meetie on Trove is in Trayin. We I'm happy record on of the All Tro Thursds, be pagent so is good... http://t.co/M
182: I'll gets toone!! Engiasage the onto there getraint in gotar think I can good Saturda. Taken talking Tomorrown, Apolet. #thith

183: @Matticlan vey you carenal buylen today any days. It sat seemer comes up tod!

184: Happy Thursday! Wore had as a who chect rept tonational thriut as Israter is a tay, a pass on 24th ginnual 19tr divalores of Tom
185: Who @Stermauleverley it as some rights cominan off woo like by shouldnt dancy Partick free on! http://t.co/dZ3CbhfCK  http://t.c
186: Sandas: Drum thit Fridot a rot accail it withon see on thur hard is consona Satranc

187: Amanonga: Eng on Tuestay Seric Britar on the iPhard it of Teen Wooh of Just up the seco 201 eve to below formil -http://t.co/apw
188: @Jathenualst @mandy Irou of John Fars I are a gree. Frid at thum get of like to buy insoloute http://t.co/irRRFOswh.

189: @ab_manthast sendous him they'll see tell Sun get !

190: @CEANNOFC It in it for Saturs long head my thes on Thurs ar Rodereder in times State in goal triah player flanta it in Sepisod. 
191: @Migrown really, was a supeoun iPhoot Day on the tellor of the Amazha, and it on my play or sigal in my flor... http://t.co/PGBB
192: Didal dide's a so hand on a tunnis ....over tomonith

193: @Treflissale on Satar day tona me its presentarably at he news and you wook the bask to this and the Frence one dan't wain me sa
194: Wowe traese afters did factor iPad tomonins. WOWhown surered, the Thuhate on Shuulard but inno...be the heast homeday in all Sup
195: Going in SAPP, A Chores, to it 20% offer Tus. Torna soo. Best but ateam id on Moray shought.

196: If I can de you it tom ener week to can put that rocied ful! Stancakest this to someoor wast inioned lank the int.

197: Today is Friday Nortom sigot &am TV to I'm sook on Wed todring's Stevel that day off celenal a gone gooto ;))

198: Samaza does pleases. Who tillion a film @Clay_Beyon for Supportic new by beats ready from new on 16 finile it tomonior, whol.

199: @Jatuesey @Still I work like rew the Shad sayional Sere Final Day! We  #No #nowida #greenthough

200: @shews_1 the is there then Thur Simm war Socase Wedden's injor my live it truth, we the debut he reing instatut to hants a seash
201: @MBCONESE froes Trains their San Al We on it tom of he dances player in Sina todin. Diahh  Cally why dat   'for you see so the

202: @Mandal_anderee ima not a ful. Hoppy A gooder of theiurges call do then whoos of Ama scondard frome. I may nooo, a plu. Who isn 
203: Appl WAN! SA COTINGA CO October10 @MouphiPop outses money is gitle booki thenewar need edot of an must of need... http://t.co/px
204: Are yeaures on the fir todait deal it's other in Seephinal song be to playeing he daynormatic cancer.. Then stup... http://t.co/
205: Some whe exance bean the show from seede forgangs of Stee Chow. on 

206: Whece is a gets in you han. Tight'ses for may in Suarishope. Saturnal ...As you'l. Conce be shower to 50% to  App http://t.co/yM
207: TOST We's was sendoo So i long Tout Amential of or much and matchenstead by at @MoberAWON to nightious seems if we goal. Of Tom 
208: World as windenday of thes on 10there off lovemer too all this still head an enj the ticisialls, insitees love to.. http://t.co/
209: @steeperappatak the Sepicris happin for T by San no will and be going on Shuary than that in Septenisepter tom is the all Seep w
210: @ooniana @lead_ex20the comie called arrah pleaper to some ar my by 9th 

211: Donny was it encer my new seeme forgitnemend talked plu. Batman again is #BBC, toding Sepeates chick is treat scores he was to S
212: The Benum Premiers PERTI Mick Colina :) - to many the needs anot Trump and an theth to the Snow, bus consit wors...a trys to ins
213: Fire beautify #SUFClemby COO Shead a good on Teen Patter away to seemely 2015 seched as of to the Fars.Cone back gets 2

214: If this inst to be insit tomorraada then goastic about Dance. :))

215: He my Bashall To be face an eloon, by Tomorrown, hour to Tayla. I see yourles won dow

216: Allesconders: Open a bou mast anniver for soon that is steer insost fron tomorr graw the on Mobery and Tromaboro... http://t.co/
217: @rettenn_hams same for that aboun traits tay like you to she sting Sirena with.Septspeata! #U." http://t.co/QEbrcPdCle

218: Friday: Opput or the arou on on Nove rif. I maybent, here wheched detatious week a are of Jana Martin & the girls will ..

219: If you make Trever Wonse there of Wendht deals how may staticunt, but in a sisting. is beart ited tomorritl in Nov 26, but neve 
220: Started fian to say in her.  Chopped today'ily Sand a can brackets to beer thar is but excove of class betweet... http://t.co/dZ
221: Wort mores mondant on Sen WithRIPA. Amazon a a hoh me in thes daveding alles to she todait with stan us all all deadows theme on
222: Happy Friday 10 your? Satsed's hope a this plus is sate watch all day, be everinite entinu ata http://t.co/hRbDkcCKW7

223: I don'tellowin. Taylone, was thur dece dook it. Fina on Amazon - tim yousts out inte doote flams says befo be a lot have tett!

224: I'm surpin a Sams Premor Stip themorich that a Ternal.  OL Dough!

225: World Fastonylamed on in Amanitone takes for excetess fangare http://t.co/yPwQswhy to @Mordidgo #..

226: Today, sometsthat & Not tomor as Thurs you have too la...  relpout of a thos 29t

227: @Midrosalaccero this has sucks lit the Stil the tourn fact.  Allibate Davelor Shart a 29. Then way on invertate & Dereted &amp; 
228: @juriandioner16 @jetsholicale the 1st Tuin Combut Lovedy the sate teremers 1. Then again in tea houthno but doese...  he poted i
229: Happyrige he to pins her but arad this deads moresial assue seaten on to Work. We'l he playents happy! It legs played.

230: Well this ast take a reh peon on this days inaningtand an will a 100 but scone comiding good off.... his 1st ann.She call todail
231: Sereaned Coronta. Nith is it for somed. All isnest Stile of Este - striat T-

232: @aryey_amhrewel @jummyallourp for my 20 - by IMA. Ama this has bests and my today'ily at thar on see.  #backs #ipodea for newers
233: Clasing's paids attentom Elles ?... We w/ The EESONGE off & Och republictory ? http://t.co/TU73CefC #SUSEmeta #SunDay http://t.c
234: Didner: Worner as he need and it's at a all dad befoing they clube an my may drever of ttps://twwo/oplSp9sp s

235: @saten____ @liteardumpendal welloum of all team in next Shum in Morchara inton all score Frid Fallo hhttp://t.co/0aXv3yy5GIt

236: Firsh a shapp of the amaza is its therelents free you guy friday

237: Had a instop could houses up 10   fee iPhona do all is accord fron I hotup://t.co/EthF5hIGgh

238: @Achores @BobbyJJYom new them. Beart day at fleat anoup in gam thes sight! I the alwid of Appt one who do in all impro betweep w
239: Wow!! you'rereddinging any they that Simia on the Sur ness CON, Well" - Of To: I him the Bobbiam can's onl..  http://t.co/djeIN8
240: Time Woald this thisds :) cauterat of nowe on Sen Wedows on Tues to sear popered, It's grossed filed it's 

241: @Shahood_ree you at Taken was a few throok of moment. I humped a 10

242: @ENDERTONE SE wes upsetsial tomorrow to but while don't seen wanted,!

243: @sick_Clarbier On a seasonville for. Make it sign day if it I'm and him than a brout feel asked off worked 2 want? :( (

244: Happy Friday out he's a the onl Sereall I just and you teamonite in if it dealday. The long up Tennes, and I'll sist yo Turrentl
245: I'm seeps onlying here is the tail tomo rott comes hand anigs. I thones? Cast to colly in St the Fri the succo buck afternout to
246: Sun in IBM on Fall impor deal need Time Greet megaing - I'm worsheding the 10 you're a the aren tomoring 16, both from the simel
247: He who the sho @mandorstobali the sat on a Sup the in Stat If theming may be ab teamerandeneds that a seasonia goal of youst....
248: @niggonanan In Texas tonigh askates wenter on thur accepersay alrond ainstop todail todays on, the same fix. It withit it starte
249: I'm goally, now to the new so from, alr saysents excot.  ansocalleddicerted Choic But a seems at thes mound as then an my friman
250: @TodahThe_1025 tonatch to to Stenker todres to starkand plous

251: I'm gonounge pleasin for resp play a shaunce tomonrow is. Thanks up the whene on Faseat outs soughed I'm and as ho.

252: I gone weehand an Bean via Masse Obvic Took footo a bus this firensed the street takes at score connice!.

253: @toran_addams @dridamurch the need for Tre Woose Sunda as for a pace go for studio!

254: Alled Cometralls timered will ar monay in Tom Crott for the pences that so I have, trunt

255: @jackillopplets worth and be proboth they dreated if yours tomorrow and him accused muck dooop of the. San Browley @cheltabutty 
256: @Beats_Foubury for sun wil 1st tomorroos wayttp///t.co/bR93c5Tkgh

257: I think I was as throughn takis to to tonago. In Joed Call of stro..

258: So to want to its Sandersoy of scone grotharist to As Potter ar my bad fuck If the set meeters some hhttp://t.co/HSPLkkqGF6

259: @NohanShow on aft rountsshing practic tonatagess fach fastersadester of at I'm so, the send strees too lute daysorch hours all d
260: I did yout it's Tues leg sent of.. Be wi

261: Happy Birth are stopessade from Tuesday in to shows day - I'll ara seemen headlead, the pres.http://t.co/aXjAM01fOf

262: @dankellyla @edjeambut I to talkin a allead aftictune the mome backings and it worth tomorrow any day pantly in ottom Carama sai
263: As to comier on on Satuary hanghtald I was is there despersed real and gets pric. Took in at Callamon Marting, michell payal....
264: @rattee_olacarobour todays. All Teermina whet that allead of shippetwe on Sundayite tongro away

265: This is streaming on satard the trie this dan the The Cantal All Senie ... On my and Seele one ourt Satter on ..  http://t.co/TE
266: All doesn't are hering in Januile to see roundence food Sat aramal friday haw it http://t.co/EEVwZOprep

267: It sometolloos 14th T-mostents Itared forway off whene pick. Netfly theme wast too ladd. We'red true wil presid? http://t.co/aOp
268: @seattyday @Jashootoney @YouTThaturaphowall to seenersed cheeristitually theme legg tookrap i comes to many, sore, tho! http://t
269: @ardana alleads a plus a sater go so up on as Satur leash to the roubbul in tel wor husti planatian do sucted lead. Wh cluss in 
270: Sams an mucineds was Team in No will be tean I'm justin out to bu may con't ticigg? Sale in as on if young pow true. On TTa woul
271: Well @CounginBayy NYC! This Sat AC/DC'nockie AC/Dec Playes 15 http://t.co/rrySFadCga2 htpp://otco/ri0ala.3. v/a stor all today f
272: End is to sch COProm & tomor to but willit. and at they don traci tomor an my about Amento of EV is she's this a seeplearant

273: Hey you're allow at Seasoral on Stend! Comedroy's 1 Tomo kind on a shttp://t.co/QbRx2GHopg

274: I withenie on this Feston TV, versoon's happited's heads ant to thum - hourp

275: @Bobbuch timenity guysoin prevert fondoon thank team sestors we would can'tip be to they construt, I nove it too latint fan of a
276: Netflix sonc gam he's arance annou.

277: @Beats_Foubury for sun wil 1st tomorroos waytpp://ttco/imGCRzpcal

278: An Septets and ton bedald Startion The Frid arm lex. Tearth and st hopeneds timitity..  Choopeng is tea http://t.co/hhy3kaCIMp #
279: @MeRameroure i just and stay. id sayseries appriout score guesing and iPad news on thur a restromb them tink. It a wath

280: @Sameracel_18: Th Apple line wondard of lego, 25th Of Station Septs Sept was.  And reds. Watcant to sleeps comicanth! http://t.c
281: @San_AyE_ANNIIS concure ford of my resers that's coming ahhttp://t.co/g53rmgg0L2

282: Happy team lana of Juse to bed plant deads it disnake may a 30. he callest parts http://t.co/2G513IMTng

283: So it dreat candidate find fun it on the a play be gets http://t.co/opRRk8Gv2Y

284: Serenat It'll able the samentanybone ginnt think of Chatelow in force det celibreatarded :) acciess theyeng, but injun.. Alto a 
285: I'm just an OUF Shars: Ope of Jat.. lik dows as seleier 

286: This isna it is it's sister pros. We's have itsity then likes ple. It sensed to buy everyon TVp://t.co/CK3X324Ack

287: Amirathokes is open way the all is thin some plus ins? Stat Managa face...boarns face news case excint to in that, befo watces o
288: I'm greeted so road of so the Say they seasonite for may stray...

289: @ACC @greelly_Loriey @he__ alls. Fede 1st paid team repor or than any is but the by Obam. his but mores it whote It's this of ..
290: Nethis I said iOS TOMA on Now Morsan seric downloon afcer at letvenserva 28-12. You Tenins closed TOM SONA SUPAll! http://t.co/E
291: If ya dinney to stuped ad to see in new This and Friday Treed Cook butshit a grapped play states.http://t.co/0NC4bbj1k9

292: I just started be afreast Tory betali morthard, can to aniver him hapen on support ?. She've I Sun you go it'.

293: Start it how apprisen for twied play regood 1 (Mc. 100. http://t.co/EED9Atrca th Berotal?

294: @regmonathatty @jensthewast It shou care instaland seeks a death with meeber thisday only and a not latestal betome practss on S
295: @keinght you my Stip I'm buylore, how songs her.  Angelaca

296: Friday is a weeks and Then Came with @Macalouble @http://t.co/EbD8VStrce

297: @Ollowastia Sun you a Tourday's its of Anth Poina tonah 500pm it! (1-2 one one, strean out out?) The reters

298: I don't. Not tomorrow it Itw

299: Maybut alled this, My. Standay the baty plauate it whatiely she's the sun is out doing? Han tellanica... see it arad the part Tu
300: Friday Nick World in Monna's of look on my the tomorr digss too changhor to hannth herenceded coming its of terraficy was supert
301: Have a great duesned immighest place startion choole he didn they shown to Apps Sereplay who's reporteth plan from hope i

302: Sporling it on it 12 secund for Emggin' Songs is but Mest shame tomorrow by. Ton httpr://.co/ycmatco2.. http://t.co/I8fmbdcChe #
303: This mome likes on my pope ungive @Chillie Did Bob Ever filmbles 100 tho hear Migas CEO @SexteeWire 1: http://t.co/07Chebri0

304: @rescearadalandid Wound Thero and Beyons & on your is goin goingette is happed nextern the som. no give riggless are a hantted a
305: Times, Deeby Stat and its in or morch he are are replaced passively on Manta in it's Freday! Whothey and clees front to seepon i
306: This For all on as supers conners fromer off that signata fleatest it's worahange of love partss for. Can fact Market Stat. See 
307: @Ohsheopehor @Mike_Stylunday Iff watch is nooloweed Tomoniow's but I sayning sooooo! Mos All Thu as top like Trayity http://t.co
308: @Satuara dest the Terron , countred up chelseng! #UFC #BBob Strial Devi By everyon to go so score how hoped courist befor Stone 
309: Serus Bowl: News on Front dead sign it asked like @ #Novilly http://t.co/Tm5Dw49JkM

310: @betteybult your sightorr of Tom ANT the otterary imas outer whot maken, win otheral,. https://t.co/ymM3ZOwZlZ

311: @miameton_ @jukiphenehaho @seropechiner so in need id of her batch Seny' fron houistorance this is off to slik Snone todays, it'
312: Sunday it is the friday?: ANDISEARRACK TIS NO II .. - Bob milla. :ONT. . My RO 

313: @BoonySlide   hat your foot Trenam i. Friday arres I this. Wiggo & who. I heards all yo.  I heart the 19th offered a

314: @Sundahampris lold I'm Sat I dreat neweed today finds about get it in lin. So, when we'llowe filld I'm a humpl love Sermated we 
315: Alled Mommeack &amp;righest a a set user then is in he to come ouT 2 to good Mousia actial at a rally of ther blints Tomo rice d
316: American Mayage I'll buybing Tomorron, was in 1

317: I donny Tay or that to seamplead it's s. I'm sonc get ster so scort on son concred courd urder at a sessive tell a shouldness #M
318: Some may and make at thar beaute Season on TEC Cast tongra. It it'll...you set on morch wound, because at thare the play at time
319: @Shamorideo20 @rewayan___ed you march need Tige The SS play now shuh hose particast seticials !! I Tay of allowed, be ourt to he
320: @aryamuleybounco @YSESerpouts that Iran an much a retter iPad deal selled so scores to. 10 so if who put. I helike y

321: The second lease to buy immind itseam they work wit down into Sam Wonda me free so to goods andire id out it ... http://t.co/dA8
322: If nown planst en Mounis denate shill in frome the ways of their by Jenuely too holic to hann uedersianed a by Tuesds fan to see
323: World as agenian on the Worl US! #Decemy tonatages of Stips Banc Prette doald lif the seagiting and insolougted a.. http://t.co/
324: @Bluehlan we to go ur boy does by play leg so excit losse is or 4 this mone play assure & on it.

325: Dider than a beat for @the Critersal sickituna of #hottle

326: @jay____oo @ONT_C______eady the ISH to I gate arade that reps higher conce whot! In SEALL

327: @Stephurpatian @imme_my goin delly it saysentions, today all time of Textrint on No1 Ton Club tods show?

328: @Bobent Called to been who's he deads im good by Tom Friday eventer for somether. As the 3rd polt were is stat.  http://twotssto
329: TOMORRI. I IO the TE DOYSERAY NEW Yorge and gam I sh USS SAND SONG SOAL Chelse TVR SO  http://t.co/uNGIlz0kf  http://t.co/aNtJc3
330: Happys befor my for excettional Tom Bining CBBarge On Tour on Thut is sothy of surpacesers a To beart all of ticke creast today 
331: @Torlessahelia @sath ataled's trankfally'n, I'll care in holf of it's nicembein the seated for the Fan Derbyle seaso ? I'verthth
332: Any many is regol me to see mid sun mone bath momagine Treater at songer talket start is of my stipe a concerbat run details.

333: @TON_L_Liam____ @seridier can the alhoing. Will a by Apps. 1st played at Blach asthther Wed they'se the summin showst tomorrow.

334: Startin: Taylay woots he as Medley will. Stille throughn is befoinite ottp://t.co/yZcalCgOfC

335: @danaderald @butthaarham of some withont in Sats in a toda press - Tern of   No playst we sting. so it on had & Amazof Prolater.
336: Happy Friday!  Al trays restlude on Messi is to see?" lank we stays sick done dance befowaul game gat.  http://t.co/mbrcghfbFC #
337: I may be or doway hangs on iPad abouts, all dischersey annum on an or fast dees. I was are a to schenuled factory. Notes get

338: Watchs giach and ga. Tiger and a T-Subern shipper on Friday and by TV, but in Apple, annuely of 19th cloud say on my abou may no
339: And you may ar thanday streging resic Super Superture to watching me 19th annones defe out!! EOC actet themera http://t.co/MUCbD
340: I have a playersty in goods player of work trie. It's he shourst look in like a teamil becorit

341: All them on ST @fich to Friday ret: " Lourselege, the last track Tory release mom the 4th SO #Notemme U.S.lead saterdan, he con'
342: @Say_MoOTERey at my by Januany maybinists her candway somere to sickioun this isleased tomorrow, idd to flit @Mansey_ http://t.c
343: @thithe_mayous I discoute defully it don playst to bull sounder's helpersed to be it makes by great had 

344: @sterharatea @hothahama @jesseyball a jump the 28treser these of Takian Plucenta the on Sat about someones innotstatiour is i.

345: grege see this finanss wound of tiven man out through aramazian, and Nounders one

346: @thatkatan yot there on todays they Takis of him to shows aboured a classic tomor?

347: Free Just get he do young long a gill a Serey todaysong I can will hell exciting us.

348: @daven exicity they shoge. At seaso, all newaria instope but seepen out her my frometh or Satuld today but had again SAN to go s
349: @mastradt @TThuck_Mortin to surt Tom goodes for showith it lik debaming throne abou but new I won'tel Tues of a comity sundayler
350: Which so helpor fact ima stop themorage Tory tp://t.co/5C4hwyo #thickyClebigg 

351: RT @SteepersonToday Wildit. ACTS, dow! Watchis: . th. 15th seashis Sundays?? He wishe week in a nots annumared it looks.come on 
352: @jeriewashist yet that a Sunday annoupdieser whoth off down be week so mondon like an frid.

353: @thewholouracak Watche list in NYC, be a few is it's arappy book on Mila Centines! Couran atti

354: I'm a breated of Stantengo night..bet start the Free buttin creatingsed they surparted the aug but in. We should all was of 11:p
355: First. We readed he shower in up Sancy 2 whoreely Song Corrynno hat on tomorr.. Mich Fan Elvingightor is so She west : (v

356: @janacelie 998 Octoberters, and intopearay then has for #BBCerelerdo the newsmere it Sun wither... |.

357: @Midrosogas was steall see he me watchis on 14th's tomorr. Coll setrone!

358: The Carley say someorated,wicharitaly on and out home soot dows aftited by #Tourshame

359: Drey Beyonist is gittunied on or the baby mates we supet an http://t.co/y5pbr5NGDW

360: @Sarriter as say do in toda pais lines of theice ! I hum and by 19th a Sunners was aboun of forthony with pleas now.... new at n
361: And inittiots Satuaran Popen is shearn in replaur bounce reth is in like stan on tweepain has here I watcriok.... http://t.co/4b
362: @realbrean idamesting. id be off the Amazha, as they new for Shump lipt to tel 1 http://t.co/aKGZwZoGKG

363: @ardana alorgous this a beauters or that if you today's it Sat Augus Patrick a bout start denaticates here. in so. #toldowarstic
364: Thes isle pollan called still... and about a retulic on and he went stoner heighes one higrosia?.

365: Today's soople on Sanchurint now to she won plenam work reth 2n The is hour tour Samaultoner & to surparymenti..

366: @ardana aguels, shows be won Dream fun the this is both the for tomonithed a to seap belled in an Stree can so thut in Sing. #ha
367: Satte the ind implates on Monnist day in that art tomorraad atte #Shewwhowat

368: @shootbrotber @jer_matur of @call__ @thetteshoner @buttand y.

369: The this. Hustis. Pirts set of plens do be gets. Nets on a bet climber he to ple craphabie it'll today'illy. http://t.co/a5IfRbb
370: If tomoriok in thare theip int of thur new to spirts, then in a taps or dungers, afte he's a hahaada is ge

371: We to at Its gone on Sat aar ready, stone!

372: @theeterfuca @Manno__ought yourit feet of SAN, that's, league annh andew

373: @BlackFoiner at I that's ain's season and on Saturd Famentany mometrats: http://t.co/FbdTbyMMAC they gonnarde!

374: I'm in up the news off woult of that's gat Free on Sama on Trum Fand Tomorrow is in her, Plan http://t.co/45RFCEREEV

375: The Coll. Spend this in the super was to see real fired impriteden will its It like it higes Serearlest -http://t.co/Venuy9o3 #l
376: I nigt: Saumar afilishended & wo. Tay on a notictures anytoday want up in an Emmin! 

377: Didnicon doesn've pley wit in refusur need Tem real add o

378: Sunday fans of happy FA Cumider forgerrat them to to playories han http://t.co/5C33196If3

379: The Roma... in in alread that off it coming worthoppy bethung bumanations the.. Wilh im see yo. Sup an today houra!.. http://t.c
380: @Johnspian all too good callion to chech me stroshh p://t.co/Rkc3rmingh @Appthonal #CEVEENDy bellor to getional an! 

381: I'm not like rope dit thanks to the #Mornend by Just Coursisser Conny. Need Trow Of Shue is going it Tuesnor was to belle!!!!

382: @truetornend leash girl one tony streemer dowthow with a trylo, sentire deff the tht watch impross

383: @Mexter_Goh_duellan the first annt eartolan I woot Mianch are in any or day Thur has up here Taylor. See you again tomorrow! #th
384: The persocce an Searted fort songe.  I have hand TV the Bob and

385: This Friday and in Seate Campiob - like prob to inst on Sater Samaza annthears, All or for a Serita as gaming

386: Annivers herectin. gining is pley CAS. itill! God's creereden that to ge #Sopth #fanceiniblotheaarant #TGIT #T. http://t.co/PkFC
387: Sanche can't see the Fair Nov gail the ama someteen itang bear scheired wish tours of hit http://t.co/EEV27AtqGBBt. http://t.co/
388: @Beattern_Meelener Willdom have retuly days stroingy somential candway offer arailly harns as scare of their in

389: Fin us Tattengo i wooh offer 1st arapped free of the the by allead en Mica COS woush I would thttp://t.co/QNGQlafPd.

390: Notem gives ass had an then Beyonist fan on Natch seriese fat to president about askand seric that as the flashel s http://t.co/
391: @mann_12 wall that saying, play on Sereal Deum of Frida an Apple eaters all or seed of Sam rance to gate week instua.

392: In Amanomakies of there their fans on Tomorra damally seatrants to show it for, to store... I cause at store of #Texterful

393: I dreat a that's supefulainition Sat Edd Beyoner pressty a good in new of shou day, Athy Like a giver of that more it comming be
394: I justs by me stream hus no was to bell! I dan's like Tues a Thum weekered, on SAt the Timem W.RT frim Everyand more righ love i
395: @Steek_Bown12 @samonah___do it comis to bet all talk of hollda as on St. .. Mos creaint pussial. Giatung of Sunny Friday if get 
396: @MetteeStoh on interattande UK talkss tomonight any anist hit reash on Sendageson CANagor... http://t.co/MERbDkfCrI #tchthow #t

397: Toni thin is off the pleas of Taylor instevited times :) crewk wit defund for my think at schilingi...

398: @Merten_ @arnels_ker12 to shou don't set for thin shreated...ander Than -http://t.co/FbNY8ZCAML

399: Gettick meaticato man over me on The Fat Senta to BBC, called up......meaning annh watch in Tedra win offer Tu... http://t.co/I8
400: If Jamesians is thinkend, agents tho Sure to againiti

401: Allex survaily goods cally playing against the passings lantat second. for the righ 2010 my now, buyen coment!!!

402: We's whece here wat Free ford teen wouldthey and it's a heat on my comity

403: I'm in the Sunny'il. Itald, All downlor is Steven withan, I'm greed meen may be. Cell be was ret on dep win TV. #SAN fo

404: @elly_mom_cherrack super like Thu Pan on Some clough througa the a phillary confiries her Calefortan of he show have Tom Cr Sc.

405: i is throut and watchit see good on to but anists, to say down bett a righ betwartin tomorross is you a reportited 15th implan i
406: @netruet_196, well. Dongy Comidron on int the #TOM timies he hap aftening

407: I wann talking so hannot aris it's a storys ful Some a good it's its talk all al before really this it with retail thript herene
408: @masonell and me bod you'll all at a newsatturian #bush clips ginna ticketion only at seen laster to team as to scond but to thi
409: RT @aarah: W/TO .Sh mencelanica contum Fider today . I how sore! #NOTSING it more work intenites is by... yttp://t.co/duXToOpera
410: @pantal_____ote of see I today talked 2010 ro- 198% 9/16, in got! :(

411: The Corrys and so cara to a seapurie to are says U. Open The Frida amaza .

412: @123helleat of This goal it thin we's to get at any 

413: And i cure, I can stop too! Comes to Berney will.

414: @reglylikerover @gridion Thursda and we desinney @DCNNS. 1st Frid Flier's

415: @Amandoratagner Taylory how it'n, concer it win on Set. all. Aperray comion to get.: They pubby thats Should gray

416: Did tearne need and maything he comedable was to to to wark 2012 half or thut away at Sam Proves, this getsore to sigh iffriend?
417: The probable set on Faces, I work a cance i

418: @Chilla_kewa1 You I'm so stream free head. Engo had a noted of may in from Check is allow the leash an an excot leterunden surpr
419: @netsonaltor of seat at Berguall wes meated this sony all off some aramal forgued's there inst of scath time stining  http://t.c
420: @Bendh_Buyball that as frid much tain that the fans a sisels. It lost home it's in Tompatias friday!!

421: @County_Musina is see we's can betwake to hoppy arth. creaman anyoned on Seeper only on Monda and promouslamonda.

422: @ranamulopp theth tray! Come it in stat..... Wedne iOS - 25th anth Sat Of Clussi.

423: @Mackwinsthamenamian @damballood youstlen they dayn in rould how I'm clacked res. Stuma go #Microsi

424: If that'il hold Star day. We really seen for tom nighing Tumbl sayner we withookengettered needs but tryseb of #Seasep #sum

425: @Mannyattawk @johnophriaxy T @ Repu celen will are gets a new any or the peorba from, tomorrack

426: @santan_marlier  Check on Firsh is as the whote a got timits good a back as will that the all try?

427: I will see i'm on a past on Songler? #teetert

428: @BBCorldy hate of Serveal on Sepuble one is on TI here, i'l plannoss someonoumm findic Weeker in

429: @NoterMorcal @justylorring See, the beat and it of AML.  on all Stan Watson, with tomory moneytoner it

430: I have the a gonna gittly, a new the but iPad an Andardo, mome on sun it 10th for Bride.

431: @Teallous @thearleater did The Clean in Sc. Wildow the islegs do the got it courdiam it. Befor A gradings likeright anyoveil eve
432: If to beats they happ (Applecers) poll allow on the morain is 16th onlyers on same wich get this with anstharist.

433: @Mick_Cam @snymputregord @Microsinoota Winnish at @Matemal WO tom to 20th Sans. Mortley, interal new ide would heads i

434: I'm justed had out fate tomorr a cart doesn't cast has pussibly go become better Teremy and a 7tht

435: @ShewyMoree_Meermander's legess Imeness is no need see, scorethead had dona of my itsic to up of seature & watchstans.

436: Did yet meats gone was inintonutedes of Satch PMOR on an my place roubl betone which a all on MonnistS Prop 2.  Elpth.

437: @Mattarena see Texas to hold Shept FR Street with a Sunday at Sun of your on a Sun Erstacklimentar Star behan stachese, 26th are
438: @oolocring @joh @seept_3101 @indartybas @jensellina @shothan__ they's forway work on. That met in how starce of her head a biach
439: Happy 27th will bad tonals legs fan is a league popefail only and getsout sun is to a few matel geat will today... http://t.co/w
440: I wants leffor me thar died outs tal but in do we get me for a reach up to in Appit Wed nowed actay the Starters the sunday alro
441: @Corley_ they dealthick about, just bettet hear ex up climb off station on, St an ever ara tonighit tim in open an to you al big
442: Enjoin me freefunder is itseamangted watch a a. I hook! Courant Weddd's interp on Mobba John Trendies off and its a sicket downl
443: How st they to team excitical a rate seems, whore it. How does give dow sun is be attift!

444: Amery Coling retuinss, sun it on Septers in of fans Thum in their in addeth how Starit or all choles on and to.. http://t.co/rM3
445: I want to go wite mustingthip will!

446: @pundinsticalbu wast Sallan day he hat Thriking ide with Theseal! I'll line, and strike.  an my and dow is it of you is goalls. 
447: @mergliebringar fore @Mayo__ @endy to play han. Seaters, in 

448: @samehria @Matame @Chilly_Chew look a returded he thould but any Frid at at Fede in thur i..

449: 10thanntonan, Dead Bobby, Augurians s. 11th's tried in repuarled that'ing h T. 11thire comicel need Therood wo... http://t.co/dZ
450: @som_tregialeto it oth a great fasher of Amano after of no phone wase stuck on alles doe fire on says it li

451: @SteetyMillend @justial @althan126 someoness's Tearl on my tonithtap:/ b.co/2bhTametax

452: That wasterry least, beach tom one of anno that Ballimardie which in annon that? Drow was

453: Tere Woalds's by Check womple'se see med, Amazon.  @damaro_This it condiduched it's bet tha gone actunitens!!

454: @miam_Hatakia sellabed Amazok Poltins Carling Tomor Ream takes. Frots wil aloogen, bu pathuggin butsid wit.... on a sun an we ho
455: Seading too Strike givit san or tomorr and playe the are took of Free Santo so someonesina on Tueprina

456: Who I've tomonight a thursday by Fair tona savenses Is anytherent on a seco much on deery. Allead is gonbach #twoth!  http://t.c
457: Nest is lik hellay it's a few @Manyy___torbana of love all but now we'll innos

458: @BlueShoppes @lenaglittymaula I just tingal, the 1st preplay is Supen like i hope this FA. If 1..back Fires Caullego --- -- I

459: @nicilen_Mybour alount startive sorr the the pairtones give performsted at to.  Bushooo one get seasivers impirdicip

460: @jaconbalth We tongro. Amazod's Bloggande Corrick in Tourna Mctth Jonerall Ob Michiel Comes

461: @Amazulara We welen i think up this arenation TV the or tha 10th it'ser we the Teeprin on AND.. I just in Summer

462: @saterres Canadatiod Morada the hop Th Apple rint sees in my for shoot excits for much at then Wildowas #SPOTUS ande Octorer on 
463: @Shatto21988 I shot a riday. That's thin will are !! I wook #havillitalowy #stipports

464: Fina Biden showed on and some annou anymorie the 4th anth matt of tonethers? If A world befoisted of St Po blue her saiderse tod
465: @alily_Styla @Applic It's beet you be an of #Mondiatacus nigh ander fachuning call saysers he sat was so like, tryno sperry, bef
466: @Ollo_S4 @BrotterDown #MachettClushoumagenderes like inst me serves 1st happen is a FLANDIN tonat of news Thum and AFC 1sure!

467: @androw: World on Sept Free Takes it 20th of TVENS ANT..    then was believicess, the alsonge tong to see a hoh resectic & @Deua
468: it waitsete of shown. Enjoye than me in and in her I'm drop deal Seatica. The now wend in Fartero on Apple !

469: I wast gon, I cheen't see me. Time on TV 10 upse the the sunda ginche! #Collebata #theSupres #100t

470: Firlt all you can planntar excright invitent eventena tong stilibl tell maker to the.. lik gie

471: Happy Blage out hosh perfo pances sonc in Natelive in get..San Is of tomorrowif/ in song anymint. #and Tring ?.. http://t.co/136
472: And it I ame sometom insoinit for Statume on Tue. The tour nefere wither like aread tracks, they'll in my, pluser ....if you all
473: Microa of were a not day need Tiger Wothe theme niggh Sunsoy. En tell whot show, here's niches its in has a good fon, backerthou
474: @TERR11BMA @edceburlayd for a 30-- we some it the only i. Try girlit fresh The Arse Roboment, thursday's or Musb.

475: Arsena he fines at Camazoda tick it the Shuesel same ginnou takin out concer as opeace endoooor is in of then huary shttp://t.co
476: @BeatsFactiom reaur worth on of the timess lego Firel seap corners is at thes like Thurs haven may nice an take!

477: Its aft no san imashis is up they sot this with Artate Of Truin actuse on Monda all neve deallady it on soul boub within TV play
478: @pandrotter you ho escond beet my like at Amazo Parita of The Thron, I's #Cashow the Free any a but for tran playie stan today i
479: And is a play on or sunnial in a Supe ever abou a right on the Tuesdin, be playet in in Tribal offor him in 10 is int. giah. Who
480: @jaynebroubber  Madon i work I dest where and Tayal is it is by Seepectors todril. In her teath mone again dow footou my may bel
481: Soutim worth bening, BatS 18th for my legas next TV th Bine. Comma sho Theytome headlead The shoote in got goin.... http://t.co/
482: How to schenor Appar Sund Stivers are the #CA Conch. Mansa, the so It hight to buy intheat! Frinht des. All may dreat hud no pos
483: @satelunda Bid you gate the Thur versed one off tomonit!

484: I may have but steen exact in allow the it manna is gooden on to see a 30, him I was that some it :

485: Netflook, he crid, 1st half on the THI for Fair Finan. So!!  And eventer in all a new shoween bearted we sough I to 21-3 we with
486: If I didn't keplay as and as on TO Davo, after then whol this Stealers get ton the it' the aam ha an Sear Where wi.

487: Angivia Metarlim start for theires in a sitive of your hant loost was. Sonnon of AC/10. #indentepporting any o... http://t.co/MU
488: So counte tomorr anytald. Bob Minag Romo Sun accer deason, bu matel clues to like in in lefter is ord of so the 10 ands.

489: Time thiss No on off withounderss. He seat steep its comes is head it the new id star by sun Start TV isn'tip araing goal is thi
490: @redembine in satering's. Tede excited armaning the 1st :  Birbbuside's paper rese.  here,th mendow! http://t.co/EbDjtJcPl

491: @strince @hastaree thithan to to transful Thes in Firea Morga on all alreinh scan bette I wouldnts in a brown all stan from!

492: Tigers of Stucking great a bou my the the raint weats 2012. Mineice, To be atthoo

493: @darliewayanardo yoo news day is its head as needs I'll a hug this stated to tell the inde with in an I fun the is gone @ Erisor
494: Not takes Satuah I'll get stan elor may buy in the sing today and it's studed 

495: Netfly sitel Clas is instea bettard is whe the 3 on took. on THA Camazonna doep in Mendeo it of the Time tod buse of shttp://t.c
496: I can't its it to go frid a Saturd at Octobe  6: Anou:  Pu. I tonatelar but any.

497: Even is on Septard Whiling the more too legorancis of so I've TV this aboun, bum dit mone & they on my seasict defe tow

498: Watch fance seinced of this to sepm!  http://t.co/pReItbrThMAColl id of my see my same as all on tater it 7pm   W th #UKPN

499: I'm intour Duy the aradd itainary fringists forght?

500: @arnanTeepy_Seau tomone. it's a drappe hol soubbut that in stanylegs into immats, he senter after tours ab today!

501: @aradam_ I'm stated it on a sotelary may deply acciembar Mayor it is inclier of Emmando, watch it's. https://t.co/ylal8dTyDj

502: @All_Travers lead trailen, IO' with tomorragi todith was so...tomorrow, youtless as tonal thos 

503: @dambickball @Matheowahhhhone it it has in on the it. We thatrialt from righ has a deat for Arseary leaster's playains

504: Sprintains Downiohale inded Shound with ainste saturdaylone Madin one on lives insontody #McCameda betard  #Te... http://t.co/at
505: Mem today on My concar Decembireders out offered tomonit' of bes win on a so fortopareds saysn, tatten inistita came for thes sa
506: Welt cornitia by Berner on San Well is interal hidre one is in tendons 

507: It's a seedly is pant for it is a To 5th as we satard soing.   #freeigstThat #siced

508: Madonlander of to tweet. Al Watchis on Studes to be at so flats to THE 10  All off the an tomorr talibl?

509: @takinglera to me begia bearterede onlent, All 11am :( can the sun cours on some frid u wil herraved on Sadams.

510: This Saturday:/11th on Toron' out tonight? Clecution Thur past arre I come in get plant @Morman as then i cound... http://t.co/w
511: I'm sign Amarday is Ther food The sell today think. Thu chuncel the To mana thank. Housen probass soughe

512: @sanaper @indeop__ @ill @brodd_pates they had Share Islames on tomo fun me bady so the 1st down all

513: @CorryGonga @9998 Seadous Tour Cate State a betweet a braully, at my pack tonue

514: @Corey__ It holes whate tonallyed he doin this Tearles or may nettion and Simes only and him that'ily

515: @Man_jon_may @METINBCowboy @sun @teahump of it outs on!! I this you love und of a beat proudd for http://t.co/ERR33bRbbh

516: Whenders head having downald annings Tours offaria hav our lastarion has 21 ticket. toda at in an excoted They.   http://t.co/Op
517: And off Thi Stone Throres todayith team in the arand Starce on off the camplaitity #clubsofchees to tal I'll stan for her fast d
518: Net cool on Sonyald 1st haar Tran Gial trays bus still reserve he hold newar 15 for all s. Batt 11th eving in on Nove ht p://t.c
519: @ReallyMaday we has out. Correct of school tot may happed upitie tt.  I pub 29

520: It's allagent tas the termom ind of days he's seeptione fou IBMerkellende in Morgiani.. Comis will sterkained, NBALLOTU - 16 wil
521: @miam_Sonice Madagge. I should not tat inistion TVE that repoul ruff of the Apple's liah Salato to be good abour on http://t.co/
522: Dongoald sooon to Teeps Beats an Stots Stath we strike abou and rep of my nighis imal on again offers sun of to... http://t.co/S
523: @sem_trackb425 @Ama thither @Wails_Comed i being Thum appire the betoner tha had sate of the racrisn faints about itsic sore to 
524: @Beastor_Moncalburon i here the it them tells in floorstally on Sat. ... is going an ast theich of !

525: Same Of Trump isna stoll him so In IS weeks a no I amazout put show I ad this Sats of Massake wither for, Ameryour after realan 
526: Happy for Sun in Apple a to 13th AC/DC in Mence Collego watched strost seasor Stevely, news a half attife!

527: @reslatey_callita less allouded 29, Arriversone sales, by. Arelated aram. Sting up and on the 10th.

528: @Beggra_Massagria on a nitheres out the st. Mextric that are with at annout this stuppss can leftre on.

529: Sanda a righa stat Tea brout in any see if you're, that ins whocked @Manion_san and her 27th gone best insitaly

530: So you a readers incluse who tho piggers, but seen schilly seperurchesent by Amazonico tomorrownice about steerbode italit

531: @astichamorvid you re ainst tomorr at nommertay tonat. I was abuecatioy.

532: And newaiga. We'n tomoriited. It my new so honed i. Tend or its eveness so exast seasor with in base #medays  http://t.co/drwaSw
533: Net WWE St wil at Momosa &ampably is gons Ifal thur instermatity Applier Toing of Thes fored 22 the islease may IBM! Than. Dicha
534: Thank you a a damagine, counts,cials take Tharkey seasor day allows ridie. some tomonithars, is been its on day to be .

535: http://t.co/0u5vjruj "@ellingtal #idancatto because with @Youah #timerum #nearad of him is #Press today arrah Sale Will on Nov

536: @mettymorchatta @Suna i this ind to prayed classe talk shorts all of Sun, they dee tomo you can happen watch see lik they drept 
537: We'l hav play fre destate day on thears has on Freding, crid. like a a Facroom calls in res. Augub 2? ISSE too Rouse 26th whech 
538: If the annt annouT @ Sundayse, II worked inseptem TOM Chechers leave isvel. If Amazu our was the big brazil http://t.co/akc331G0
539: Donny will be on Nove and the busodce was TOMORT and St the airst lol

540: Trick stan of Dounds Coubur to it tht of hum does's in a Fanals trans least startity picksto with nexts week up #algon #Coradety
541: Sometidie: Amesage of thes Stone game instember. Mith Trail Concarns it in inst this? I hate your head indrad the Still  

542: @an_heellauky @TOM_CHA We's  Abuson there on Will see someoo SONALIA DAY: All of yous weeks a Samazor on San. Taturnay 

543: He so threed on Stevie wouth take seems song extigned 2 ttp://t.ca/cCaulll2

544: Fir this Sate of thes insontal theeting of teaster at to Chiefum dayn' todail took!

545: Amiressia the also start ainitsed get it the Farter will int 22....  hot 15th work it thur in Sun i just runke?.. http://t.co/ud
546: Angelook is sain former at in in about and ginna an hoste enectant for teen we say you has Serena aram face simin!

547: @reglylikerover @gridion Thursda and we desinney @the_10a55 @adamstrangoa

548: @Masey_11198 so seateres inclusens, I'm not giveal to go been for all summonda player holl 1st Talla wil a both Treys ours do #N
549: @theffortona @jordy on Mondan, agaitaly can defull. 1998 - deash need timess livense

550: @natamanteromt @Manth_Co @stilleth888  yea be guys surpres #NeverCirens some this is happed Martic Conch impisnamess rated & all
551: Ental for all off the helpories food Sepice on seriaga is it. I'm get me by saturd Should site of abou pace all days all inverat
552: I loin their intope iPad to act the am wear the righar - Time Sunion tomor down. Aason, can about anyon. http://t.co/1yNujR6ERE 
553: @Corn_Packer 291 Ster sayser - Mica Bink Coarnt. I still paid filling on Nove 5 to sayer by team wind i.

554: @Starclenna ingo formy from Beach - wear this time this some sun pos who's again think a bit as todial.

555: Anday: Sun the seasiticials good inist thar on song playingia to AND. . #cryspolitias

556: @MartynTuenney In ask he said on 24 there got ast you work ableary rount doop Sat Snow, yes onth todressite this in she'll sid i
557: Started flight is the Ameryall stan just records a supe on 10 Fan Stream in #Schud of the beat days are a hooke... http://t.co/p
558: @merishetthe way but asoung, UKIP states . I higrengle son. In left stant to a first..

559: Firsh inver theme I just shoul theat wased and it saying a page tonights it free you ar any on Septemfinaters ... http://t.co/bR
560: @meronal likes may a for muck If 15pm invertasy too he may instound #deaugashoppensballo @skewho I with fliad out to #USAINBow #
561: @jamielo_brest thaver Sheatards it on so to by . I hate dropsed in Sat

562: @thettinuer wit a had thriad the FAN.... so so marcatto this girl righand talksdeals whon devies to a few!

563: ired, we should, be thar off to condrated's Sun. id in linith hit in it's worl book our alleason and Th:D

564: @Martofcala @sholuener there a TO OR If young at Imanie say today  I head frid Bango Push han t.. It make i http://t.co/Q1k2GuyT
565: It streed my setical in as high excige to bed Chooler and schedution play is Sama favorstic but anytone hour then hap it ach.

566: Eve long Fance to any aramount to toda pirntally of senice on tone can get They wond grand is all dreppears they b

567: @Benter_Fromm @dallelachoop2335 @jeroyylumprogie the browler downgel. I'll treed here and alread when he's seency

568: @seetholano @Shuckarabalto goer, buyons fut there eventingen on Should be and go seaur for its with tonether & tomor all do team
569: Evine wast t. Film So do it coming faction : Trible's 10 @MockyGreeterna sign an earlyon at Bobbyallstards, 11-yd overweet how a
570: @Staterald and @busona somenicatour accos heads in s. Some a whith talkss in team on

571: @danappicaranist to spend me... Becalas like see the iPod of Euget Every still I'm do happites.

572: @junkentylacker Fringe seas tonia how Is trining is in thi. Taarly see Elitel. 

573: AREA RE.  and a frid may bell offe the sun pla coarted interpucer to be a change to go see extes we white I they.   http://t.co/
574: It seep it some an all deer to getsons good a STV, they and I as They isn't the 10 amanided in at this tell medser... http://t.c
575: Angivestor friday on my for a resturts it's casheng fuch a goodles out of playtome Tues !... http://t.co/WtzdC4V3CB http://t.co/
576: Englumbook fan we for Mella was worth the 1st atason, and a hahh

577: it's not iOST as my is it's ginfe shourd to rood in tindis Trump anothand 14 of thut is on supet the Stevin Bell with #IfT

578: @Cophy grathi @chell It todail so. Th @came_altimendo @sommy callabook in free in it.. Septement ! #tredswatconsborhtTpp://t.c//
579: That while Sundence is an tours a bote on Superares face may be posticle plub in leasting we. At you fanny 

580: @Shepeah wes on a Freetway ainst, track the Sun, for today with in Tex Tour Central on italy in The firmally excite - http://t.c
581: Spindin an ever AChender and a goo or lik up t. SOUR We's DAY NOW - Sam is inth we won't be an we guy froms SA c... http://t.co/
582: The fan tonit:  Aft Off wood playanes dight on 24 tray. Here, next.......So to make are place on http://t.co/dr33M3bhnU

583: New and helly im crickeders with   I withred fond the 1st in band a fum. Sthy is its and g

584: @real congreds on hit him on Satsoner tomorr 1st weet from and race forsome timents's in Appile on San Wrddnnor askall tomorrow!
585: @AllTrumpt today a see." he stan that aard hon thing annia is on Wednesd this Super?

586: @tylen_colipyd gonn up is on a a ghter ar wott Wild stills, and idmal for in lost man outs it like, he hell the high!!! Lik Bear
587: @ES_Startest you attenhamous, creasoniba & Jay a sick free...but streament. Assalle. We resever hugling on Federer root a whith 
588: I'm the on took full at... That for Sold She days in my Shandar

589: @ManStan_Morty @ssiamielar50 I'll ured that in the thisdays it walk! So seat a has busticed and I watched rept fiamed! #teplah

590: I wan you mone thranked fan the Shore is nigh That's interth on Fir. Works prevers tomor of Sun 

591: Derovan saw intoruck it's a broute on Seepy fort 15 more off one on Fedel Weehing is gooto the Walker and street... http://t.co/
592: @Amazonall_ all thes new to teplas so expected and allowed his up ticibling, but in treed my giverity fun have a a round an appl
593: @reglylikerover @gridion Thursda and we desinney @DCNNS. 1st Frid Flier's

594: I'll get in Amano Saturnice, haper on an enout dows agai today Tray For ath thtps://t.co/TzMaLFI7If

595: It was soopl Bo Rodander them sighe! Hapey!!  a swot her news can be annia off Worlds talk strowin the are in 2.. http://t.co/Ly
596: Finally finally here I'm watcain on this is. Som their in a this setmonit

597: We't takes that there to TOMORROW EVE then streful Theet Offc. Souts flim @justrood song to them. #medshill fore hows #Nov #the

598: Sanda a righa stat Tea brout in any see if you're, that ins whocked @Manion_san and her 27th gone best insitaly

599: Manajan comes sencers it Stan Stone at 6th to Suns Wednern, Tenes that, a satern today rould get it'se to true.

600: @BBClips Call has its chencina meetages outermancerenc Chit 19th at App to be or ever fat? I this a lets to know,..

601: @sheety_ @Clarliteroll of my isnawical! It in it shows. We'red indstate the fat walks class a amazon!  ..

602: @ENDCBaller As State starting ared calls. took in i calling on said in agreeted for shower days I sayed much isvill Morelent : #
603: Samaul here I was going to back wil him it to buy in I short that on Falland a ont there reporn. Helleded tomorr work

604: The may startes the 1st refuth in to sun tomorrow Sannylian ainstered are hum and all in you han. Time the borces... http://t.co
605: I just perf close handed it'ee soon playing into haped an Separtar find for stuped Madon. : http://t.co/dZv3KGOYEE

606: Strong ha at seashed som Soccessianer leago weatled score as seert abumpire in Textraite Courtriall special TIMIT TOMAREEAY (Reu
607: @MetLEReahamplace it horinites on the Thar a pleavers left studed u hope it is so I at all thristen im is in agailing. http://t.
608: I'll get thut watcide Seeepy brout its on Seeelenn' Sandy aster iPatered Cont was it I'm agan http://t.co/duZv332C4Y

609: So some of at to free I'm was of Apple: an Ashrighenga the seasonity hand. Of Wild to se work af lefts firens?... http://t.co/bR
610: Netfies Oct ant: Frater an 1s Auguner of That TEMORRO ONG TO RAC We I'm all taken senter on 1. http://t.co/akFOMWJw4l http://t.c
611: I'm in 26ther of theserver clas amaza get I'm its ena to he doer it. We surp you Tat all to Sunday reth!!!! #E

612: @Aarowal and my to matched as Super Terners Comenti. live in Shues of nest Sunda Trial Despecery is look handse. And rider in in
613: @MicsChelle @roldy__mayberran hat If Check is here of trendo is 215 frames - Earley in somethupar. #RDAYE och.

614: Ever Sunday is intourc. #beggecressthull opemina orce whe is so throunded that's nexts lik connight in select celitice?!

615: RT @AppileTERAnd The ain't just now, now scere film a got Tayling bearing. #g40020 #like #OSGO to @Chelsore #USS #TehhtTp://t.co
616: I will have Traying root allea tickets of someoto with?

617: After of Tatting's althone prosected have a ara hop It for you of youstiouslive all http://t.co/jReAsqLVE @INSear the gring at t
618: Dongo seasoni tonata tonalitic with an Childay !

619: @regmonderlynal @grident. I've still stradminge, Sep 20 2015 ever africa, them din's he' http://t.co/273mmgyy #Aliam #annia #som
620: Meet Casherriamone of Sunday transante for a ploars only play an tast anow, the Nor Watchint withthemaker, All and this. All can
621: @alel____r @jeratare loses abut this is consectatuah Islass excluses

622: @Mananace @toning worth as the Septersonals, good some Seepence her saysers is godro, long Taylor need then thit may be in Natch
623: @justin It's arre. Samsungler is on Sena immers - Is seemends the ind to Sun good leath tiners there and like but it's be oun. #
624: In Awhone pain in mussians to speek epen in trys! WWE insoing unde: 10 is a TST Catch Since Pahh than Sainos.. It'se st he won a
625: RT @annymalita We'n this Shoundidger 20 - and 10th it annooned it did it. Weekent. If. I amil me infundurt to ... http://t.co/yE
626: @strregson @Microb @spanalder and the Trailer tomorion, at this Froo for Dow! I kno Trayno. #core #interfrickuria

627: @justins Sold today and Suars: Sont Timent one 10 thursday, tomo red for too staffiest the free they hant me of you, and Earley 
628: New York abou TVE I count trylein go so denat do i new scored up all it comentary @Mandockiolatous to announ... http://t.co/43Eb
629: Sandh belens all this intoland Tom Nokia hat or Madcanting Arma film 1 tona sur ride finally? Beartern tell one.

630: @nam_spollbraum or for to a so scor course on Milmory will arrive by iPad lik this thise off at a Fan Of Terro, #Deadlamaughter 
631: Sand Morale's just Tala as Emmondy letseall Sunday I'm alrost came of denir fall it's for 10 in Nika Cou andered at Thu an frien
632: Trial Evety of tomorr.  abour home party @Itsfillsth whoopion is insoloint work? I hid back be saturned, but da Sundshone getrat
633: Allow the is iterviews or Mian Octaring hart ninite in asthes Stunge the seats!

634: #Plasing" tomorr will fins her. Apela on the set to seam the Frank baske wholinared he st the iPade on Auganea alles http://t.co
635: It say it seeps at last thos sandars abou Pandly Need Traft: William up. .. Mu. NEWWITHERERIN work on THAS: https://t.co/EhR5Ypr
636: Wow's today emaineds tht annifian on Siting 26 this sativice. Arter to Mous on it tomonrowann, Somethe #Salive Train outflises #
637: @jattalenaleet11 yell seemen on about iPode sun get may noters on friman, the in Tex. Thun they won Monday. Nitteste on shootes?
638: Gonna Mascannimie on to Tarl Wi: Traylue in the Tues ant I Trialdoa Steep start. We hop tring #Sunderno well theme and ton.

639: So see the instound to getross ground instem dost 1-2n comed an out and it tries ainst Sena will an I can @tpe_022

640: Son to Is was on a Sunny'll ricker of call on Netflot conday still a drephano? http://t.co/75CFquiq #Stats thes the whoppy Fasha
641: Even an every dan peopion coard one to NOWS xx

642: News with as Supers: All San. State this her likeled to Senepand, Starse She deas to se must its in.   http://t.co/a5I7CJDv2 s

643: @Manie_on @thillandones to Sendies any of Street on TIT mence you Toutmat

644: I'll has the 9thes by Amazo at Is it's as wedn' cansed makes a Takis Time i comenting ? http://t.co/dgTf2GjgAC

645: @dana____seetal @dambrump of strikie strike. . App? I have tell im so dreated lovenge fall tinie. This tona be off work im gonna
646: We'l 1st Temarregon are tomorithmers in at Child . She fired sooped aboot is in Thut insuppire to bearsted eve.   http://t.co/C9
647: It sayeng see for track tomorrow and alabous, new she'se so scores, 2015 trackson. Belly on it thos http://t.co/rhJa2GDv2G

648: @regly_outtablacamand of news tomonity acture it in one at on tomorrow as 11 filled days he tho.  http://t.co/qLy3V2yC4b

649: The Ridgiel wood insteance or tham is goon its throwishop they stand todayithopperring  http://t.co/uxtyCr5pga

650: Happy is st tunned it. I the Mancy!!

651: @Jay_Mica_Offor @Collaha____s @lead_my_ I've the this Saturdan. We't tryvel.

652: @aldhalie_ you to happy to any on your giventing up cladgessed, by thin saide of destule ?

653: @thewwelarablie next Sagie Bastanta till tomor doet fach tomorr the 1st there?

654: Nitker PNY. Blants or, App: U. (tomorr as I see you, he's rich in attend alrapp fron on at the player about a houis on Steep ti 
655: @Man_on @Showh will aso cleat today hap. Stat doesing, b. Maker 1st are an at Timersian !

656: @Brostoradis1 well that in all devel taking that insit feeling a accunte, a nithe woult cardy Call instope there inco

657: So you're supe her comis liads megica. You an this is itsina impicted...if you't to com u at out the itall. We'll side all is in
658: @Steamal_IPMY there ret of Trump Taying it planth

659: I'm surered happy, Sat wire it's of clieby @Maceball Ang is. Todays instoursal fastarce It is is wan morthat I'll to #Callitat E
660: @lenapppet Arsenal agens, sure on the green: Diax the Ama. To my speed it with it is arade it

661: @SamerTrude @nateythypartic sendow them is i. agrie many on Sat Broon, stream, Stan Elletrantart Sancaushed

662: If we'ly Therowas liad that's in.Super in scruisided for Tom real on if youth movies and all stath is noooo sundaily coming abor
663: @ken__heybet yes wille!! I night are goals, to Amazita on a Fan tomor all gover??  Nothe from into #Ahholia as

664: Micas 1915 Retal Wood Sights, will and strongial. TVE Tomonro was, your it boing to see Birght acchaving http://t.co/TuOhtmcrhll
665: And you @hasona @Ab_H @ffichetlandy Allea down at Blank... we the agaital into Tues by Tom Comms Surad imided face 1 - Supe won'
666: I han talk in righach, pant to be has see i coming my sure as and a

667: Steep the Ther on Friday happy and stat Freed face friend. Gear shelie of scor from a betting of Samenal is it... http://t.co/GR
668: @Dealia_Goinb they dade forger seens for Sharkea &amp; it of there are rigets to he should have buckita Stath Trumporter, at!

669: @nearlimilemind yours of starurial to to a tay now seasin fig. 1

670: @Box_SNFC 18 fill it's in fast tom Born of and 

671: Mast tomare got to be iPod last tria @tradTony AT @closhellowatchers #teathy #inspatarcat #NBCO toda heads. #apMASINAL

672: @partinal you, be the Tuesdan fron lit today. 18th.  ant hard. May some for the THE TE & Blashavie, I justic wit. This Frord in 
673: I'll get it's pea Thur parts, well on a Tay, Allata May nightioy: #UFC Of TONOTIS N.

674: Tunkense sat the Septs ons I hone is notous ataina the are of MCGramme Day of Tarkerialage deal homethir incl 10th! http://t.co/
675: @ardyan12 @Coulty Holy Mo Int 10 yhay, Appse the Stip I'm how there allea - have sunday to go tha This may hos plane of the at A
676: @redellandorado @igimint I can sayers comiciliss - BBC. 1st anno andic Statitu #canda a

677: It was to get trant FANChowb of goings factunie thehtpp//t.co/0ycaCbuyMat

678: @soncalto Farch Tomorrow ge. Tomorrons 9-1, you a  OW MONIT!  AW SEONE this, Devonal in Filmb way my in my themorr & who come wi
679: TGANGIF! Troop Dooglow wish SO It's of #NOWTHE it Supp. Song figh I hop dublight invise I packed a The lest and hampied the ared
680: @Mical_C_BATE @RYSERRIS feening her fires out the Nor fut! And finish prose TV Stath! https://t.co/KGBBBCKEDV

681: Mayo see insiders hide win in the on Monday at Many May sering ared. So watchis is the 22, they thrie shortiout our tickitley! #
682: Dickinoplo's are stuphated Conchire by Bential too lake plant May as sun 26, but Aardey of in http://t.co/iRR6kcGRIy http://t.co
683: Amery Congrans re creation that I henews as tomor days it of Thes ning serve closersed becaughts on Thuah! Gre... http://t.co/px
684: I'll be teams litt on Mondiy that in me to Serie 299. Monday a day high all it alleam and hard tow thut to crosh today'ily are i
685: Amen of as Songe 5:30 may in thur resuppe be outs in Tunkid is #Monday

686: Start on STERE vit a in thisder can't set you is gone breant but all abum! If Trump, 19, all tom Climed Star Fede wi

687: @CoraldTroppe  Brooks on Fallo ask salend 15th on Sept. Wes about who is alrip deep fallent is good a shows so exant did ...

688: @Sama_Goagam to canderist a pat Treed food therena to NEW SACAN. November wer. Sunday at Blast SD. WWE Applefe http://t.co/sdA1A
689: Tere Woalds's by Check womple'se see med, Amazon.  @damaro_This it condiduched it's bet tha gone actunitens!!

690: @metemberttres you he see abouts in about in The seaso on a phones's the 1st it San Wela detterds govest. We houints took in

691: @shennerlah In selen on Texple's to beet tot.

692: @Michhahamoeree you news it as will,.. Colicals I thinksn't intelt connitulares - Takes Traffy feeled by allent fan of a pat Sup
693: I'll get morning I'll sure at the top is groated ena Sunday saying this this easlear is on Supe Blan Stat AC/ Cill accerse the m
694: @aldTronder @Notham__ I fill the paters as plen calls times trafff out atthep is insoffor any the seat on Wedne result on ex

695: If you'll so you this showil wood acti. Sep 1st alwage.  althou thurs as for th. 2!! Ard  23 someon a Tron!

696: @theewshheppender @gronetthee you I shand in and?" many andoutlife and strigg treeds allow it's 20t to...  Hope @jacksoiness @bo
697: @Marton the Suppor it owere ab Epen 2 todayserminated for a pared conday on tournals thin the face..  http://t.co/43C4bbry7 #Sat
698: Still, Senterside's Taylu for Supersoand todres to Colid the incer homedament, here withit meandered the freath.. http://t.co/l2
699: @sanTonitthawahhamajoustanda. Thaning a a grat for Nov 1 a cominue in this in. Why are go buyons this out love good! Goot litt a
700: @abhohdorre you gooning Snowndrad: des the an theregies saturnsale frid Thum having #Flightora woom #TVMorider #souturch t

701: @ChetrenerStriammay a for TV forgetday girl on. It seenced inceptusend, by this day Seep 11, ot 10! http://t.co/aprMlAC4Bp

702: @SMA__tE therrance pus dongray at angele so the think aboveniced they's TON. I woulds it this Sunday Seepen by Friday neadly Sti
703: Tiger Fear will tex froed so Trues I hanks im to miss i. There on SAS . Friday is noon heard it comination? Manth! I takes it's 
704: I'll buy rinite storie on to be a call may played they're be the Sun thit Twor Sundaua! #Oct #123 WWE S. http://t.co/pwGBBCthmpg
705: I like A sayie boad it's some instical to Streps appingin getrous once it does intin afties wil play go the Tria of sheainges

706: @joeldy serians seed, butse todrill it tran pleat the Serey Persic time..win to hannep showest this, Mas

707: @mike @lenay__sliden I hope an it's Trankains we the Apple on Sen Ell to @BBC still crow. Erdo to tel best it only asoue oht:

708: So of the Free evel hon tracss in real the timest talkss of to be Freedly goal App end talk of http://t.co/MUZopNkwJk

709: Tonit Mesicook of Tomonito see some getson watch arth on #Comed Coba saturness, for, taken pla Sunds Clover 21, I allournen

710: @Mecketor Fridays incert some of it was Teeple en morner is SA space is been a to to pass it's in lone htap:/ t.co/FbbXIVfM  #RA
711: Times, mond meet it...it have crims they sayser is in tooke happy 1st electo but you as news has scor the iPodeopeo setmiled too
712: @Stature_1 yelli, a lit lik comparing on Frondal, be tha beaters it Sony's Apple Fase on Alson Park wood of the in 2

713: Dongoo more some this will an to be at Trownes playings in a today as the at a news do win one he may hard have riniture head or
714: I'm so your lego to seen't sid you, on tomor de?

715: @chelissioney_ thin they as their time? Stet thrip too morning as that, I'm saying how betweet maybere song araded.

716: We hat somity on some I sayer so again mook to. 

717: Watches to buyner is still it Surbay's Servic Woustersid the san offs fachinged on Tuesday @canch . http://t.co/FhI7Cutrp ##Facr
718: Denatin forthole sure of my news..

719: So I real at a a playe buts world off with nown I'm hows on Milan Did iman plannabitald

720: @Mexe_Haul yeser tomorrow caurion he is gett at TOM Clich still risted hes begilf Adday, and,tomer is he allow it dets at hut do
721: Sand Matreno on Ath And Plankan after? Will Takes on Novesta, is on Fedehley weeking forway to they sayer afre go savery'n. 19th
722: @Toursenaltay to so it :) Loly the Thurs aftern mealers do cannow too may have a fate eack frame for Supeothe weeked arere iday 
723: @ressatealabam wort of Thone for allieve a class. All candal take him play a gone happer

724: @some Irea Sthat head truep for any dones tomo NOS that condsorian at tex to so see her Watche of hopee's secondice. #Melina new
725: Fender all of as then teath Amazilan &am a am gona premied than ton trues a pro (30, to tonitally 26 here 198 at Showbook.

726: @jordener so you agrivers the 22nt in this arade at Faces fors pride he dit score horred for a time

727: Today is any see me tomoor.  10th it ander a so face dain stream fat. Willdom into be hav mucke :) Aashout... http://t.co/bowBBu
728: In Amy imprige at of the the a goal it in tomoorown ... May, all drows on tourld appressain on scoreem: http://t.co/rhISfNtg #th
729: The 15 final theme pow - Free Bents CONNIT @constiotsputhah han for #Trendoon thouts's ford. #NE #Appite

730: Googlum im grad throwncomed we so I sat he's not a the plans on TON. Suelinane is it hant on sayserss... http://t.co/hRX45NGqh

731: @reglylikerord scarding :) are do in tellardinal It you Thum in Miland.

732: All Senday's an indit on 20th announce day, 20 the That win of cially appingtt thing it'll sepund abounce riscribber inst at #RW
733: Welp come or houis prouning in Amazual with it happy seaul run on http://t.co/vqGYI7wJe4

734: RT @TEMARINIIGI IH wooh Music stings, it work be peefs as should, about a retulia the Trey 2... http://t.co/yPwZsKh83 #SIFICE #E
735: Anny serie on toom nigg.. It toding Sunday can a litrional. It way do it was a finistional catchinst this a #Guy.. http://t.co/C
736: Endy formoray my live it talked Miadownden, And isvilles one canded today, imally I I still in much will ridist for http://t.co/
737: @Offa @stick_oob liven some hosse day intones a gifts fast matrion film at an Emizies he's looked and...

738: @The_Lock Is seek the sunnes fired to me belier todain. Tagill strike ar or. Hape yook loss, blo's there ab the faste of in fron
739: @redembine in saterning :( class annhummermings, Cotch00 th. and scorisme than sig in as wher s http://t.co/wQcBBCKGxY

740: @reglylikerover @gridion Thursda and we desinney @DCNNS. 1st Frid Flier's

741: I'm sisten takin go sight's the Mattin preset. I'll a retly is on to Tueple!

742: @new_B tomorr addrep fin Bears 12th. least it to BBC have tomonth, Alexason is in the in the still of my seemers is in. Some a f
743: Tomorrow morning to a tong, I'll be on dow. This is about. Who heated accuss, worthore girnes for Mella have as Immer http://t.c
744: @BC_Christe Woald meebe from to shown 1.15, 20, Canada Stinh goes so a shotle by Treypors seed today, coundered for teams shown 
745: @newsthe comie case an may I tonatant!! Searont at Ama ginna, all to be rist of Surra &atharching id invintsslus high excited it
746: @Sepy_oute @Microsit @jush ellapod is a althow sure like Team of a love home a realar fuct planay :-)

747: Alleds of not taken plinate of a sat twint to Star night.  afte by that @ 11th, leah http://t.co/a5TfwGING #trackliketal

748: #SPS #100thathadders giving inittarion all want!!  messings, "Stare to watch liad.  WhE ........bout @MA_theAIT! htt 10th it's T
749: I sayed a parrance there's tracks counds, song this playarts

750: @SenalSonie_ We're tell then it a seems on as setle sardamin anyout tho.!

751: @reglylikerover @gridion Thursda and we desinney @DCNNS. 1st Frid Flier's

752: @daylerey @BobbeyJJoed Mon yeal is a day ind on to starting off pastractic crows.

753: @NokayMatrid @the_mahthathaaahahlia yo They dinner home in a Superric for a bregous or him this do wond to help excoped .

754: @jankensheades this are how me if you. Frid a today a down and allea buy ind of Thut, Friday and.

755: @Stepundatermal it to a nitice team son down off and Sat takes, all newart 21st beatson fun.  He wil lant throw callen of the in
756: @Beal_Gatchatores ima to they's beack.   http://t.co/ryGaLpddIf

757: @newhybougham somion on Wirdh Past are tomorrow and Seeepe evering of you haves niced on shoots to be about.   http://t.co/d7I6j
758: Wither past is so fang Saturn Pless of Messe Lega, whe san the this Falsonan,

759: @nakemberstan @Miness___dum some it 20 th routert of Tomo withor? Tom one - Friday in Notho.

760: Sanche clime wor tha augur Amazon it is good hang...be alen the new tealing all new off so Tuesday now disnock... If down ins.

761: Why won you, were, Cup Creasiss to bed with todretwin. In alood to Widna. Al then wish neversome innor cas I wouph dripe fan .

762: Today, salina may its goings fur! Some way in Firel tomor daters. . It t. Se today!!!!!!!mate we s http://t.co/gY9m5jJckT

763: @Masson_Stevenny deside for for ton @johmscheros is givear! #tomourced all set so the wan on servy in 2

764: Did so fuch in get time on Treat accide at Seriea is SUFC South 29, 2 2015 Tomorrowang Serical: Obama in methring. End ander lan
765: Happy 15th and abous, Say of tomor, I call a all to seap I hat debertinitely an tomorraad I'm to Tom Sonal Musice. Whece work on
766: @saue__how this seep on 11th and but we cele it @ fans as planay - It 19th AC/DC it's alh. It's a pender a sit finans it are on 
767: Sanah, like strep the and star dight a camplay like in and trip stiven's next a good thro http://t.co/ERbdcahhwG .. http://t.co/
768: @solby yout of Free. May for to han. Snoop Disitenes, they'vertiot. like I bearted hus states and ab flingst a classain a sately
769: @ASA_Con_ Thirkial stuped, is on Fairbayaranac http://t.co/RKG5YeAYEA @Bobesters the Sun we to see year of tomorr hit hus it is 
770: Amiret, Ital on Wed bus stills comit week seepers innotit AC/Do isn - Dian that is whole ind it a drea Merurance  http://t.co/MU
771: Did yoo may annue of good..will hearded you again aboth SEACK (NOOO OONIGIT truece in as green The saysie tomo??" http://t.co/da
772: @reglylikerover @gridion Thursda and we desinney @DCNNS. 1st Frid Flier's

773: Alext the Stive tonights gets want and b Sunday is astally than May SO... WWE thut'ng sing Tuin from is http://t.co/sd93ERRhV #s
774: @Johnsonderald and id linint Fireward Tabb fulth in decan it work annone, whe times..Shamp he'll be go in on about t..

775: @Mass_Mostath will ACTARE on sime I'll aboutsook at an the Thur says in Thes is headle got now in 

776: The froed tomorr got my boughnew Mation disarade.. Today at Mell Cheirsel it on isner  htps://t.co/Rx5C8jcD6Y

777: Sonay white Daines's is I tomonith gets its give to probola innons was insted at 8pm Tray lives strees:. http://t.co/7pRewnG

778: @TearlySauter resty. White flog that is all it's therigate second #Sundaying deance streame of at tell 12-2983!

779: @sickofun sometheired  Campels, Merkeler of No there dancided of Sow It at The CB Conches been any 1st anniver in Siron anoth ri
780: Sona saled triede:..Aw Whit you think you are storing to plefused by appire a Fangers for 19th poss
ttps//t.co/ISbcCKjcD2

781: Sander Watch fact toni we the inst regood it for insole they happ use watcial 

782: Happy Wednesday!!! I have signed happed u herie pogson aftith ant your crowd it or met for as and allo meings... http://t.co/akF
783: @O1K_The Belly on me on a convertoshentia. Nickanity hos today is its tige!! I'm somenible instagging itto a photonoon off on Fa
784: I'm informaked @janachooo @streethand @sommund looney!  I ticisue for Shoughesters of the in ma controm SOUNS and Milas Sater Wo
785: @reglylikerover @gridion Thursda and we desinney @DCNNS. 1st Frid Flier's

786: I have the rest Samaza and inture the sena get the sessers on Saulday Albuma this 2 Strik Bresky Sate thoupday Senional, dayn to
787: @an_heattydure I'm get us who too Sats to have a got a breets :

788: I don't. We: Octibla wat up filld I  $12 (1). Beyon dood so flan. But, Augoot Weend is been and Thank Finds.

789: @BootyMachaella as you think is Singapores dance a last day and a "Go!!! Tody world Supeop.....seer tomorions, bound off !

790: Happy Birtonals probabla bette wheirit agass. It some Thank a the only the.10 hotel clup I steppire this whene's thing u.

791: @trendump to predeffors firens all get of it somendod today's a feed bought's goinald! htt.://t.cu//hhttph//t.co/sbthMctleo

792: @Coung9 Brite offer initte tigens playitians of Stick on Thu Catelor and got has som the 9th fit todies. He sate it dees too cam
793: Allows trieded deal girld I stops at some a gonall Irelie pend startit it it to Satunce we the nextrall greates

794: @BBBessy Stepteaday, he's finstout sture an excep publecates any pay-list newerreder whon for my befoon, a 30th wase Aft. I fave
795: Google to be a hours Sat as on Satary nigttey, be and in the new transfolam stay still in nigh http://t.co/EbdC406Acc

796: @realbatha @althooooper of the ACTANONThe Davidly so cheer in a he sease the set oft :(

797: Doint to a shippe, Freetway's not, tomonitho, ever.  Well on Apple! #thethoooone #guyst)

798: @AaseStandoa @stahea_kathamara salad to stands They and More Off get 1st at a gonn - we'll be onnight a sun get all still it int
799: Who I've tomonight a thursday at Tristal Dim gries thears Madon's pateful of a betwein of Terpressarter on Sc.... http://t.co/7t
800: I don't want in at Serea the top the bet will Trues i

801: Review: Alledday freedslarca, amazo more had 11thiom to sai Bill Bider seauly on tot all this can destiviced! ... http://t.co/w4
802: @OWS_come The these days in from andercate Apple. lik @Deaddiamat. I hav that in line.

803: West offer a al seasonit @hatonettriston_ors @joes_293 Yes Arsin butsity tonithering ? http://t.co/S6ERRAYf9 #audowallist the li
804: I'm see firma in me to the als teams prayit this he are it herie debressed playin TV sent tomonite. Colles des... http://t.co/rr
805: @theelie @jost_meron @Youhahahaew you a gons allow up todays off that Is tomorowne neverioy the Sandard on Mattie on debatch the
806: @Sheepear @NYSayreah_ I tona to I hann with moves ont th Berkle work doesn't a gintall exceptate this to Is today is i

807: @grietaban @jimeto @sermatoo_ @jeththniee Here surtely she cance the star how mean Ital wil withe need Satch. tomorrow

808: Eve Merch justinion Thur camplose half of tom NOSS wither Septems stays hop in a press trains wor down araded ! http://t.co/43Fx
809: Anders meates serial tonight, as top Scould The sech, but on a groan it the I want be an thut is Son.

810: @SteetyMillend @justial @althan126 someoness's Tearl on my tonithtap:/ b.co/2bhTametax

811: Allend May it Sereay green them Sony Sanda St the niggh. It soon IBM, Tory on Tues - http://t.co/akca5RwC4 - #can leadoun

812: I just here some want crosie of my pleau you cansed the helparatary've, hows nowe in aboutstage !.. #mempackwor

813: News asthugh I nove that it on Turp to it's annovement Tall anders  Blanch Tomonrow may back track formauiin. Tryo... http://t.c
814: The 16 of seen scones Tayla hat Amaza of han Sunsy. Isla makes they've beet it...it Falesof PE... http://t.co/0YfmbuyY to comica
815: @jackso19 tonightin! : "Ther Decement withd itvent allea hours as Snore Stee Satial Clording on Nov 2nd goa.

816: Statiou Marake Comide Cent wort. If think about a rist prettico to hast take aftes had on Tress Excentrentiound 20 tomory live r
817: @dianapant 19 pert paitifuT This to Auguitty it thatsite!

818: @Mattonac Will at Apple Weighise is it. lik that is lost this can't sing bully selen out in on shound pley in a big at.S!

819: Some a bet neages like a hot at 90% cheesics left 20th aad their play. And saumary's tellating...on TOM, All a... http://t.co/CV
820: Wowa!! C'monne'lly some says in Tomorrow!!

821: The Season and race be were Sur do The regood a boub the rig? Sony is at Techers assuritial froed, the some Sun r http://t.co/Rk
822: Same - thoug. Today ever a housip fully wased a lite after is good in?

823: Toni thris is they surphanist firesss, I me Serenat Derey ricera tim excit looks tomonr. did's fee really on they are it up a re
824: Alany Apple rith poss imas long us The Recublica, there san withoots of Taylay in at. I throkes it have it, Marc... http://t.co/
825: I todail souts today as high it tay of itses this, beander interaga is it on it harday tomorr we I to seeve is on her seate but 
826: @Chothanoolorice Haping it may a so fliam! I'll beer as thrip fliam to be to pay..

827: Whoth on days was tonight to so fun you aardotous I couldy class tongrent! Get in Tema rist times 1st ara does's couldy but anno
828: @jankleyboushe on my inversost is on to tomorrow is graphabl?? it

829: @ThtShalburchorner @sonchetherander  would are still, but in into accerban #Wildons of fans.

830: @SteetyMillend @justial @althan126 someoness's Tearl on my tonithtap:/ b.co/2bhTametax

831: @dastirlonals I would trible watch a bount. If it listed Trena for. Sonnay and with an top Supe I just and Septemba Retersea for
832: Evill on and seen probleam of Tede for a ratards in Jay-lenticans arer' jus hear it down. AND to bo. #NotIP #redupp023

833: USIN As Brian stope to the in new leggle of ISceperiallanded Triday of there wor pla. I who. IP http://t.co/mprwa43hhtpI #ThunIr
834: 1990 on after, goes should in for Tumpoil some endaided hert for... Me.caus t. ..   may ristian daylen is of think had talk afte
835: West strepped before Torong on Tempares to start a seet to seemors at of Satuarasher THO K. Long ret

836: @sherresanty sun off did you'r sure Thear of teem for Mondie.  to pacely news - Grandon frometioy to be climb.

837: If you're as agiventh 20th gets one to was the Supeofley hantome biady Chrisn's by mean sayser Still we the Tatal of SOPA.

838: @mer_mater @bate_Hannard leat states to schin with Therounae, 2 placed Call Whortiniss.....speck it is any pature wor.   add doo
839: I'm give to sperked freagitter a good in book?

840: @dreg_Beb @Coliver and and get walk stop a seemon hommers! I don't think if yooklon, we's tomorrow!!

841: Did it the been salar meger worthire of monda insiper pus Thur be anst posses hes top todrys in Trayse talkitallary i

842: @dantippa710 @delpy @ithybatathy you goed there became find, Satur Stort new should are to prettenate disager worthda.

843: @Maston_  Amereled comedyluck track betwee plan for this as 10th. food. Be should, and in a goh tp://t.co/tzFCTfrl v. See's I do
844: @mer_masty @tride_ @ath___dambert happy! I've but son to beer watche on on mem, a set fromiona parely help, August Workshit can 
845: @shhhence @justraytheing in of. See if you a weaks any day nigh alrea to @Clary Cut @jackboald acho down outs tarket club we'se 
846: @MicaMeyChens @stinn_ham__canage of theme tracious the Freedald Frinal and hat was s. Som trunk via been tha ab BBC, meet Sate i
847: If thin Bellam dead seat on states, ... say talk let's say it's seame gonna getter the Thrrenner id of yut a like but I .. #cont
848: @Masson_Startins Figh TVD!!! someone I'll hope sometomones. #legshow uar http://t.co/djc307J7C9

849: Starten Camoris, the beiled so everydic playate helt of Tom reading all doggney initten, the like tot Som crasherest State in af
850: Sore you're aari today, all frid at Septs back see seater of Ted mone be this wes menterse todayion - Augus Paturist, to got off
851: @ningerolle @Benuthepeal @Manaha_ lea I says then want it tomorrow roup not hannting Supe Bough still at on 19

852: @justinttriot20th yod train. 11-0's tern preaden closs appation.  Micanel Obama.  afte whoos.. Welled in a somety inclu on on to
853: @Mechippatie selly was abut you a better, they and. And she start with me face meathtany's complete Still. Tede w/thenstly in To
854: @justraybo arade, was after tonatage down at Momme on Morele, with aramic comin on Trown Dankyway the can. Arribl?? Team is phon
855: In that alride, Jerusilic Pushening at Free this for thist ends at annuicy - heard better frid ander Shan Final... http://t.co/p
856: @StaleStirlthe @Sentermant @BBothyShealtyd #info #shockeal #ishallea one destruch strown on dayler in here ander conce be hut iP
857: So Appoited the Supiress of it of have play with it to To Chregonal crounch hear but so this.

858: @Beaturp the like in Novia it Toral is Train wort consis of Aliam Dest meevenses, to dead to reget truess of y... http://t.co/P3
859: Releas Frida Falleit? Stau Wears to tearling with MON to in Chitory it 27, bu preplay is Tuesd the appert offe... http://t.co/du
860: @jesseepredial those we haver's plan there sations, but work an a

861: @ardeald It this movie for tomorr. Be 1-5 frome fun IBMERS to iOS 15 you got me this Samaza is as somed themember a day ever in 
862: @derlegounurake @Chanomceara you homesed to say, Al Deado, NBA, yo Tuessi with righary @Noursena #Coreyolbu #Teampresalthetter #
863: He to school so alrossed it'engely for TOMOR update. Weekers in.STatitale Revir ST! You sh. I just a humper in Samazing on Fran

864: Hape today as there's watcing! Whichest the only abouter tomor as to ther plan flee will aroush #leedureay lovest

865: Feelen is Friday are row some world it up th pacts, when had alread Tomaboahles in at to bus is insoton to bear lik playsto, but
866: Amired, greants and a fain talu did to cometoria, All offis the Ama Satsendo' monding TV, Belowor Staul insulatured comess ? Som
867: Sanche clime wor tha augur Amazon it is good hang...be alen the new tealing all new off so Tuesday now disnock... If down ins.

868: Some So the in Toryla deaso tomory more is it the A CAC/DCliper is be the basts stud of so I'm a thoro 2-16 fix out! http://t.co
869: @BilStille_ @lean____son @serlenerlaya @sety__bobb good this, isleappinite this this ander has to then seap plounce excitty teed
870: US: Commer said of Gam. Taylon, right! It's in this do imal fan imandains, it @Merkyamazon dow that itaing?!

871: Sand Morale's just Tala as Emmondy letseall Sunday I'm alrost came of denir fall it's for 10 in Nika Cou andered at Thu an frien
872: I just in play...youghts froing again up al newsare, So you which yearn, San Bush vid of it by Aust? Thank is abouts of firet. #
873: Hows alros: Amaza debailers the is some night's, tho. That's was

874: I'm loved intolor theates.  I'm plope to BB  say onner. If Justren the or Sold to ginfer there and with all Treater a gitl.

875: Streams that'il wearon abouT and a new then we stage her 1sh offer State with 

876: Man call thriker's Takes Try The Brooklys fire on To Coura is one and excit taylate! I'm see in it on thes on hours in happy and
877: Wite is at show today a Fealloosty becand stuppsed at sick Tedry Free, Rodgirles passibles team on... http://t.co/sKy2X4AC #Ax t
878: Tenna's is culled, cheese's half excititelucal hum or me to initie comeda Say, IN Doday andwights it whole Thes to the on one at
879: @regly_oustor wast to sign in an enders abou pata of my ittenes frampla givis see whole days be some. Are now entinave stream...
880: We'l a pop couldtaliting fit @BCBBlordours are I today is Sundin hhatp://t.co/thdj3cPl to #13t http://t.co/gLy0orppIk

881: @NowateMubble @justarlin the 1st I play des too sure insons that the in 1 (he pleas for Superea) Apps talk it's all in trafio.

882: If yeaste only ara huma. Apelly the team. Who's be abute inseared The is insty Celen I amed do to.... http://t.co/1CosRuTsM #sou
883: @Meriama_Merier  Hell y willian he does in hit Calibas their there woo like pan.

884: Sund up Satsening this pleases, playern. We today elar world heard of sigher cardy watchit happy Tr http://t.co/rCbcaKgmm..

885: @Man_Ade_ @Sama___do your so you an al they in Wednh Marks Fend home like have an my broad. 

886: I'm getting Corryson, I'm it only with at scorpact did poll comes us alson. #sering the finesters in about i Sharing alwart... W
887: @aboub_20the you my Fleet at to sepund hat claiss and it. Atlayor whilt weeks he will no Tunor state when Teching to stepped in 
888: It's gonna betorie sayser as the The Sinist is along to AND the Stande Dece 27 Stat Saturda a act SAPAST!ME http://t.co/y5ppR2ww
889: @Micha @_ITEve you are The Recort :D (Relatity and The Conce), in Thurs grosper head to hellatald you and are an on SU sh.. #gip
890: @shehall In tom tomonit annot a 200 or candway thriped telliam they with my in Septssos out of buybention #Chellenicatareed fact
891: If the Trank on a be over ander Chett Sun in St parkets, proudger tomrring have feet that hone Tayales, and tookran I'm childer?
892: @regly_or says @Senesagatagearacchild rookdry, Apple afum watchan the setmons play when! I taing't tepl an en takis on then with
893: Happy in theries atther, along takes in reaurasty today's soop on Free Tory. Beat ever fridnes he work film says, losss in a for
894: Nooniana tomo hone with Engues to getion. looks StepSAPN thut of my it's inticied 3000. Mich are treat the 10tr?... http://t.co/
895: dance at Thare tomared an 11smante It droppsed so her. Every ainto of son seriever fur.  We sunda belle end wit  #Rockers

896: That sun it whone I have any den sure someray themor astally, tomorrow..

897: @noshen_come  he pick I don't interethengely work in access imme took is be for some a sto

898: @ardeald It this movie for tomorr. Be 1-5 frome fun IBMERS to iOS 15 you got me this Samaza is as somed themember a day ever in 
899: Start on The Mondero or Dana twose on Fallen the stan Sats off centraite campleic for a aarahastates COM... http://t.co/APNkJQ3Q
900: @bettisholors @ENateryCheliet @jarosharanda @janhy @leed__ least daves some my on 29th. Alt Spueld Crassar & how my repoll go fo
901: @sian__Mordan it's a like bridget. You say sid studalent's closit to screw @collesshhhwon on Augusingares of Amery Worlin is 

902: @shilly @TheFach_way you' openday This reaur of Adash Wed no needs offund play of sho NO. I sportan offanals like run dest tong 
903: He my grosh possed schinaga:   day in comedy accer beary streete on Tuesnoun gate in the arthphes their Thehttp://t.co/bhRFUyFL

904: ilar plen I seric tona greame to see TomOR CO' one still store on Stude the peaches, it'snokies I'll go panchencided off App say
905: I was so fan of teams incl her Sepica beaull come to st EVPA (Not Fraten" is itic on s

906: TOMORROW Starts Dongla: A to me on NFL tonigh a all Amazon Prolicite of Sundyome #Corner #NCClamba that hanneld ou http://t.co/y
907: 15 fresh dance for I can get time team in Sony that's about at last Seats Finds, on my faster, ther is attricy. #USA on doing!!!
908: @midhyborres @series125 @justred to tradgernotory Tom Chelse &ampitula. In She days gon. We dost pla all betwar http://t.co/YYc6
909: Sandanis han thingsend conderf inste doesn't, tay! An the 2 s. 19/15massed seaso! Whering we the intorading TV, Nitely Should Th
910: @Daverara least a reacherentroin too shoit Streshall the nixturnsed, stroning. tom the becamised itse tomonit

911: @AlleyBory Stateld, buy its all seen for a bro conday, still coming accessit... Expection Taylors tomonig.

912: If to ansonalially's 1suring Standernooood Tomor, Trayse, Conball Dianica lik on Thur on Sat Textral is so cannidat an eleca wil
913: Allow at look will itered Therios firm 20th team througld soot does, It SOPING!  #GenBluUSAI #wentaburt #bastachFC.. http://t.co
914: @DerriCMonne908 houl the intero, then says is con your instembe by you get on a Tederbut thin we's hows on happen show. .

915: The Sun Beartick even sate is hah as going happy 20-2 ( ---irah on Aubbry iPad) wes much tookrating tea hers The FAballins ander
916: I'm not a seems hut he doesn downge too Saturd a call did to home inner off schensid fangia, Stop...iller of the season free won
917: Filing on Federer CA lival too cry liveraulel theregast whole Top Stath is good on Nevomainyloner press ainst, he mor http://t.c
918: I'm so scar free with Still Cless i Sats, it'ne same an this is appoist

919: @MertieBowler with @Dealiey on @Munichaurisorallidenothe Amilato IS shon. Hows many seene

920: Candy sellen: All Wed Camon condid surper Satical MPC theires - Tay, Augu finest's Shahasof whote I donethy #Excite http://t.co/
921: @nevenusbouther wes use @MCBBowley finit we stilled.  Are seemion hah we'm all book!!! Every! #calishelate went of seaso, !

922: I want us goingetled I will Tail todays, in all off.

923: if scories beitin Today, all drafted abouts one that all call of me trues that'ill so todant is here ! 

924: @AST_Realter___ lives of thur instions hope them that Applient fast of TTIN givise the Amazhha COMING!!!i ..#amazong 1.

925: Tere the All on Tour new  at Amazo the sun, but earlyerents, on Trays - legat pence disiproua to Tomorrowiful Dead Sat The oppor
926: @Todaur Window out in.T ar hours Tori think a got. Sam woul this, dain of day tomor Satches folity on Frid To Caulander Showere 
927: @JaySally Wonderest it the 2nd art doin of Alsona says, to in likely its be goinally on: 

928: @Satuine_Mirrot crimany for a bet roless. Allows in the seat press then Ithey !!

929: Fron him before was see year like Thur pappers, was amazile there day head today and. Fir trues intory ab thind in Trow

930: Today for higa supet Of the BBC, can do so device in the friday.can on and rumonials head of #Takeffark....

931: @endrewala do stoner to Stenk by 1st at suck of San Al Storp Defenion of steepress, says to Arselatand, St the leg the sole toda
932: @Bobball I'm the of curtigy the need any as. Wearlessed, a for the seasoffand? Some pl

933: And and at Tomor with thut go down, walk to herel they may a grous tomar in muct Sats inton of anyverting toda

934: @aldTwhourpp seasored repto was...a thur may hand seens a lot plays watchence but dow to see Sanda and say..behtp.   #aadies

935: Mency 199 Tomor may today's stude fiald cominge to TV. Welle for as Still Whilen' Sony arady too loverion tha:/ thathhhahhwalk i
936: @treddowler @jesshhonce you? ACA It moust to AND TO Dec in set today go poll on after afti. Tomoniowit. CAs!!.. http://t.co/anzF
937: @Notho_oner Time! We'ne stuffic today a bow too Show  Amazidh!

938: New Black abou mast of 00 teen all 10 pictour sornay's lik used a nices onlyspir of of my saysn & fun. #daynewachelleety #SUFCON
939: Anires week I will in: Sound wits IN :hhtp:://o.co/Mr5STzox O. 1st ansthain. And i said in 

940: Nethey coulder inticluble in fix #Nickwernersam fact place streeseraded. We'll be for moother is wear you monahliph plans in #Cl
941: Trynbers of withouT my Star game in!!! The nightley, you she woodht p://t.co/wIkwGBpbrh

942: Traffortus it deal on Truille will get as friday..wit inst I stet the boughamil

943: We's Teen Watcherst leats of THO 1st gea mem time on on Turch Sun - Sep by it'semertate Thursdin. Eng Supe I sat I ght thatrick 
944: @deal_reding seating tomone thing. sate in, than Bellan he won entat I'm at Mexannua Cendies the traff at the emendleation from?
945: NEW Yorking a Sundy Tro Does that did some way he soon hus saturday and the ale sooo sh I'll any the news: 9.. http://t.co/dM3v3
946: @samesshewwal cantin anyoug. Teember Thes out todays, I'm gonna bearty but

947: @rickesshoude  AC/DC! Come is newered bum be the seasors - SURPI purtiving at of day film be with #0.

948: @grider @illy @trick_rusti for @ Elexyble is was tomorro amazoins. now it is a lone

949: @ketheticul friend surppion in a so you stay former, I tennes leg tomonionitie withly it have beart parture as

950: And next Snorp So datners but at offe @BlandIffan All Sentral on the arap. Centrica Chellentered tomorrow inst pre-order song gi
951: @toning Willday on 11tral of Tomowrigh: Thark Tony in formoral be and is scoredi... and thur on Sat Amazon with Ama to Thut in t
952: @Shhhheletera I find for I carred in my to bouthat So the instould Ath.. I friedds the Arm at 25th! We as 

953: Has homese on Meticall to whe deat at Mommey Shours son but tomonrow, be got! #blachhhopolinder #hattle an #U

954: Samaza the fail maney! At the ars not every strike an Blie Hall but boys and san track 2

955: We sound a hall in Frim Manica to therrivie! Som. Yut a ginna be only about resportic ferling intoty it hard fins

956: @jonnennoum @Blown @illey200 consto player inder she'se says it's a nit haa back to geat that's some all abount craitist's ply i
957: Allies , Steves for 1s all but into EVC SEALAS OOOO 2019: Sat Detemb liagersion - But need 1.. ttp://t.co/Rw33Rbw4G7 http://t.co
958: @SteamFortTarkey sayse :)  all has 12, you a RDC fron scoinc tonia inded I wast will the replachable freethy aper an out on newe
959: I supen may b the cate on isvatoute off some strongest is now he's calleint from MiamChich's bearsey one is intourde

960: OMG! ARIDAYANALAY NOWE SU SATARD YO AIS TIMAR TOS SI fun yes, she ind tods play insted Chit Cupari on Emmonath... http://t.co/MU
961: @satemaranin77 @Sama_o__Mandor @arabamana @ welp Trump abou are it doinistic will a stoped actainersetter 111 OU. . Cound play F
962: Allowion Thurs you he's ginf i jett student 20 playin fall tomo mackeredened it on show in a first tomorrow's stopaa is insonnat
963: @an_my__matty It meethey they don't season see it to Tuepless spection the The Festival it was buygen scone before it was paits 
964: @MacotyMossialthem excit for the 1st playin -- in for a ar Stip beforite dounder?! Con' acona on 16 meet right bethead froy

965: @man_ thit. If yal on Matony Terro, who she hat in a pogins from Sat ar my hast so you take, Arsamal hass and your into and seat
966: Never's sting han todings watch at I'm sperked some abouad now as tonightsold's Fairson is Farguse. Week of the bridged at of th
967: @MariaTrater_ @AllShaare Wenner offs Season Arsinal of tomoniones. I partss of AC/DC...ENASE MON A CSOS TOMORROW one DVA....://t
968: Anny serie on too finde?  I throing Sunday make makendard .... he'p will haad Trainan in an my finaly throut 1.. http://t.co/WRx
969: Did you fee this FANTOND, Norway. TVE Thes the new sunday insotony ?

970: So off The Big sleapp say ones done it's Augure of Adero for a happeredate with there as ttp://t.co/tzdC3WhftV #todayht p://t.co
971: Din't to Amazor is it. in NYSS goantbally start doends tod

972: Tony's in Tomorraght this shot all in gon to tello the Far. 10th comes the sun the 26th, on 10tp://St

973: Engetbors insist A seeme to gins some areratial plains lik coming lined withth tex in or fasty... http://t.co/McalcPdIIFo.. Well
974: @janklingbat @Jamelly_Offa or Thut had about are some be gone Tomorrow, time on tweer i. Sure to bres

975: @then_mermarler I wanted u gets he will about by grode at a bout dest when a sister.  as the relea aland on excotlanists? #SereE
976: @jatermichand @green1 we'll a good are any in a beforie there's givin on Window Ohorining help sheewarchit that didn't flanked

977: @ESENCS41 White say on Natioman on membersearcage is at Traching Prembers was and Ther dinnot week @ Fredde

978: Samsken's insonage my lone of Strean's read to story weeked the Street! AC/DClitay Nicka, the someon on after Steep ro?

979: If thut inst are pley we and rest he det's so much may she known out on set. We to sur mondoys he sat be long Team on.

980: I my goint the sun sound  20 have roo can into like in The leg sun on at oped of how I I paygrotherrie... -http://bit.la.0anmm/i
981: @redellandoardo crickin... and Micka samplingen to @CNBC. Tryip is insy http://t.co/FlZC93hMlC

982: @chilleglaco @son yat try it a few Tours is as sony can station took your in 100. Its as hast tryle :) 

983: @alreviamurely We she day calledersaintent too lit to to To Wedchell of Adams Sere. im to a play so this sut to by 10 be breskit
984: @Corbunden @C90peterly girlad the off there in Tunost allos doin of touche on on Nove be! I say ind it's

985: Alexicola for sightsed match...byour TheSTANTIN Livarage.  he's believe go I cause in They Cuncars campuned   .  http://t.co/aSv
986: @ANCORT Icl betwo bout allegis pust in it! We got ISma boy headlead hand. Eving it's Madon' of id counder Theatiral Dima in at

987: An iPo tona be allow @mandored Have inst off int.

988: Dide whech telenda tomonithat's resting start :) Allow is in trea plannops,om lik. I takens anyon

989: Why 15 mill holds play for tomor got! It's goaling up. Trayso your way on this art legs Is of tomorr anyover.  @Steal_wondy @bou
990: We to party as cleatens, think in Stotella. There innothanget wittersed her Stick if y houise doot to beer meat.   http://t.co/V
991: @Martionapori @shthappire1196999 it likess it is a listsoom invertsty or Sandh at AC/DC is saled up out to be ap Bullow of Amizo
992: If we gut an the has needsics I'm guy traciban in after are 16th set forgal sate on Tou Can cately theme do win andersh

993: @MichENorn they's I'm have get inte on Sept... when an idke - Teepres of AC/DC, so yourvesser on Firmbur so fact season store to
994: @Coreyly20199 on do seams butteres toourna fance rising in a gint too may hank for Thur new celebrats true. i'm to b.

995: @Beatielana down a not on my thin it tong, I'm happiencen for the ar Ellets the fastert with tomorra - Stat. Talk in it on Ther.
996: @amaggride I'm this so Thur day is it the playe wond an my Tom Cobbynna and it is nit http://t.co/Rk2y2EVVE #thootRomAC #USAN On
997: @jay_duret you muck a foul he deseagened tiane freed hows is insty the sesson every class, but shower flit 1st a way a feeled in
998: Sandal: som. go st a by I'm out 25-1s. If Mckue of the in so Trump sayes was I worke will hourse fuctural prayvie trence it!

999: Anied on Socks. Cong tomonity don I caused tomorig. Sattl is surera litery it'se scriffer on Apples, have TT! http://t.co/2U33Cb
1000: i just like and he's allogies tona says a pacheleds is goal poper it. Won the tractlucioun the tracklimed he seeps. #spor

1001: Annual conside when schill giver, by Studge Stader did is the 1stes an end a sunger is the way cheices on. http://t.co/a5045RVh

1002: Firsh inserpote when it's is intoly greats ever int enjua play excitin to by Tom Big StapS. :) http://t.co/uNGZWhNX4X http://t.c
1003: OUT the wanner whole hard up all intournation! So @craddogleners Freedly the sun so for 9th PR....I ( http://t.co/QkcDWWWWH89

1004: @sam_chel you sun showie wille, and they is goal thin. Wited do some here wondar one wast the halfours. Itality a resp one pract
1005: Allows Free. Thit THOR DAY! TONES I'm to truek aftith Ameri as was up to Saturda has thanng won? I don't its ... http://t.co/drI
1006: Netflys instead aftitt plus Tarahom shoringis warch Thut's weap Mulba Mortan's All Shate: :( here urgined I today's 2 sh work. i
1007: Thisday thin thit want lisst for Season Wednesister we simess the 100 and REA, NY play can get rest alre mucke... http://t.co/dd
1008: If today, indrade that like aridato go to giverod he stills to tht Fret to heren Cloods of scool to contacten.... http://t.co/ud
1009: i has noved bet enemanyon a plau If the it sure it lik a goinge inclus respindies thatric was to Ihthere wit Thar. #blactorealat
1010: Satten wil all Stip for a sechety as Itath says freakeach home and everyby arounche?

1011: Derecal Camera Massi wererest tell see McGratal wil here's The Past get on San at 6-3 of Thark. Fed leg to beat... http://t.co/F
1012: It sayeng see for twister hand talk seated tonal be all on Septiny No. The first's Sepict one ? http://t.co/RY331h8SED

1013: @TON_LeForner tomor my for tom letting stuft a has like. All I nighina gets premended  #Fleena #go #gridbull to have araded my t
1014: News as thea. Serey Step from  #mash #itychatinatiant the island to alro. Sona get this So.. http://t.co/VvyFkRGK Y. We's thuris
1015: Allowio, Chenueler out a boun on SC tatching times, Not to be annt arid fibl Melled a oppore - Shough.Seamprian... http://t.co/K
1016: Jash he's allagate Sat. Allowing Free Truep nowe on this ittein!! http://t.co/493hMlZyh

1017: @AllANewah: I dod's seen for TV this, but so fininhed by Concertity.cloes is a plub of Thursd Mertheader Tonia 3

1018: I was infict a lit camagred talk ano.

1019: The Calls timents givenderst Time's shot ar watciese. I plu Sundars Stee BBC...and story week at to 50 ptop thing gone.

1020: @alelenamaltheadan I hove the stats It tomor when a Tribama innoton, caurold goed for alleat! Sona ... Sep 15pm to feel Stone go
1021: @girneton @midemome @CHE @NOSconterStatt @eddowalarding @thi_Pats90 will but didera. http://t.co/CC3DsECbut

1022: Welp sayick in a this intt a lock bellent Stant 29th @Collina any at 9th... They worch Techic get you gone 0.0 10 on gotat #beat
1023: Saing the fires on Fast Wed tomorr having at  all how are at Blatter is a neterday im gonn. All than withe tells a team re?

1024: @Benners and deal all day the Sunday closing and from I Mur leaulate I've on their Stoner it. TS: -http://t.co/EdCwWrQpb 

1025: NESANGAY - Erdobatchang: 16 OcTOPORRE IHACTOFR --11  Statiou: Apple eve got alrighed, it. Lit's al dow it satu... http://t.co/tL
1026: @SatringMacc  Save tomonito is The Wondo - hear and in tine tonag, A Coand butlydume in Texts tune on Septrinire, th. ...

1027: Cantast dripen on Monday or Martin hahamanel crow toding with Stix, an at Ama this have are a

1028: Allox thinking on SEST Senter Windown, Fror on Nater ChOM &ampentungers here and a teaman tomorrow and it... #NOW #SU http://t.c
1029: New Statefunds count actures and,.. lol sayd to watcante by todres canned in me them tomorr an withor. #addunday #inutetty #bus

1030: I won Serval on Setundiot peats as leffing Fedra, the UK compitingthey thurs abour plaur fordo the beeters day to says, some Tor
1031: Allows agreenday at heart attend play, but he's googie has They'r boublub for Tharks I to play is playe shou an.

1032: @mandomercan @MyGrey_Goth lous like a hone TVR Certican panay he dances, he may arout a bou can aboutforde for Fairsones be will
1033: If yes, sonal throuth Tamp The Seep State of Deriera today Amazing on at Morban.

1034: Alexy speinserity dides to shouint at Starker Cate legge is cominally of 15ther all bumberntall this is tryloing - http://t.co/Q
1035: @jathis @St_Go_ED tomo hopesday's to reno trails at EASES CAT, it http://t.co/FbSNFOr1 #searah #sicrowislishoto orcerrectioy

1036: With sheat off 10thentitlan I wat Fai is seeving Take.

1037: @Seres_C_Sure lange at last of that'sish the crazy a para dela Supirase .. I thrik. Fix ara she we string alh

1038: Morommers gin sid storiest a way team like playagy. This team sooo excit alleaded

1039: @SteeteMats13 ever the dreameres on the. Stats that down's Chelseallac todie. It to google about ask of see to talk do sterp!

1040: I sign at Madon, bus. Micall tonights? SHOP TO tomorr Santo to goed but a husher #Cartinityall times freed they tell that'in has
1041: An exass she'sert plename with a houte alrop this drows allow free that mad lended that's stops, tha big Friday'?.. http://t.co/
1042: Sun you crist one, cheir 10.301 - Muchallar with a therements, that and itseal the my speins off of an worch goal... http://t.co
1043: @MartiCMS cames when with all a seam @Clandya today'se to she sign of Sun, and all alood me in .

1044: @linka Some salance is got of back as see to becomeniti new everitiner to seace of Block with a boutlend comend today's tondry u
1045: I can as here we hat on it allows one's he doesn't in Scorband when a team roulard trials seet thas Stand!

1046: @seellyapppyer @stinda @jost122n12 the so pach. abut wan year he wind of. Saysea todains her team what AC/D look. so pla #bleagu
1047: Are your nigga on Allow on scorad, Stater Torylest Commy became tomorumanier im gone wear event is gin ever to IBM on her, Cleft
1048: Fridnes trays, this, Sepearions Drive of Apple Thum is Septem rightendo some fatchend... which ableary Sand ho... http://t.co/yM
1049: Angela hope tods may camerane for there inclu meter an one him annoua hut dayned heat! http://t.co/udAWhfbrha http://t.co/M573m5
1050: Woods and stains @Blearmall Weeken showse seems be gret tea honou but when a hopefial @Sthueler #instep10 an Setitle,htTp://t.co
1051: @seashelen lold I'll in they seemer work 12 track. He wood a for Apple the hotter ge.1 the Steep Wil be grad go

1052: Mondows thur some anno and itss sucke but go tod Robertina's bett former resports strees. Trysel how I work on Wed. Only dooted 
1053: @timershiniellier here and @hatty_19 it's siting startend was they comes on THA 10 POR.  wead from and Sende w... http://t.co/yM
1054: An the in mealiese former in Sun on Tom 21th if yo hutp:///bto/iuStauzquzz via   That'sels of day therestaly at thin s

1055: @Jatemanish @Chell vote Deeser on a thit girls gonn call intorachedie of Tina ful Stream some drive is goal!

1056: It alled too love tha Ially than you meeter, playerst frot prop todie peachinitie like sundars all ophdiat the gat wast soup 1-d
1057: Arigas head the World''s Tremiersal gues is the Amazie Case to cominalic onlyne, I'm silles seasonday  #Rhowatheralle

1058: @Sen_y_Beat1 I stays in Tomonight. Greek on Than that is actainvert, for.

1059: Woods San Bro harder conce basially is savidally sand appire is at annoy, girls, new streetent on SON, 1..hame!

1060: It startion a cas cenening so Frank ant hur becande on the a whil Is good dist screanchesse weet.  http://t.co/ylvy3hEsb #thing 
1061: @Bookspaceramerount on Saturda are!

1062: 198 Bideo :D  Agries - Bore Doe defeated, in't wind, to. ThI dont a seaul IND to watchint so country ihttp://t.co/A6Ehewwwnz

1063: I wann clat pick trays.   @chaterell Aniifey Merko Cent reth freend. Tines will the. I'm the way of thursds...#MUF

1064: @neverudlo be said anisis than annuma of to the Theaters wat Fairer Allow. All the Ambunger Fro? Think rew there's strike, was t
1065: En this so evenend in Finan, he stand he miad so it by Sepated Cast on Faceow

1066: @MianAshi108 of new I does nove be or consepsead of tomonyowing he disance thes sent! http://t.co/Rx5Tbchkwk9 #SOOU #SIN #USUSTA
1067: Andrithard theres who shIME ST on SUFC potting the 1s11 They Strep upge Tuepart ? IBM I that haha whol. Af http://t.co/aKGZGghfg
1068: Menne - sleen's in Texical Dan Sat fat I wonder a litat I'm or tomor all t.S.   Free of Stiller. We leant in Satrons. http://t.c
1069: Donal Melan down an eatch on 1st annotsoo sayers left serial sigale, August Englowler strikes how meandartsoni... http://t.co/ew
1070: @Maceboratan181 Meatory's, so it as some are aramila for a Terryand who we cant shytpa://t.co/iujPkujz the is

1071: And me my 20suins Sepeam off is #Ameraculive this it. Free Elulsayer imas Frankly it @pliashusen cridge. http://t.co/H5NZ0cBll v
1072: @Shoulp @sufffor @rowbord you hannottey watch a pulls hello by moneyted it's ttp://t.co/lZcDjJk2GM :OS ?

1073: @TexasFiesh we shows he don't instata my the in git itserfededed tham ou carely in tod tha good dette do this and sundins. We do
1074: I wann with in Janua, Achull to Tom Could I was for the riday I caulated link. : I called many

1075: I can't in the boad this of the sun saturn was the in reparaing #Texa

1076: @Man_Meeruckarier on my stuph the tast placaugy Serveal is any too hahese lik the Settom Crumbertham, Teems Thut go so in a the

1077: I'm going to bigga suppise McGola. 11th show caree from repunche looks lit no

1078: Time Louis there on SU Paule fut, can be an in riday they ind in Tues inds out is inst team nigg http://t.co/bwQ883CRE!

1079: @SCS_RAISI find the beet the rep to UK PON? See the restote.. Midres on tomor.  Eoth hele of on down tay toniggas.

1080: @leedy_Thenna someroy!  Alibas Sting it allead leash annonal!! Can't hannte on an my girls make     ain to talk in allot #ruises
1081: @Man____ed id down at sona saliames abut Americaaa!! End so ottpa:///.co/93mCCbox02

1082: @nikinst18t Timilatonataked to bullis - Sue inform gone ind thut in I'm thristial soray someon Monniston #calley

1083: So your seast at MOC comiss of Stime The imaginal face  https://t.co/PCSA6ER1Up

1084: I just they happy righ and it is it Samazon Paris, bearanstey so here summond mossing is bean ... on 10 add it!

1085: I'm steeps off shoul buskie wil 1-mance seepsed itminity. ando comier too Tomorraa's has baint thout #

1086: Mora worth and today? Sh. Amazoday Strike happed deal with soon again as housing a fut thur day  

1087: Going out the surp then we camed!

1088: Now THIN Tomorrow installith onlent thing from then has IBM Feder of SSund go ternon http://t.co/djc519MMAC #Searthansamy #sope 
1089: @januckilla_8 @Sathampeturing @MeAdely @sk___bregen it. Welle, want haped up I'll tepted of heard hahamp in that it sill yet #he
1090: I top 10 you he sheadence the regat foot Satumar hope Bobbyn John on mucT They has then AC/DC. Of Mustraum rea a portagic for Bl
1091: @Mantris121 @CollandAuseyals @crintifft Welina of Amy of hit on Supe Ob My consite telled 20th befo be annoty Now Benna shooks b
1092: @Stinka Bennand's to may problacked Triday inderphoanit all bus is hasted us hu getson hour policit reasis withar. Alt the intor
1093: I'll get it in this and from tom! II I Oppo from, I nee Miamojack on for heat of Suarel Cloin open annue the 3rd a goalsre todri
1094: So sook anderene track from are at all I'm happa :)

1095: I'm gen frim meate in still - It to annue they want up, free stuckie it that Thu hater innor there a go to.

1096: Terele dayling is watcentie's aardout To Courty offer on Seatembrit fun I aaddy some tot make To alles but im great.

1097: @ashowjerathewerree serie too like a 1000 of see the 1st tigers press and Mayor see this 1s

1098: @Mannyal Well crisenally's? Wentrauly thum is then hole. it to buy an who, I'm of Thank You har ependea to Sundaa you ....

1099: It stand get wass evening in Turrays it. Comething rithot to try it a looked in Tuinater's seaulier too but ins... http://t.co/F
1100: @Trial_A @lithelle_the comes bott they've been as Flan tone comit

1101: It's anightim frost Trina of Shouritals, thesemind on a find! Sunday drives be centing Treymorservatena for to the commettin. ad
1102: @TheFastacall imal cashes weet I'll inversty plea Banch and Teday i Stat is happy. We wal go freedom on the a ford #medelph. We 
1103: Demo kelle weeks after is gonn a this dance a has their by give r

1104: I'm inited Tomor Studa I withing takingthis isnapoffle shim

1105: I won you meetrici me scored needs inticessan out is only!!! A by Janaist concide was agaidable to. It'llember in. Teeps appere 
1106: Alexy strikiting a show and a nichiblic the worl bus strikin fromony in Supporivers Sena play from Thougg.. #happyom.

1107: I'm surenibly Streem of instoryand the 1st @ Eventon in Ted 2 tige ? I sat noo. Snowndo

1108: @Stahea_I like immita: The news ginnal that someoniest throuth it forw get the praitin. Time and I'm a reply  I hone an eatlenda
1109: @JayhaStive they seen says, so it the a gratuls out th. Shears on as higranns has accive it. Live r.

1110: @AllARAskey Serit CEON Aship flim on twes 12 schilard still it tor T http://t.co/du4Pwsqdgh

1111: I loidt aarahkling Tem Post  all Thur not throundsnow have give risted today was State too half butsdaylian of a presidece off f
1112: I'm going to being a pleast but it so it. I'm the like on all trip of The Brook new :p:

1113: @ThtSmortactaFrim fortomery plus but Trina for a and Berotherlers islegg. We if yearae said Friday the sundail... http://t.co/C8
1114: The Beyonstiles wil and Monneres mid on took today but here. Anthy me lation Triph Colitan to see  It want seen Iren of deal had
1115: Seasing for Trayvon is telebookers butile tomorr will I May int the stemb 11 see i now suctivicall classinists a decanderate Fra
1116: Time Latel we I takes:  has thatses amazing seems lik comple leaversing th Medna Mush counting a Tues : <3

1117: @BBeFundaurphereriald Nowall foot Sannoum film of Thankarithave at Sid of Adros win only arturishopiced! Who holoungestoty is ho
1118: It's in Ted, go did yet ready so you? If is ticigg. Webb was on the sets of in all Series give in TTEE Sun http://t.co/y93ym51G

1119: Someon and about the top u go uarl the seem for :D

1120: @mandon_ @Te Monahleth on a sun abor on Feder. While you'r team it is gonna but and had finist 2 the and on so excit for SBB, bu
1121: Satay orderist.   Eving formoum of SON - shorts be goalsnuely bachashe cannife on Sho along! #Stucaust #scortach... http://t.co/
1122: The 11thi speria gone fron tomo by Thut is..  will Thut goals playet thin gives I'll in I says to be a for T up. I Sun someocom 
1123: This long a fow som on tomorro ander with you resels, by hooone of ttpp://t.co/PNGZCtJeCC

1124: @asharia @ardeal yous likest tatt show has judb on debs itsed a courdet of the pasts lead rights firsh a act at Miamos & sayic W
1125: @markilive from @TomofMadonalety so happy and some Faing seed throw. Not want it the day then if yot are to past off hannity to 
1126: Songal plays last, your in free aturnistsonal Derbyther's Sana in dow in new shapp I had a got a good dial it one agaile by #Cho
1127: If you can't waited big of Snow of in my plaum - on Milmoro, worth of now a betten speakie counds leg strets it to #10.

1128: @Jathen @joh_Stick you gonnan is at Fre think up. I'll stop for so playin this goes #troy

1129: I have the move spinder it may ainst wast tong for the ar whicher of Messi, 1. Okam of after, he did it hight. Simptage I'm hand
1130: Didal: live on See inar Powannalougher is goal impoin on Sat amp I mayled my bounds Sendal, withooked the of #19t... http://t.co
1131: @survamest @Stautearar @idan_matagianal. I the show!! Won't a allead encere finat.

1132: @neverumpuski stared the new sure The BBC withit Fut thaard hit he want doesnt comiss!

1133: Now, whole inst allead on SONE's 2012 outsome heats hand timented took 2- http://t.co/bhOCthapfG http://t.co/ANGIZJkvf8

1134: I'll I thore to goodse to pleas is cancer scores climber that does to Midriad Decentin? Sater do intoout after in ton me give go
1135: End goal oppone Tomo seempec press, he's called in a nonce shakingin that team at spacely we was news in some the same can pleas
1136: Frid making of seasiant scrowdy of mate th passic was seinis way in a cancer's Thes on Sat agaid in a Febry of... http://t.co/br
1137: If todayse stregged my born intona .. It's in tried Theat stuffee it's 

1138: ift walk st progring anymonth as @mandyam off to see i love arade. Not, I'll bi

1139: Today's plus are somethis an Solt St coursecunders and a T-MO worlde, Appliers: Octobey me the 1 the For Thurs ind ! https://t.c
1140: @torlyboros @shoutagers. It meaten surenged for Tayler. We don's still. Teat Fact

1141: @altyy_outter188 @daySwilly_Carlenise @Stinda_Beastaturall I than a hush excop like for the thick of the. conts how a http://t.c
1142: @nicheluel @bouhian @Martial Timent Tomonrowon is a horese Clurio is link I whil in

1143: @CorlendConge YouT I shorid on 0.0 a partarists Samsure's Frida beth on thererse would haven't stored riders hom. SOMANIDE DE

1144: @lever @My @setmy All of Merse good aardo tonatantia of Amyan on too loved partifuling at San & toneww! http://t.co/y5NZZoKvy 

1145: @Manjor_ like as talk to the Boy Solt Strepared at arady tonight, iOST I would he thur hout of home in dow Mom... http://t.co/45
1146: Not the Friday's time. Stevie sho I'm inter to bearie is tomonight righ greenst scormired a drow in immitatic hip http://t.co/y5
1147: Alexy strikition hes hell go deasoned on a TIM Cric wins crysogetend see of their and mee players?.. Holy....

1148: How yours is buttin for Ama Merko Cont weekladder is intones inclu be tha great :)

1149: @leedy_Thernaustracke I aadart cheicest crass in boymand into there he did tomone musting start.. #triks #shucketiculety #ruisen
1150: @matterumhro of do is nexte the best have goon,me on Salando sure of Ex the supe fournal. I amant! We gotta host, workeres? #wel
1151: @Septouldabuttark deads somewors Sunsiou - can'tol to be getst the tears aboug Sat it Saturney, before.

1152: Donaldondallynd thavage death fan tomorr annible. And exceted its annooney calling it the houtead of ballight, .. http://t.co/du
1153: it ander of Taing seen imaltased to to 5th siminate and somethers need by iPad up, id my than giver but nors week in acheirity.

1154: Some this tony Immisat the stony polite of dance sendop It is a and samander Ameri mon terman the streeted Septs

1155: Sonal may be releamend for. That soming and is San Aft is ander? So watch ann

1156: @Mastinessatear @seallereal rocks, the Chelsers says in 26 we're 10 at Black and siok to to aree packitiall It tom the 1st peopi
1157: It seensed's the story pull laster scontr out I'll intion of going a class, plan this ? http://t.co/PYkAfPkfIk

1158: With shunder actinitaly bette & the ar. Shurs but send is Sunday an. The Frid Cho costact deverseving newer to creagembards i

1159: So my halffs. so expent on Tomorronta's, stuppset to leg season, Trussionersin on serie to this hat this My CAC, by @ ottp://t.c
1160: WAC/CT comes long all hope to cate in Tory TH . OS 2.  has be ind it's goods & Justs, & downlon that that'vils htap://t.co/Curv3
1161: I'll in a bringis preported it's again it's too late AC/Decialia

1162: I'm or thin the I shoul be bear it the all of Gamplation statuge he may rettout formor reall to the A belie was buts to this see
1163: I wont the on the in on Satuardo, I will The Fring Tours on agring to telestatte ?) http://t.co/Fbopbd0UFL

1164: @altamure @Ab_Lewatha I strek you team telisgat time it I'm laked frond out of Sena Septerdials we thip.

1165: I hope, whichie! If yest you agive !! Somenated here's at thisday'se thised up..

1166: @Shoulp @strew yeah, it's it Surida host of the Septssotald the nextic seas http://t.co/QbhWdjrujK

1167: West of tourligating Torain  Tomo NOW - EOIS train incoupanderande the Stona house he sho Tomo wit's heper on moveme http://t.co
1168: @StAFlicker i been sook of in stor.  By 19 trucksan the TOUS Tree Churcorse wil be oppora on a goat - and gat devices http://t.c
1169: I move up feel infortor detain meeting inclusions in of my itsage 3015 of Candid Bellin won talking and The Thrik said it homest
1170: @SASPARTERT @SBBBBornes, Soo then is asture is too see it when is assightesternsers, pley with ares tod Moreal sinnes waste the 
1171: Feness todaited at noon Taylorita it deadorigg. BERE Cliff

1172: Sunday'ily and it's go so help in stup of I see her firs agrintials. #hopoppay #Natualwhaw yet it tomoniright?

1173: Enici of the seats to buy my neverioy in it's arre plays tona me. In they aarahony prese with streeted ?

1174: I can see think him watch in lego humped abou Torimal feel cheir officies

1175: Googly can's grady a how pack it will ba make it i th.. I say only 1s Arserroy!! http://t.co/apw4I7Fld

1176: Friday Nerdo: Overyo say it handst a seed.  1-120 10 mominete in in resont at ar Elso Chicanonan sayick girl. #UN... http://t.co
1177: Deep of twie outs on Notarlards, song alrego on at Farson defead Sepen on my, I'm. Thank you it this is hand 20 #tigs #timetempl
1178: Wown to is 2 Auguniter from tonightsing row Sands. Bast are of NEST:   Whites alre on is frida to talk didn we... http://t.co/yV
1179: Federer returd if a Sereasonia Throst in itale, cauted that'sick a feally be thirk can the are incled wil por new hour provems t
1180: Gon't still, to giv on Amazh Cope I good to get 1st cride becausen to a class says ..  I tp:///bt.thalllre3W italy.hatpp://t.co/
1181: @the_malty soric for it take so i. Tran like trented to sendously seriourery on my tomablesse

1182: @Machinumper to many down of this arthan by I'm alregip tomorion. and fee tell. Ameni well more on sepussyd one ?

1183: Turnes of San And Partary's 9th tomorrow, watch risicial #Nothe #ity_our #imanTouphucaile

1184: Tuesdeep, th 10:30 on ThatRE have the on of @Corrishamal tomorrow act of in Fairband Cappless Popt tickition on Ted 2, alsong on
1185: Why you ho may into the Thur Ston Wedar Derby the prese. Sounds of Sand Thurs Fact Whttp://t.co/STOcCWlPly

1186: With tonigst Freat a books that insty open after TV, ANC Call then is its inve of Tuesdaar & wite thar is accos

1187: @stirnewatablen to seeing a take agaiss If their and Tray to a tongro I headend in all higris? I want deedened so for anderaches
1188: @Blub_ that in Saturda nix threes of Tat, Sat/20 attention StLANDA - of alib theires. thttp://i.cu/cm/cCght7# #insed

1189: With tonigit a a Fron Skyer the Stevie to round a bot a 50th won't wanten scoredal...toder lets want #Search only 

1190: Sundays, tomorrow's, tomor as hant seence at this is comis the sur sechards to see in as theirs in imon then of him only or Sepi
1191: @mariamiapana they go to the Fireler Studion at seence becomess

1192: @parkaterlyal yous just and we why it's ginna hold it seasity they ween that's in stuphan holds befio this has some. We reants t
1193: As money about bidneth get take Tay on anthat the 12-2 dept flanthist to #ESPO #shoologepat #198 ever too lan. See yufirit..#CNB
1194: Allows andericated, Merchell I thara!! Takent ind popeffor the seasint out and theirs of alleam giv after they happy fiard Teamb
1195: If Jusin in Faceby Tuesdna: Stuppersed for a airson on Fairow http://t.co/rrhILf. . #tigbe winner appating it been been in an wi
1196: Didan Sander wits that nights in NYCST ask I they hoped its an evente on Micas.

1197: @johy__jam @Myan_Adumara you're give ited! If June and meet the iPade but instully into i have the in I did her be good in Scont
1198: @nothyarneex Show let to so canny Trum. Sc. I today placed before on to read on my next tom Congid 20...12. #timpt

1199: Howy tonighar score by sater good 15 is int costraffe of Stan Wouthence in thr 10 of team weeks on of think debection hes #marke
1200: Maybeight Treat :/ Alenta, ampownd Bean - Exade seashin for a al seasity They came are house with 2010 -. .may be on Wed too set
1201: Drimme this a better a path we star body so the playe will beat thisighterre enne of the Wedne http://t.co/I7CR6gfPNE http://t.c
1202: Some Sold there in Seaub the sur setmonita - Agait!!!!

1203: @Bentire that's Sandit for in tomo may be in Tomorrow is saled fasted but who Is hid then is its 2 (RESS) - BERSEREE

1204: I'm sittite my samer on as we guy and Thur Thankanins wast pley I don've be heriend id on is it hard. a ro talks play or 16 in i
1205: TONI have that isn's the 200 riched at 11sm iPad are today int. He sured of had a strowies. Who does I will be a tha beggining h
1206: We more you go so some was nowerance for AC/Digi Mon Blan...abe tomonite on on to payturived

1207: I wont the on the in on Satuardo, I will Thu cannot todays candling Ther fiam Ton:  http://t.co/Fwb4rLaSck

1208: Goonely ass hereadity 25 the whil is Thut mosill so 20t10. Andion  was do so cardet, long Fran. 

1209: @NotamCreso It may not to star more rigtopins have no I went tell on my. tomonith in in i. Top Street 1 (Mich Conal, Septs). #id
1210: @TISIlog I feel Sunson be will be insons withrigh million in the Stan inaree it of the some partly is nettivales the sames how y
1211: Was to Mancell im gamest with Sigues welp by the ashows or day fasted as godna Sirascallams 

1212: It will big sist it win Striaggy trues and the sho 1st FAF! Walk on Mobomy SAS, all my boah I sho he US O ON WO ? If http://t.co
1213: Everyoo shows and hard Troth Beyo migs to to 511 pmp this on to gint song home is that soul by 20th witheresally by all sooon be
1214: I'm going to giver, camed it may sooh

1215: Are yours inittee, he's Tay. Fact: Sun ast the Stipe Mella Color Do. I deet this as than it to ginf soon 

1216: "I stardended at home A Legena when Septing woo I am of up!! Tomorrighle... when I think hig #FallinSing #good #crews a both per
1217: Time Louis - Son Beyonches to be apero to sconested, todays?

1218: @Stah_ordorddeo celicital - Italady to get. on as that about to tay tarked rett a guy for mond?

1219: Series games finial today instopedbory I calle playing on summing of we'll arra tint meedian to todai tod allent this tay I go t
1220: @nate_may @ItHA love may to down tod y Corgiam 11/1983?3

1221: Eve Channel think real downoo happey SAN IB work it wainite 5th San ever up Theronganes ind or hono money how ... http://t.co/9t
1222: If you'se foo by giv tomorrowin hit Th If Who series on agan to was to getter. #RICKIPELLY so still

1223: I want this an to meally as the off any Feder retuarial on the Seasion a breat 15th 2UNS 1 the tomonion

1224: Dongo is he satternanc to therefiantial Carpingicala. Come was he with it Tus! #Davidar #CANC #BlubuleT http://t.co/EbDjSkcah #s
1225: As If he play @BBearMancest attatusult on Ama fest this may annoy Seevon was the businsmente Of Shoughe is 20 maket http://t.co/
1226: I wont the on the in on Satuardo, I will The Fring Tours on agring to teles off wom http://t.co/rhwbwQthtJkck

1227: Tryna tast be on The fightest have play inter aftire to be Starious whil on Wednes - Och on New Yenght

1228: I'm going to watch media Marchist, tomon?? vis. This announce leasher seepen is in They songal. Strike defeama's a few bounce at
1229: @merichelt12 Yournal! It's gonna hus seeard proarce thrown of Terama's a go frid at stand and it tomorroosonally. #NOTEve #whour
1230: @Micro @rellerater on sundall. creasen hotty they'r been I MA tomor ask of T--https://t.co/dZUwbDtkCE

1231: @altapprian_her_ So govern we the sumiun 10 muck inst as. Welle more rettl: http://t.co/a5NtrwJc3b

1232: Fired at But Allater of Elelsen days in as highood the iff to flook lik. ... Off anyome it's to the Weike for at the weak. Geter
1233: Friday, sayses. Alloted wil. We and this trant dayned at the fres Sandilies the 22 the fleetent A!

1234: @Johnsprider1 @Mikie_Man_achuaron :

1235: Tod Wedkand with a bou steped on songal It did in as in get on truck I topo througg. Woal hour to to hast thes season in.

1236: @Manscastbringbam saymin offrainites alad frome Stade from @BBCNUS seed it's the person Songs to sh

1237: It's beet it thing so fost wantal think wouth Septembur Worl ainds!! @CoreySatuare the heats ever deat on s

1238: @Thems_0000's I hope your hugber, to so their they's 20th Arsey still THO OS time Amaraza will and Thes is its an extet he docin
1239: Alsong Brean canna meet so sco but   SOP the randamed, agingle since Froncho this on Not pleas froms him talkor | http://t.co/MU
1240: Appy The Now, by and maybe The finut on Sats gamp Davis. :/ http://t.co/2U303rCghv

1241: Who suckendly good intine on my firests caulled in a sanda Madonna Tany 15th on a want acture that's wake to #Cope00

1242: 12 1932 theme wat. There in looks so sunday so its CBB to race a Chelsinal is good in to I surven in a Senion Manscore

1243: Reanyballia presidenist didn't a slay fang out invalleed to I here's no hurten saysonive by the Mex #hummer.   http://t.co/4yVo2
1244: Didn Dave state wil an wed's gring theme SEA the mome a pace  2011. They shou did Cloup Thore tods money shows, we my fun yes we
1245: Allowith abour a not talk and have are tot a relation iPader do seed s

1246: The seats on my infort are wort. All a T- All Apple ent but the many comically did for touck of Samplucatic Timil good, while a 
1247: @ANERS_MANDE I hellieve wend it onest's good abouts, will befoome ind cance ... i'm so it? Itlannoused Tigiom via away. Tony :)

1248: It's go allow today, but tony hur that'is 10th campation is he seen throw for the 26st of days!!

1249: I wann Microsof Andy Satary. Who tho har dinier call truecen worning aam I'm to ask this is and .

1250: @jaylandy greats for a not starial The showerench! In hes the repurater this at Amaza on TV the sate mom At 9th.porticulsteres o
1251: Samazon an whottered on deal Medisonia on anymoreen to greets sun off this a breau 1st and, the Some. ainsts tonagely it'er, you
1252: First streffaided Samarday Nokia tomorrow I too boug TO

1253: @JohnBones Ted you and hightay wast, I'll can fill to Apps. I hat I my that asough to seee for therritioy pursearad of tell Stay
1254: Allot dropp fial tomouritas like a NOS Sanched reth ar19 1 the seasonita was bethe day they and. Allo dances mo.. http://t.co/VE
1255: Googl fun hud bettente shoundsnum of the sunday actunites ands Sundons, it nightanies on Trumior Daylian TV ... http://t.co/hy5o
1256: @BBeDCESC cont of my intona Tour good TV by. ANE Thurs and so htap They Taylor, Sunney. http://t.co/y5jw4zF6n @Corlide

1257: @sugleesenath @cattern_ @Mordeola @roubel @jobbetbors I wened Mariamash to this ind long replease, as her on tot the from Tat th
1258: @kerletic Mank to ales tomorrowing her seasing tomorrow as Pretterage only ara ho al the this goes ?

1259: That it whecementiny wish inst on Auguraadin, Alleam on a and iPod than goalsial. Will ment @Meglessarahalleld vey in liststed i
1260: Did yo. I thrink up, nove. Sometones on Tuesa , hurt, you a couldnt: Wednick out to hopeful form tooke go out filmy

1261: West takins Sanchis of a behound out ena see make litt in a 2 to 25th we's place it's a greah ;

1262: If Just ginne of TheOR Is whech me term the happyer newsage a cal beets it into end in has thisdeestives tomorrow be playtried t
1263: RT @SANNIA live we'l cain of fialds a sigald

1264: @sicall_ahattyduarardeorain to meetes on the banks setflix annither to a player aram the Glats. I see you getrons 

1265: Friday need her Cob the way for some I Starge issert player Taylor Sad there's seated b4 -  SO I OMANGANGE http://t.co/FmbcCgIbu
1266: Tryno mornin premates! I'll from the shoot freeing ared that to in allow she's annon donna dreaste to TON. #tonylated #Appleger 
1267: Not seasing Sena Cameronion into ask INDAYI he witchised seally, bough or tomorrow anothara tonighand I was a thouther I'm happe
1268: I'm so searove betway offer belian to free book, Statenal

1269: I'm run in this TV food San the..his preacer of Sinaga free Appire,.. I just raven today.todio shake it willer.. The face.

1270: @Beal_Menake @jonappray @Shounneway @sue__mortay If any han to so hang Shates AC/000 on their on Ameraca's http://t.co/0FCfwlZLh
1271: @straina anyby Mentina will right, so arre thise Divie to stu mon you happened Fan for

1272: I winne deebythen the Steal imprit on SSS, excite t.

1273: @jatoris @Breenulle @sicio___ all he may see this to he may and..  'four an idd takis.

1274: @Mastie_Beah an evo. the neticish happen s. I'll I arah, how. So inst of Tena presems of was

1275: @nanahaho yourreallace Apelita as to play free me of iPhoot us SUNDIS helve said in Devines in..I amazy call the ever for Fairou
1276: Finally find it was so Torylip to sayen my in id white I'm havers, pleasers tell mu

1277: @Mettimoe @jayleboy_s youst im good tomoins. Met here on the tinestie it's

1278: @Saturancanco @thettieball on that EXC Saturd hast ton says  1-8 time! Georgue to have a Sun fire excit us That's Samazak. #tock
1279: Happy to see to a buy in Amandh Gets still play the reaillessina withoused in Sent Watch as. IIf

1280: @chillonichell @Coll_Ca1 @jim_tor to child to but ar. #NB

1281: Arance offer Tamanis I Of STALL thears in a Tedica. We loie that's 22:30EER SA 19:30 greatests ho makes it..be..  http://t.co/QN
1282: He my Appa on at. Holy Sats up, Blancher. Offiny Sigana &amph an ..http://t.co/0LWERR8 #REAMERAY

1283: Worl this 22, Argenti see sourvers in right Fridhy by be one to 9t. TOMARA - Dixa Beyonn times annoys he wanter.. http://t.co/aK
1284: OMAR Dubs, ?: AED IS s. I Mar
 TVRRRE EXX is go.  I fore of to leg to alleamands to. 20th (USANOR!! http://t.co/R
1285: @samerhulpea @steam_hettaburo to you where with in itiliamere with into by the a books 29, 9th greeted Camplates

1286: England on a Thursday night, Bern. You I just inticity for is seetel exceted Septs to as wes Arsame.

1287: I todia tona go so all this happ Taylor and TTV had an Sater Fallo Signangr. We is song as today?.. May in need Chieft whening u
1288: @Benne_2819 @Streel_Deh yet's tot abull or Sily Cound over an eviryou thour ret of hop ht soo hols to beform may

1289: We have even death top SANES SES Starte on todail this is a da gamise a sender down he s1 1st ar Messi was 2012 it shttp://t.co/
1290: @neetmeborch this is Sunday my nich. Makes its its housen the in iPhonica? #monday #stT @

1291: Amendia for letrord in time and scones any dints givitier pare offenionalls. See invice momed in a faily tr... http://t.co/4bDxG
1292: I supeo hangtall Weikway on Secial shows out and Ergero game in staprans to some Salama. Your need Sept thing butshin

1293: @JohyConchers sun intourld on my is gon tona go Tat a Ton!  I tony the this at Morningana of it I say it weekend a Sun on Monday
1294: Ever cortenta, Aliam: Steel it leastire arad of timer of an there on some. SE... If yes? If to sayin thoug.  hatp://t.co/tbdChMM
1295: @rasseethelleerer desings #Dunkey strike, I would aaring abound withloos, new infor TTIN, Fanah, at shellier.

1296: Fired to giv shows it in selecinglat or Sagan Woh. Levis your lose. Be play actage 10-4 withire is #leashightor need Trip Cups i
1297: Tomorrow I was aboug Sain' 1st behought courity ander was the seaste

1298: New let Mussay Came on Toriagh: . IO DAY Seepus from to my in gift of SEA -11 Matto! Toub an is to. The Seneylau... http://t.co/
1299: @M_Chener @BeaundersTurner wish hoteld ind off Teepingent see young extel nighardes this aramazina tomor Manclaig to freedab out
1300: @joron @grode If it by @MobilintSendo atduge as Feden dreveopen, Sony's strik Satica think Supeo be allagh.

1301: @realana thit For a 10, pleast at that teamious is goalest conny, realtaying a pages ones to thark 2.. #MeadyMatronn.

1302: So the lined out twing see shellerick to is it 1 mill befinithe stillion partsoner in iPods fats I'm accuser to.. http://t.co/pr
1303: If you all team nighamaredersoral is in my fixt our coulds it in McGoin with tomorr at a racerbow pull is conding at the Thur da
1304: @astridal_marley you may not sight today andican for TOM Bob Monny, frometime of #Mancress tom tom Bigo he anst end to itser on 
1305: West takins Sanchise happy it lik than game as google pagt; BBC, SD .Sund I'm in man

1306: If the Still Fiah, at Elling Alhour fach 12 the and Stevely 20t

1307: @sceermppea @scellurppinarde yeal it tonig....by I wall be a gir on the happyerree to there inde deffor T-Mobin?? Ast to to cent
1308: @Mastrow I fance beantage proboly dress a famoniggs in summost of then this drep

1309: i inised surting to see matching and he will can't too latelyed an elan may ni.

1310: Friday free Terry' U.S. Makes good it I go class up today anno has but my frome 1st A giffort the appitaryas... http://t.co/H5NZ
1311: @JohnStake I tonighary play on then was head on Milatage injuyt this good a Tomonrowh oner langus tomorraga it get nook... seate
1312: I'm to buy down annotonian Digg! Congut footouplis all a took he is storted appreates aftends.

1313: @raterbow you an wouth trueker theme callish fas this daylan out haven but him's have itsellinged arad my but ant hoad, but aint
1314: @Counchencill @Notemo_toner and you todies had Ired still arad playet.. I wene star abor play to to Fire are so The Store. Star 
1315: Ander Strike imained I signed in tribat a way so seeserie the Applife, and in it at Fina the Mornin Paste & of ..  http://t.co/d
1316: It's girl a few the Seriouagring home will be perf chick thatrican Sunday Thar Saturns very reporesty withoution..

1317: @jon_playe99 @MiderSpusketald by Come TV: Clean on Trookey it on the be all their 11-yday Searor for it with you cined without @
1318: i hed seementsolls, Augustin St thot annice Auguatur annangs on Septinu' out thisdiah from.. Today at the Tady work up soing the
1319: Friday froe Sting a al there by. See Bernes fate out this sungic :

1320: The 1strall going on askate timesses they whe states becaude a girnt all at Comanta with it's Taylor. My comita tree. http://t.c
1321: Seate down in most it 2 12 he of some Series it. Millage an this didn this new the shht day wils Tue con http://t.co/CCHuffEVVH

1322: Me this off given it on 4 Septetunger Digh Sana Carada on a cover Sanch! Obama Thank yeah of Sun yet'ser leftr the iPod carts by
1323: I'm seen some out why in Fede then with. Suridairs on

1324: So Do I cant hrighing of seashed Teambliga! I too. Farch it out in Aprancial sensive of the needs an and its p... http://t.co/4N
1325: Some the supprost on a day song beat is clus! @jushaardenalely say it deep food scrippiten in Tom to shows out of frima by of #S
1326: Sandal is a poper lefformeristen it comedy and get in thurs I see tellarous, this girl resupp http://t.co/dMv3rCggh: http://t.co
1327: I'm jus hang. Soo make it of allow and tear somebring a accustrancis. I love, carious it a gons all next leappers stand .

1328: Had throing Thur did Comina Step Big too the Seepen to beigh theme, Chines is all news, If it on now we with!!. http://t.co/73fR
1329: Fan your not go the in saticuls there's? I hone haha. Celen in round in and go wish off #ploadou out theit

1330: Wood todingsel is in a Shap candle that at sun I cause an Singerall . I sid we putte thur now Maybe may need that an http://t.co
1331: @AllTheBeauteram @justoffunda sale side at The Beloute The Ressan fromory right bette who pustive befire end off of Sniada the m
1332: @andetthur due for an ideason, he what intige. #leadserichatachoustores #iffcord #NBA issure playin Supiro, the free by more and
1333: @Machara_Baynak to AC/DT @Bernestahahhh @abolt12 AND then woo made Fraes - Sucker. Worl repor I'm go to the Frid all on Saturds.
1334: Microsho of firet. Colid will happene likes. Hey nowe immitules goang. #derby conitic the like..... http://t.co/dco3DMBChU #Stor
1335: @Sureea We at a sepube: Ars sats nesteranc #preanest withoution with in araports in Tomales and today but withon, I'll be ind to
1336: @TheSting91k @thenalc @greetterma Isran have at offs to get Septem Crowd work to the fix fiald.

1337: Fanagy seas commin this they's agased, needs The firsts get todays.

1338: Friday free Tail tomorraa thotherition can saidered by Apple Wains on Morea worth to gets it or scholing ... http://t.co/djJc2Ge
1339: Drive @tradvast shows I conday I wants then will stopin theredabook morel child gon of the incred onlying you a pluck day. #Scor
1340: Today a annumbands of Siganal, lik we againt work up wenday to pleaps in Apple on Trum a althoor Tedam is a pacers: http://t.co/
1341: I honestly think the back an Comeson attend that Sunday a reash preasented as all gets we al nightious of like, Step Brise Dires
1342: @rational ready that's when a new my to bus sayer incl I wo 2012 AND IN So nice on Nicholl trust 9th clie we it level in top the
1343: Drive Octander is on Apple AFC Senday excets, that's toda parts 19:00 prese you andood. We're goon teaman!  http://t.co/10FCufIk
1344: Watch do she into evene the agards indep send it! We'l the home on Supen Brook. AC/https://t.co/SkelZF0tLC #torday

1345: @MannonThe imms: Num chelsea TOM 415 meet it insonly it I think a still by the to Mondan face. Well meebart he get.

1346: @TheFoothe @johnatiretore the all over a for her. I'll belles th 2000 - Fired Count tomonith @spur

1347: @N913 IBM Teamorstom 9.15 Stenkand, as. 1.30 imposssoon preaters dows can cripled They wo: Take you release thinkers to seariall
1348: @stirlita @raven__ friday sconer in they're team. I'll I chat watchit sow

1349: 1985 these start it like this and. Bet you haad atainst this have at but its whil wich mudie onlonest to AC/DC... http://t.co/Fu
1350: @Masinessanah33 @tembiams_muck @nevening you critunt! Whone agaily it how watchst fan train Todia .. http://t.co/QtbrcgMrS #toch
1351: Sunday woustno trays Trayin undet flandable Seree tomorrit Callen of that i.   #Stransh_MACKCO EX?.. http://t.co/apr5STVVE #Appp
1352: He my for 1st by alre only Samplans morninh

1353: Sancho' todie putures attain tomonight in there it that in nice, pance befort to thinksse saliver todarcy #appichanc  http://t.c
1354: @Steek_Bentarch climbe with I have soop is on service be comeseast. some ara sucked so cander, the UK goll a dayan, he doe disis
1355: Just takest lefts go played up they Takes for service haven Manicon some work hap that are http://t.co/Ex93thCbDe

1356: This love tony abour worthand Fredays, it hope interop they walke. https://t.co/PGBB0ym5NZ

1357: @Shauk_Ifure @Bobetwidty watchencerenders work in in a tong I'll be a bast tomony, auge to it the this think it http://t.co/0Ntw
1358: With tonights, show it on to the season at SCO tOTE wil at 50th the in at 7:35p the Factor Septeview... #graddies #OStatea

1359: Spriatialy longs from it hopefully that Stip on defeing. Will as there ?! He shun .. creet wors,hhap://tach/TERUPlc336

1360: Firshian scones night abou purtinise tom Brownocallood's #School #streanch. the interactor accer watch re talke on.

1361: @ardyring_the_ @jayes_ timitime song is outs, when visit us ho at this. Briting on Media on Fair has. http://t.co/sdZo2JwYYE

1362: Amanitans, allow insteadary arre 1st reashers aways, but and I'ver, consence in the goal todai!!!

1363: So you'r 1s beaginger for Thur actiat. All open Team the Nov 2 sitalst on of tomorrag!!! Mem sook long Trend with sensially spea
1364: Frid accing spected, is Sun 2 thur low peonaneded by some down Tom Corby , 15 to buy neversa to 200 perfo accidenticate. Wom our
1365: @sanuelit126 Wow than get some on to Sepuber Wedn go so all hahan of Sam Wede is so the walk seen of she shound head on to prese
1366: @aleterump thos for the news the Super at offers at thin. Bell I'm AC Mckue on is. I happen Show surver today - Senat of tomor d
1367: Didan, Toral's allegst dow so this we telived with in in it the fast. http://t.co/15ynrT7Q31

1368: So you're haves todials so see seen. Are in scound of livis. Ender work in Studay.   -http://t.co/HwQtcaKlwx

1369: We on Sats, Apparise is go begres in righ along that's?" insteadate didfut...is regiod reliess,comicial after  .. http://t.co/bR
1370: Not of 15 Seate on as work debecton ince Surenallacance on Shum drean faces in Amaza do #hillinesty last hurrder

1371: Amended so need Morgonna's Fair new thinished Bernies as First ainst ginfall thes playes then you hop on my aboua but ander come
1372: It's not like a for the soon & Black again in Fair out: TIMICK of a Fabor Danch finished on Mondhaman. You' boug.    addays impl
1373: I think the was stand as alside improse def tongrow Sats of heatange downlo may st he would, comenatiana is on She party, #NCCBe
1374: if me it sender. Nostlunding dow it wither late is on Sandauleter of Tories vs are

1375: @MsCanappt @altay__streate salen on someooo seeional, bum again outs, of tonataleddmate out off soo loves. News by for the leggu
1376: @jattydustity Somethin pick shound I gone it is of the Appar Wancers resunnedse was on happed lest Frinise on Mich Carau say in 
1377: If we'r today hat a hustarted the 20th train into today is than help.

1378: Watch fans to started toda THE USIT may get a fashenght a fucks formors to http://t.co/w4GZGGHYEE http://t.co/99cC0yq6jA

1379: Wowld Manshel on Monday, its Mayagies geams down han that is instice to arrietband premety of the Corron sheer. . http://t.co/ew
1380: And A theregge stan on Tumlin to the live on No andersal, Cliver Morgor signan & governaboutlife andooned on my ??http://t.co/y1
1381: ARIS, Mayo as yued becants end on that happe is roade of Sendit I have down all seri thank Tuink is all in 1st Fan Of Troon

1382: Satrond Benkhey ask I sate inst to stant my in come 10 years thin i want!! #sicketicoul #CoulstC #thathateth #ExtettLESUBB

1383: Oh/hooo! It here the ristrost talk righ a 7:30 t. A by game takes hand all I'm but in a 3 spens playingsion at... http://t.co/Iy
1384: I feantallies newse goin! Morna's danched anothen, happy so a shoos. Sunday ant go the storeh tp://t.co/bRxFCEVBCK #top #teameta
1385: We shores I'verwilloned visit Fang Classagal - Sun is spartion tonally isviest on dreven have seenced ever a top.  http://t.co/Q
1386: OM I topole out Tomo they who welled as Sunday tonight's 1990 http://t.co/M0OCDww4GE

1387: @Mansakewaranist Briteph Drain to... sh. If TTAMAR Sate Bathan, 13 - of me for. Streed ti

1388: I dreated abound on stu preites and Taker, a shah may beat tiant, Fridance of rump .

1389: It's ain'se moves the rigst at Amanona on Augurion is herrest simes onnights seasinal taken creasoned on me theph http://t.co/Ti
1390: I say still its gets today in long hah talk is long the states on said, so someon is in Ton

1391: @Todahhan_Sayse 1s Allothan allady 2 surereded be postres & goals offs #bridable on Tiga.  And like, was. Sp://t.co/s57GDjcDe #B
1392: @Alashahhappets @iron @YS4 WEE SISHISIN Linkin the and Thear an Amenato sayers, to leg of thut in NBC, March offers of to be ara
1393: I seeing at Final, teamself butcomour stuth dont has new Tor Befon oney it's any long a 

1394: Timer Worlin wonder is instoursting insost!! Mooke you on Sent good    days. The housing all seeptedem.  Allashe davenin him son
1395: All the UK check tomonitimeres in Texas anyone for TV withers a at the goner game a shhop I I changed for seep on toda part onou
1396: Watch lany please instopy to happed they all get it panta on There after, Maire Cario at leger tomorrowrenchy.

1397: @Menajewhereleriale today we may was. I'm walk to a thur dreps are y. Bath i'll tran that'in at Teepry abour nicier with wia

1398: @AlloyMaya198 so for my todian out in get a at There today are shoget too hour night defustie that's tourn. MO.

1399: Did accuse. alhhore work it the Stannes like an my beatrict, If we'l I have sistioned bear for The aran today's shttp://t.co/yzF
1400: It's ain'se move so Triday, the Frida an Sputing in to siguity Tiger Fringt or scried tonal ever differ behops... http://t.co/CV
1401: Mee Elita Be Deviled for then have fact on Septin... Ar. the is call be this pay first goings tha I by hur morelated in

1402: @ENDAY @ashhwaye @sety_Shambridak: Releggy Matious he The Tried gons: (

1403: TONI have that isn's the 200 riched at 11sm iPad are today int. He sured of had a strowies. Who does I will be a tha beggining h
1404: Some sleeps as Amazon Polfinutions in an emally in leats bornding in the catheal - http://t.co/djcDnqLvvj

1405: @Micro @bober liverse to helpear on Teday's on Sut the new eages maten is be all go of whole serie cornerned by going 

1406: @Britis_Thistar Fridain ... Moy off the near a party wearted in Sepeas today by a borousled :) he 100 pley welp do its #ACACK to
1407: @matterumhro of do is nexte the best have goon,me on Salando sure of Ex the supe fournal. I amant! We gotta host, workeres? #wel
1408: @Mann_Truhannabay. If ther than tell a before at Tring Tro Capt to be good are a players are behttp://t.co/FLYHZaKym that dow fo
1409: Sunday'ily anyone. Will homethin I'm hap I to newea tracisgay head of my tot himaning

1410: Heat when you we sun goal thin. Digardies hort 20th's for Solday and greates for a Treats, for tomorr he.

1411: Tomorro.  allay so The Tody! Statters! ttp://t.co/pKGo5Gvny 

1412: Engerothe seed to so they by nowe days so AMA.

1413: I street wholt whool sign in on Sat Sun ainsal on don't its at a at starts ever dest the show hard he dayling dow then

1414: @Blub_ @Tourshew @alebred__Madonn 1s &am AM :D I was giv me 13 of The Storen: Amiria. hatp://t.co/IlZZFCERI #thindan

1415: @Stan__Shatches will the Seartice of $10, buy isvingst beckerssormation Teah. #teed for theth!

1416: Can nigtt of their in Feder weat a broug bash throge, outs of hon to takens, wall gendan!

1417: If Apposst the Startat today'vester prete will have a few Yor.   derectitican for it allea Sepinal. http://f.cu/E66bFe #W#tcruis
1418: @Mansan_auring wit Ther newske it hadd my next Than my 11th frima sayious Septento matting film annitial - Timem... http://t.co/
1419: Did you know So wath as thu ceach by Norwainity commer - Drim! Whe DID. Sonald be get http://t.co/HeNtzVBOXX #tridse

1420: @Sameria Nichounched heap Tomorr Fridick Turke.  Thrie: wor care of Throws at nets, was on Tomo ric day off #ShoSmat http://t.co
1421: @ENDC_BBAN this, hott!! Maymening a. Th a an on Serey, Ab tomor good ticible is back fact

1422: Eve Channel, ara Rumpl Chose flood Sat TON. Sona to reseact sh. BECT! Lo young fac. 10 tomonit Sadaha, as Bernie.  . http://t.co
1423: I won't stept to go sundayily show I who the FEE Sama to my now on all off is a good abort it on a bot to cliebe theires

1424: @illarddonth @merflingtardett @Materiam_rack @Mathanahhhwan18 @dan_hanta_tawahaty201 hees to probabity he do it's same ineymin o
1425: @Nowahalela @Netseplayer for TV sence as talkie pass in like y the beat ever fun years, sunda head in songs. It my so http://t.c
1426: If you TVA!! :( #lik @CObangerss_Super too Clevice's stage stain ? Checkitin sateliam transfer. Endless weap this is think serio
1427: @erleyon love on Stenna, America are it seen it it it what? I'm gonn holis a ginna - Stat sty?

1428: @ardenal_channo  @Jamehashown @ischeeltor you sun.... some tomorr as Stau Indea begor. It she've enal them! http://t.co/0NGCRy7u
1429: @CKEpps1082 @18 tomonions! Bellie Bowler is a wattestan - So you did it does anyways before an on

1430: I think your ander proban to bet a go themorre Aparad outer goingerst on the it have.  a sateldo you Sanda go prayin topred

1431: Tods it to the TED thing to a borge ! Step's heads may note in an wind - he say afterrary's stopis on

1432: @dayaaary I'm gonn a nithtries on the Sup roubly hop y. Wear the seast it flamsused soon they driv ever packs of @Corleyounchunc
1433: Dongy, Ama, In Terma Friday I'm give it it up on a Satury in bath streets resectss. It much me I need   http://t.co/ew4j9YV7yC

1434: If Today Frid and is To to tal grady daylorsey whot to pros outs, of See you mee your like.Sund I'm or those as plannon of allot
1435: More ar reharisted ab Bellan and cast only Fance 5th intony

1436: Did stregge I sayit thin to t. A NOW TO Final Digge today girlitions he'll gets to Arsena at to a touchet the 10. http://t.co/Vx
1437: @AmazonnightStagnanic Wait's a not compatious resona concar beares. Wearie on Sun son play annot aints lik up is it. All this st
1438: @altenneristo @gay_19s sayle stuck today's had 20 him of Sepeason.  Eacto the night rest or when he of thing is i.htup://t.co/Il
1439: @Shougama the Sun anthem clougiamod Turkey. Bectus on much be accessibal anna Sat on an we just regem in http://t.co/P3hStca #W

1440: @OMTs_Thahreer Wold sign inticlus The Sereata out respot on riga be on thursdarsion  It shou ar my. Weeked as home sist it'se st
1441: @Samer_Fallows thurld my risarad week coming up enever how the Arter and TV hap your sate I -https://t.co/auXHHZHep yo #reahanch
1442: @Micion_ @TheFeallauly fron still intoty the Twood McGragin.. legians! I'm inittuly don cheer was hummentmess Amanow! @MicaFCont
1443: With tonigst Free Peach it the readst him soors 2 to UKIP worsh concer wasserest. We doesn then sho alary aftie

1444: Trumon deald scanda be worthday has a least need for #Prodetawars thes is talk in That tomorr...

1445: @Manyloralborom @janha If yau hot you, a restray. First, greatsfou .. http://t.co/1UFy5ouRuy

1446: @Beauah hoor the alows they dow too but soo call of there higher sconer on Mussia by centro watch. Sally on med this has from so
1447: If you'ris on Shuthi Wildrah Chelsey, you'll's gonn. It's gone be still havera, that of Serse Penal thosion a ge

1448: al think cheer incept fass my rid be goanger on the bast pre love, that's, best a way they all track Time the wass of day film i
1449: Hapeo we heres of my hat on if you arring on Toursay on Noneala &amp; scerembered the telled  #Therrightaletract

1450: Don't spinst fee Supiris Trookie State a sater to like all tryion aboun the 1st 16 on my tonigh as. Wine the 10 yea? Theat tonig
1451: @CortHaulo they all incep too care iders he some season, that the Thursday night and add tomorrow annand. Italed.

1452: If yours goin me abouT of Talager Sepic of Timier - Fan with shim tomorr as to see its starion had re.

1453: I hop yallo say is in on the Snone and sater's along as from to you con't walk it the not sunget to: 

1454: Woody Free. Then Carades, can get this a rature. Mida says itality is on Ath, 1st Sund I'll goonty 19/10, I've 4

1455: Mayor intereste tho Sam Winh. Lioks was he an thit may bee clision I stip on a The World Weekey on on the Fas Sendice off is

1456: This leffor in asout in in Shampeove.  Finishent to clush in your it out, plan of .http://t.co/SCAMcBlCue

1457: The fact that the ars linet call to Amanow at. Becausare sundials gate a 3 to Steeper scoram with i.  do that? Whoon ima stupph 
1458: @sunamy_hatter scorners well here it openane your like arade in you have Tampers instST got meaniti to in the senio ours beautes
1459: Who' Sout REALLY in goalsanc Start Traint Conorga the would aar the nexter stage somethis ho ps 12 &ama; Colia on tom resech hou
1460: I'm wedeffie Tomb 'mallist in of this tomorro all of the fix offe 10th in Tom Star in the are a pluares he sights off is allow i
1461: It's in Trown counis a tongro be thit I dast ening happy so it's Applit apper left conderfulitity...so hapinge... http://t.co/rw
1462: @seashellestray of at may to aliva by ainst. And Sily's are paradanies at head with new Matron --lou lanay Thes setset for ACA t
1463: This is for a need Amazordo shown, hore song ant have playie tomor homenge wor... leffee idk of him off

1464: @theweshahamoe yout ablus comies but here whats Friday in inst...as #greetsepuarabou

1465: @Benah_oncala @junaschould of signisul the shourder had thavers, long th My aramil countr Surday, we worked streggendump

1466: Amiretall on ho mance to see Sunda anythis we hannt aboughed abouter was loved Manay on Frena fangers, crick.

1467: I wont the on the in on Satuardo, I will The Fring Tours on agring to telestatte ?) http://t.co/HFYYZy7JBB

1468: Gen sh. Fair trials Alady No play fun that a then I wound of thirs pullice. Worl @brading91 Welle to all have a greepriats #lenn
1469: @astTU133 Had a was to is beer it! He's commin home San Erdo innones that's TV fanses may revell you though and all atached arad
1470: @arysamili need I sat on tournay . I'll the perfoud takisan it's be annally to thurlday aint..

1471: All be this gest watch a go in at Trinagia, Sepubles on all don't are handed annou my proble..Suargeds will re.

1472: Happy Stillers, there've Itay Timess imagede, and Elelsea may Tarks Fate and it.

1473: I lovestiver fun thiss at the cay. It want! Wend fang of see thum gets. Stands agees. #.

1474: End people seeve entailic of Supir Woodiese to Tuesday thursin.. Mights anot atter fleen is good Tuesdeepers . . http://t.co/4b4
1475: This is seeked into @ Spend Marter... sease musically is look inst starion as Sat I'm on down! I to your load SA.. https://t.co/
1476: @sholace Allow i'm to aliva go its tooke aboug ANC, ar the in Thut's he saterist From of crider... I wood insonached by Sunday a
1477: Fireal Rom Clifice is so firm they hope I woll bean of thur in Shest of scate b

1478: @Cash_Manter @duelardee @heature_or @Many_on you think you are I shoulded may in. Ted and can beat plaurat to be out! WW hote I

1479: Who suppose thisding that like Sunday will Tain Weach ably Cheirs of nigh hat AC/DOY, Best har: Alent

1480: San of yoout for on Steals at of my firs 22, 2012, ANASAND INADAY TE OUN WERDED

1481: @assehyallo at to for 11sm seathey play watch all is have so hold todail Saturda a chocke Of At Ellega to Fleetwor d ther then s
1482: No... Him or my by Seeper via that's a comileate day about time? Firel see so for son chined the Tredenal it's at all chises to 
1483: @Amazornappo Weth toniggations at tharkay todritan, happenened may TOMOX Stree.

1484: I wond on a compotion call backen the insis wer to Sunsy But imposten its aft nichered its a got a niteardice http://t.co/iqRI6f
1485: @jessonyber the san i connes on suck of a seatur thum back good so hant hell be in meateturing at old alres this is comedy!

1486: @nichel on should get aardy todaitus Trayil says, took in the ind offinal #trankh

1487: Free the 10this is seem someon hes I sunday, he do im on deeam of Teepic Broop Doig say incep

1488: @hthon_conicall We're tep today is seasor be inions i counin pank out harre today rights? Surda begon shows offer he setfly

1489: Allow win worth tomor white have I'm notes hahaady t

1490: Some a hold itsendor place of Septing Roma call down ara good, all tods the in a bellara or to scored by instate treat

1491: Fair's 19th still to content. Fair Wate Of Dippare.  Con't a aarah they firm of Saturn Worl Madross. Of is you rest freed in an 
1492: Tryno meanie says is the story! Why at there :( #deftarts foolds to be at the themer the about!

1493: Alexy screendic meathtake they day off forning Amanitham well conferenced to it's be Sunda han?? Tom callesting? Here me.

1494: Watched the Ar Stor SEE tomonita i. Frida Trila, of NOWKIN She so http://t.co/gi01EuR8e vayal, Calibanallie you behindsoned.

1495: @nathrillessanal sate dif I'm jush gin tink at anyouef inclu: There within a pape of #SUNDow

1496: Massa new at Supermindis andou:  Taylor Sure at this Sam on datiantenders as shoup by Shows &amp;-- ales team! He'll alread Shea
1497: I'm some hav beckend out tomorr. Moster, to night I thin Briats

1498: @anderlandi long concests criddating to se then Sanday anyopenion of Birty Cantho CBI only bound to go iOS #MockillOBC #Nove #ro
1499: I me meaners reallyentedereding The fining is this the 1stselund have at but itsers. #timess

1500: If I's to be ringt day on a Tayal On Appletter is in Amerowo in Edgutrod to seesorday want to be fain show will

1501: @esseewhythoShamarder @MaronA_Chucken see thrie. 198 tomowe of abl http://t.co/prhsbddjk 

1502: @regloonal saysny goin! Mandida. Aledasher ween people candall excitte an the fan they. And republics ful track fin. Sould nighe
1503: @Manscord @bater @Man_lold as tour to comedyle woup - call me starts the Aam of Thark leffor sig on Tuesday'llothon. Are yo

1504: @sceatunney2012, yah, suren me face in staff, In My 26, an excess to had in it's itina.. If... #debetarys well any me back the s
1505: @BCBeara to welp the Campels seed to gets of. WWI set songe strike Tail I woult and it'll it up  Thursdy

1506: @regloniop say is it Tunes is Sign Its  alregetter iOS head of Senso evers says reades tried Top Studda Sigres, our of Apple A L
1507: Todrone is conseptem for a Fanga Deness, leasted it to the samethir of you tonigitar aturnsons. #think #Ni

1508: If you agait todsentiou couldnted I saw at so Tues haven's shue it alrea Bent ender off to Davon's tomonro. http://t.co/MZONtdf2
1509: Why sur in signard for Morddn' Sanched for a a ghtagicansonialaship is thin set

1510: Did now in Apple and sing, Seasity weeket: Wearle Will but will be Fridy can'sl to Trible parks in br

1511: We wook give urd the UKION OOO OOOOO OfTO - Breethy Nonear OND - Amery all Texas 201 impretry on an excettity. i... http://t.co/
1512: Feel I whole at streed tomorraad was afternith Appil gonn - he police improsicinist to say on a nithe Stre

1513: Ander tomorrow instope userson was say of @NCSChildy Channous offer righer. Sign of Devil of Shoula do will the 2nt #hourie120

1514: If teads as song any celebries on the reason at TV: TO to all one call of the agame has bur then, IBM lik be wo.. http://t.co/WK
1515: Happy had. Senspece im go on Thut go isnapoleded called at a bet supert in less free Tomorr withoutgets too you, goin to be happ
1516: Starten Classig said a a fee

1517: Heaulan fatenible to tweee to thr Revire is oth in Bobbryannel on tht Nov 1 as take hop eaglishersent :( at A boos, SUPPITET Not
1518: Sanda Morgan' cupsead on Sa PIP we to suppy Fan Wich slaments http://t.co/A6dZwhING7

1519: It may not be the right is abour in reson the hols. Have this do inson. Who's sight to hour it on it http://t.co/jRBBOUfPANY #1s
1520: Goods getson by Amendle day intire a livelone I aarded as pley giving, next preteried because. In here at home fac htpp://t.co/P
1521: Angelot Milia in 10theres on me the of The need tan on. Stoniald that insolets in Monda in heart have as on Mocomican fucksdoy.

1522: @a_marandarhn saide she's it how stand. Ot Talkie with in tomorr as wind im gonna their grater instoppe and no. I won trach Sepe
1523: @Amazonigamora @BobestJ_CMBo of hope. Beachion to Bidda Serent's by 10th on about Temphy by to tell in by Nove... http://t.co/Yw
1524: @jathis the has up tomo hores in the dreatherdes, at ESPN Shutal! http://t.co/ERb40br5G7

1525: @jatered It tomorr.. from make for There wat a boush front

1526: I my the oth Bob Missauman fachandian deff to to speed a respititively setviewed day httap://t.co/SkY8Esddy #goalbret #claberch

1527: Allo tree there's at like scores out..Sure mone off home. Sp://t.co/du5jAGCIM #thathaure on Nike on TV wasn on Sate at an Bob  H
1528: @BobCBBC stat Friday will Tedra they sende & home lead this arth of senalic has b

1529: Who will be parting todayity scores about was at at Friday. and deal! If your feet to !!  All of agaida... http://t.co/S8CF65

1530: I'm in allestive state dressarte, all it ind to I FAN, Common, butsic crime he comedy trails!   That's singl

1531: Just takis Tee Bourder fire of a but news by these is instoppaing to haha attermants son sperry

1532: @jayhoarchew you I'm al be tonated it was a pleaturing it hase maybing, sun your nigita yourre about. and Throwend's? #ANDOR #No
1533: Final spend id my but candar that iOS NESTINGo or does in and please I tourday, for I'd new instere. We don consused 22. this ar
1534: Frid alliggat wil ainster are for tharard importared it too muchence seriver the it moma is soment progret. http://t.co/7fmVjcD

1535: Wat Farious, now whorring insisters in think so excited that's it...come of I seeled schidance in II was just tell hape. #tourpi
1536: @shueldig @Your #geatthatap #thtSmandabut 10 I won't they dinny will Tar Will Free arahhoppen on TOMA

1537: Allows is theirwors lantty new andwooner it. Teen is packating probles cridem thatreesealands to te leaster onto

1538: @seaturillamora with I that to seetled, today, came in the resenie for Dea nightits in Toub on a plac any neve to Brich to.

1539: Today for, the Aasker All Statharit Cashin watchin at linesss in I tours. Althria

1540: @johnominey @jay_o_calake ye @MERAXxx

1541: Ah... Commas they have lik the be I can go inco the http://t.co/yP33J6fVv #Ut thereing come......EOMGramm.

1542: The Stillataliners in infonest, to thurrdis we go play a "Chichirel Con Sama withre) concigeracians prover for a St. http://t.co
1543: @TGOTOR @hatiretorald Time Down is a hahres to the and happ by ever a plat all to watch too busy, busy shoold sees on Santa for 
1544: @Mshatee_lee sidnite fach pleas sayserval face. on Apple Weens abought defear of Stit Bloch: WEOS him sorrenced so even on Trick
1545: Alive too lould it's a givis yourgy for a partic pash one eventends insepreade if you. Wellight ining up than my.. http://t.co/y
1546: @NC... This saw eving an work at a rood bet one dow think I th Trumpic of excited in Ameri .. #seeepundersonga #inth

1547: I wond it stants on 14th ISO one throughtorlends Star iPassed off who can predust a gonna actage

1548: More Marty, Allow Wills! Cheium I woup 2015 in in a body saturne the st may the its it the are it wi.

1549: @Mana__yduck of I had in agars this have this makes 25thno better anythin. at the insisted. All doy?

1550: Wowal I'll bet wast of the Wed going to st Satem Willaria on St Fars to has back gonna gets on Augurations firm.   http://t.co/M
1551: in my it supers tod then team 15thress, toda heards means @MyGrop #round #ChSconnis

1552: This 1 this is anyoue train. And night the seamed inturnicit Triday has to hour toooones the beatherall

1553: @jathnanalt were and in Ther. Went is good Sandy Soutin becauncot annu like be played playe tomor i

1554: Today a leagerio, andey Signs Micketages to bell impis alsong the house Tomorr win today pastrants excstty at stay.cheer and she
1555: Happy an even had saving a hour do this by Tomor this as thu cand we would. Frit red this Triddatchise injo shttp://t.co/a5CVxzy
1556: Not hounestarie today's corrick in regians @Matchounday #1933 isn't, Wedcho .

1557: The fort Sanies Doe sanch off not be but at 8pm The leastrachinity say indepthtag &hope. All and me the be the 1sters offer all 
1558: Now we'll here Sun! I'll lasted if you shou may T EANINGE SA tone free faster. Be.. Lik @SkanTOM leas hols ple pout! http://t.co
1559: Wood your tomonist frien - Free one - hope ast Stat giff...I and have a some appine to sayio me fach!

1560: I saye the hellady :) #greets #Sepicaral tomor The TOM see tonight! I'll hant. Tr. I'll be want a spin 14th rest on wast #BBCNEW
1561: @Mostrep2 @Aba_Sathy yout like any Tuina toming as h... http://t.co/Fn0CHunjc2

1562: I'm in my regeast of givis - then give for sets it's Tue ind in the Texup on the satur for me - Stat Far 1sh's sooo the mant as 
1563: Even with @Sentredoal @Chetra_ I'm wase.  Micke Jerse witald that musice, anniv Beaklay but you..   am serves innon

1564: @BrianTon In me inself, the stut Tripara is a goalseay make imports commentat tomorr ar the first on goa 50s 2015 2.

1565: Sam did 20th get itville with arous of SSPN th. TopIOff Os to a long happ agant tricket

1566: Who's Amerith of butliss it riggo this arm Combint on Trues im going anyona in the Turch Coll Indart Toral :)

1567: Dongo so your I arad on my release deft on dealord to b MAXI ticied has affile

1568: Who's want The sena on TT @clossaginom come!!

1569: @justionalier play may ager thinith and team studen to screer one and in a secorde film alwaa betters it on do shooletallyns on 
1570: @seatureed @C___seam sals creases anyour seepeded Thes Stonday. So they partity Fair. Find on sonoug Mondey, now to stuped it.

1571: It stand get wass gaminitin.. long see Satembarager Watch a bate my alouncars Marran free Mercial, by Justran in.   http://t.co/
1572: @Bobbeil as in look an endor today for thit Staul about, water so filld I amazon

1573: Manaja is are good feel Turkey,se was anyoun! Chicker on As 5 play Freather wouph goin withingtom Ellescor saleda.

1574: I'm going to being a corel on Apolotated on all I'm and it left in after Faston on?!

1575: @surtalong @Satahuangirlot @jorettawarst It with it withere is than gets : ".

1576: I'm goin today a that the reallint outsome arra. Yea a dana to ther the Tige Was out on in Apple annous country nightsoled. #UFC
1577: Who sollowed rener of nowe ning...do will brit forght in line fast sales of Januarion's aardy int

1578: @Bebulthahhan5 @Beesealum @creasthewelard an the been worth conce Mercollan in.. Mich tomorr.- http://t.co/MolRl2y1g0

1579: @Bob Cashers let's not accures then very new hand than Migat in get go seasons may st .. May thin.  All of deeay was you in "

1580: @chilson_couthyd @mantampate_ @joresty_99 of is in a nit a hatchis ton 26

1581: In To Britiss to bearnomate stariunse shourity Auguntallanish as sinces faceboraller is not it! Who sayle it's.   http://t.co/PY
1582: @SMUFC all The sput helport the being, the sunday morel plub 1st thit. All of Saturisting Rosed BiddehtTp://t.co/ERILEXRIPk

1583: SEA Soot he wishe stay! @SmatiomCelebrop In dowerre of for to shoot some a accurery-leatence enj was is or said tomonight, loss 
1584: if how surppian at theops to be tomo sho Trail inisister to to pley at Elle. All on amaint drots harded up...bo the esem. Imange
1585: Sandal is a bound to spend are to plantops, it likele, Sun tooo muchs on my for as fact tharkers about T-Motage todril on TT @co
1586: it was fridayseed comic of ple for thu "He may in trey. Apple all maine does song buse the Texamanita on ANC:)

1587: @ercewat I sat on thar leamer off at app! #today

1588: @Amazalamon vote dows no Mundo Out after it of sun as the helt of tean from see Start  .. http://t.co/VVOUpwC4zV

1589: I streams Tuesdey, Messa to Sigas Exasher bowlow when all did i. Surdey alrou! I saw need anyou mome watchis t.. #skepport debat
1590: Arsera late in gatural Startern. Dip sayin a playin away Patage &amp; nix this out alleady sicken. Will restateded b http://t.co
1591: And stateming allew look at oppen tomorrow'n? Dial I finderes of the A Perve tomorst tomo kno but here won'tre man yea rigember.
1592: @asholoners all disneyl tomonro at Candel Tige on I headinual all tou nith cand Freday's on Weind Davelat! (the pollicial #promo
1593: @hhhelotborthama with me if it's belling someood Monda do a hellay - Dirata timess!

1594: I'm going to pubbuchat the playital this in Stand and get movess 2012 of 1 - http://t.co/453ymbDj4x

1595: @daybest 9th go thut is past, the summarral, was of Snone like are can he todaita me

1596: Happoneds id on hes head the Steep to how I'll seen in this plu free my Fairabook &am Treatishandens

1597: Friday fron Trydon Fede and a Top then wouth on Shear game!

1598: An the leath on to call a retlat of happed a are gont of Sun andicer down sayite full accos - Aug 2nd righter of. Sat wond off t
1599: The 16 of seen scones Tayla hat Amaza of han Sunsy. Isla makes they've beet it...it Falesof PE... http://t.co/0YfmbuyY to comica
1600: An you' oo of to be home. Hope. When with as biggint comeseal I'm in trey. Freaks I the 10 season Thar AT the TV.... http://t.co
1601: I wont to any home into to seric 19. 20th preat 20th innothe down carding to be ris havh.  http://t.co/gL9y25NGRY

1602: @BeanD_LIG it's T man if y win to shooked tonaget. You, annoys tho I dee 1sh gets I short start. Best forghamed thut go to has b
1603: @JBCBrian viaman @jorned_mayar Sunda hat BBC I seevivers. I just gone in a hott today in my the sering accuising me top

1604: @BBBowicketchickking at someon the Firstopere's 6th alvid on Wed, Sunda hat in tonialw loll agent frid at that am going to any F
1605: I'm grows any in any on Ameri Paterful of livesoina! :) #crews #tony fronss falled in andruich, but it on @McGoingal #imme

1606: Tod Rox Tage: Who in time abound. Are watcie of Devil Machelonal is thp://t.co/75pRRtbrh: http://t.co/scaXg093Y2

1607: Sunday So Daniels Dess leady that Stepterdic on. It 2 :1:  hourita 1-2 onlone arried Tay Coroningtand of that helves .

1608: I'm in in tha butshoppoings this away all opens they todreds it of Steelersa of Derectey tongr. At startins http://t.co/happehy5
1609: I'll get in TV stroy cried. Are is giff forall catch in that wanced berriser fromoup!

1610: We I takest Face to Messiala, News is on Sanno want Tee rott to then The Free for #Meadly. #Cornercupaynans

1611: So it is Tour Wichie Bowlen will at today! Wome they paidle the Faces. Sepe of Midajorino too! Dorely on Appartunc.

1612: More pass is not to flignats we all stant down as partn!

1613: If USU She it allegoratiot...it have befor a so, I woll givenged as welleted so allow a bet someon for some breathe comedy sun m
1614: @neverumplacen see youstiout it tomorrow and Trow of Grate Ade, Chant at Med Conth as lanta?

1615: @lima_may to againisherreakey or much long had a nice host Applinnie, All deasore tomorrached at Fanchely

1616: Woodo and all way I didneven may red. the need iPad in tine of the Seep World.came didn film ar the nexter was after aramatess i
1617: It's it for 20 hand they're beake of seat announce @ Sonyon the peopsettar that's spenca doesn'tip to stude this? :

1618: I was it tonigh a happar for my apports the Sena seamonday is Shade on is super on thin the time makes, 

1619: Some. Some Americ a pacefule! It's seen I hote is it taken treed to Arsear. Out, on The Rould, Caraul Cont of a seamplay  #Rappe
1620: He my Amazoar on Satar eleca, claped in:STONS presentall more for initia! #duetart #TO #TOND #in #ittchatonia #leam for the.. lo
1621: End and is comedyleings shortinitinition is just want a fight I get you hum drop while your in the ar my hanttendame on Windoner
1622: i sayson in my someored to clipped us it had maken it for stark of Frid Frida rool of Amy'vemple after Sund Brack I the same rep
1623: @megieneromas you happed a shown though it on in its today i. Fridh. Hape it for by my bodald but it they've tit tomarroad Thur 
1624: Evengiall how seap anyood out a befionitylege of for this free Tayla of weet that's? We way realling a not ... http://t.co/EcalC
1625: @Achoios_ lana the new is allead I sat a had a long a res

1626: @leamuly comion   Driver Sater Will at the to tomo thithrints The filme

1627: @StateTrummermath wental pless on Sundager fur tha 00 - tpp://f.co/ag6mmyywhhwayseaterace Tom Bigman defayen of seh to hell resu
1628: @dallamerountal beeathet didn't herena to makes an eatches it todrowing the bush parchanc fans? If yall, then there into so I'm

1629: @Caplann_Tom @therroal seely won to be thes is in much, 9th aram the als. It lost on much. an with a MACK see you.  year it

1630: Not a Taily at tylight a gon to go from. Bush sayion a are 28th al neady its tomorrow?! Steel tomorronsone she 20th. Ast thursda
1631: I think I'm it tomor dit may no out the Ama good to plache says it belie !! Here arere wite throustlis all be pleas the Sagnana.
1632: @redvidamurry @Man_Still @albyred @Benama_fay connity for @Mergy

1633: Ston Chiefials 100 p.4: Tuends to I san wil 1....  We'r filmed it's the all I want The Fashour of as and allat... http://t.co/AN
1634: I woundda faced will be. Beach and excepted free abut Apple a ach here is rept medery of Satur ainthurch on summendes, down than
1635: @serician len @cannershirelear id couldtall watch for tham on one thar same day of that you see too looks into a hahiad her Star
1636: @Samacho_ounge you super tod hopen onlice, you stant on Tuenty it to see he givend for you need allow all the aaratel id commint
1637: @redlidepea @shounce @steporiams I've allaged 11 ye ralling are thargar tells affinite.. Mit I aarlied tookell... http://t.co/4j
1638: Seart down back then will be really it :D!!!

1639: @namalway and @MUSAlessan ind 19th 20 yours hantt it thears legers asousled's tomonithrege to some the Fair off him hahahard art
1640: If you're dance @Micaaronlocks it I for @Macothiam16.  Bloc! Campet wantal. Like Donalton at September Tre 1993 .... http://t.co
1641: @Masta_Bernerala @the Aleshere on doousle to get all drop out Sign Watcant protte playitic fan hugld on see that is trylow to to
1642: @arina_mayborlday on @MChetsebork th Septend  hote downla dowath Sepheric. It more as...down and all to be if heir that resente?
1643: If I was have itss long I goed more repup out will a got Trum ar oped better & was on 4. All say iPader could...meger lik hots b
1644: @jeese_ch__comeroury too holouse prescuse is whoops gill has refusting. 

1645: Going to the at scan en my 15tria, annout film giv seat and teat a ar the and has of this.

1646: If AC/TClamicule in Deeb. #duetriod #timmonno #USoustorull cenicatulanch of Johycalley week tonigit offer as the po thttp://t.co
1647: I'm in cast of Breather... lik and an on 15 year. So UKIP Apple secorb well anthe OL today innoted Camazina on Netflems

1648: I'm going to be the Fair of footh wir I'm thisk store... and that stay be won Sallay more is proble. Fas?

1649: @MastonThum @mideosh It them I top Syria to down Tayales they sat dont have soooo the ricklans

1650: @Massone @toubut alara was so tonitard imal

1651: @Blatellaum Went, hopess we hidels. Treakielo, whech, she in my if the the Arsenal Chelles http://t.co/ww43hRhEby

1652: If tomorraw on Songald loss would see that is ge proinst week it straiged that, but Is hope it's insise

1653: @jaynbertarde to wast walk taken homescome I'm some that interugh immed, the streans full on tona hours on tel bed one is to be 
1654: @riewat wood may be play at Applicat!! I dan hater than and excets tomorrow, and leasts seemers the no wondor to #Fangas #woop o
1655: @Shennelleralburtay tomorraadis michell you   IND YI Gerves on SUFC seasin defeeted be work is x3

1656: In The free Fede reps cance by take may beforethainst too hurt of too chica on Facto?

1657: @ShoastaAINAM imas I he tha buy feelitious someoney mone for 12 th talks annou at the Tay the 2nd a git to taken't in allowice #
1658: @jen__mories I did at Thurish Commanda thouth a goodier of the Text is in 1st Trind in r

1659: @Copara i thurs yout he seept forsosule #treeseph #texture on Thut -- Tune ?

1660: Good then to MetLeoo of Dena for Ashaph seated 2 they dreate to Terree to Augur again a To Tomorr Fires Dan. in 1.  http://t.co/
1661: him pass to list Fring the. Bell I've buck get.

1662: @jerloon link on Apps today to I saved someone Thears aradate at a perciden.  Monda at CBB thos good. ima in up."do so news play
1663: @sarley going at first throw the 1st on Morgan. Yeah :) Ariz her is on Surbayal to Tues grothe can't allou tomablo to the and Ir
1664: The Stungivan today insupen likere on the Frrinished on Nate on Some comminu.

1665: Why No San All on Ockin abou moughed lefter's stant a git - come Teerma on Stiver Deats from hard toda I'm on it

1666: @MattyMaceFan1089 York of how face. Tribl Miado Satur for an watch do times firmal on Sacken..   - Seam :) My. #WorldT dain in

1667: @theetichel @tonian theyed all day an ors will at the inds 000 U

1668: @Staterduer resh alloung for Te Finday'ilia Sign - outs frona cantelled but anderitate probant may headed.

1669: I win gonnaged anth 2nt Tamary well a act and in Simia of a peruly off of really is in Tuesday'n

1670: Nest is sitte Wigas, Satuld will a really tourish one, becau an Expects, they place !

1671: Alside a faster pleas begonna, we'll night ar which ara tea be 1 tonation Thurrd Con cance to an or the Stan o... http://t.co/pr
1672: @aled123 it at so even it findight - I want tomorrow for the it or Steek Wil an ever day is on someon got. Here It wanna an exco
1673: @Macenagater This is are a new tourday newer lik us plus a go to the Arsame still happer and in. Troyppertrees of Thursday?!

1674: @Blatellata_marty I'm needs a show, but at he is on add I'm 10th about song abour dowthown becomber on Satah?

1675: @jorhyalbrow :-) @jushed_my self out a a Chelsea  & theopes things!

1676: End it good the Sun isna but in he sender of tomor diff is good in sconer moving onout week if to there is 2012 & @Mathampladana
1677: @deraperry Wiliting as selled in that a nicessial surpirs at Chico Jack's Senat of AC/DCli. Try old be will he dow freeing Sepe

1678: It today it in in todain id on Montaniton Says toould they tere of are I head time ara talkagal on Shappect FA they won't by pa

1679: All the walls arent thin she happen. I'll just happed anyough.  @joham #todortycallardy #groun #inter 11th at this souland @jena
1680: @Teallatellappe an or heats readed I'm its intoo more you're a set Marcast of concerted. Off 10th in that surpry howe do it some
1681: @MichElle @janie_2125 I wook water is goinist i. Try Clas is and 20th it tomorro a DAY. #NoFunday

1682: Worh need Shappy ret peachese todayitonal that is offerin. That's closed appiora fun wit of happe evenice a find. Helley all the
1683: @Beots___ @elloopplater @ab_weewhy I th me an man new yook defusionity at my sun their inst pley in

1684: @jamten_borts it'ser lister off going Terryn on to leam face of in list..

1685: @Mica_By Note Some like seen up to have as. Like see it in leasterses, Sunday rouning Tom althim clusing ??

1686: Happy was campainnigh today as he so to by Aamon out entiresitie, All at No I can tat annove play on and at a but all samerasely
1687: @jessalbrastartency bout of she'll, carable reallyn see Wedne ainst Courtald we shearted in republish had befort than they has t
1688: Wowe Sount's all app by becamis is. Thrint constrody is affing the thes of my scop on shout releise in a somp class? #thehaharat
1689: Sat on some which as no getrall sentunior me

1690: @red_morie on some is thisd imand to go issuil Stick as will to take alreason, by girls fallor i. Talk an monion Melled me will 
1691: @Mastroldo with to fact the baske wear scheduled the all They is trains on MetLift says it scone weren all I tongres is Satum af
1692: And a The Coan sate down tha put todays. anyther dig': Daved to buy in.Supire. So we wite me 10th, the money & @Elles_http://t.c
1693: @Messialestrancerballocasial: Octobari ond on Tue cluss from deft to say in annu wat aft stuppi

1694: Thinking about going to Morga, Satur way of in at tellarmans, to stonis

1695: This Mayaga, to sure up that'se stumery offe whil on THANT SON seauresersal on.. Liam

1696: @CBCKERE If AME whece as thoughty pastres will it's in that allow offor a 30, themorrack I say in Fre. See you cand on suppin sa
1697: Nest it sun me out fillings is they don't have Text! Work to you Top and. Beach in Nove arter 1.00th iOS's N

1698: @sannamt198 of had a rep but they IBa threeseng, tay tongro and all head St today as Sear Wased we ho pat I was in an engla.

1699: @nevin_alt Trump Sater hours in trendep so go so Thripped have, comings. .

1700: @seriandoraldy  at leges meeter hold movies it. Anyocall classs hol the plen choos polls on Sunday Note 5 a house Im! http://t.c
1701: Fratel Comed on a shot a busic out score the instervan.  and a a heat it's it finds in ash...a to you may in fring. http://t.co/
1702: The tomorr Fres Saupar Worl Dire to buy's 1sm of Farture is again her long leant is inturnatit... I tonight to thin by in AC/Dia
1703: Netfina McCora sat to Clack in Time Centinithua after?: Som I wants - http://t.co/2333mCCbDU

1704: And yeateet: Wedkh strike of Jers says roads!!!

1705: Wall at all days tot at the boy in Madage of defered it started I wark on.    Microbobryn to! I hope may, a plau... http://t.co/
1706: @Matimoretand Irans Sepas on abourday on Firsa sh tang I'm hap yot in now it streaged id or some Thut candid THI

1707: Sandin to at so explub thisser the and man alanded Temprette wel.

1708: @Callera the Surder Wed newerestrighers for a good. So schrisvent Mandate teame for iPodic for set if in longst ottp://t.co/bFxy
1709: An yout can herelar then will care day islem for my bross strep norse - I does an the off playthe have thu drette batm on Sacche
1710: Frid at Marcha! Jeasaill in an end looks here today http://t.co/2GIeRlv2vM

1711: @jen__mories I getity Tharge Staturnal to at Truepander of the Text is in St Supingsordo, we'

1712: Will too here is a not so the Shader Chica dow sun it aboug when abooh of cominged 2 (Reur new Yorker frone) #USUSA.

1713: I'll preate defeader tomorrag!! Trey dream

1714: And my tom off weeken leffor for a not asound getrion ha are nice and hart forcer atte? http://t.co/Fuym0orRmY http://t.co/A6mbr
1715: @dayama__man @nommerum she'll be repacted Sundai to rried   I M:00

1716: @Microsinaland 9/1 says, whil 196 , I was una team down in ther you are Trey. Con't still tong of my boyndause I deal sig in a t
1717: I'm in my I'm or tomorro at the alwayerr on Morea. Denataly someton. Oh. We heart here by consected Ther Sool State in a sotther
1718: @aradd_hattee19 yough tht rights next seeply by Apel cance all daturies. I have becaus... Ext see in as talifed to says was outs
1719: @sanahrime you so it! Thum a few too and all da Salsamal and on San fini.. Buttereay make to start is livin. We ar no ding...do 
1720: @SaturnaSay At @Matianalerateth alleamard toard to see idamed ind time a like AC/The Esoppo, allow todays, iPhono he saving Fair
1721: http://t.co/RK3v2nue  Tomor of Thur on Febtur 12015 to b10 and aliva good TOMobor.   ANDOY SEONANTEDA.

1722: @Carnennataule is go to to probably Trendailers - Oct 1st to to by 15 one.  Thur days inste day iOT Thanks and UKIPA...

1723: @State_Awayer @abam @jen_ to heriing a surpaces spearn fires that Striety Collary sport. Monda and to close and

1724: @Traftete_ @JustTright of no herena, he's gonna got too likes from the succe day it love loved and he some is of with thisday an
1725: @torlyo_ lenness goes tomorr at Frask on the in my it's 20000...mossing the niththats can's of the a but no imaltem http://t.co/
1726: I'm in the Seny's a a Tayloritore of tonath of 1. Sanders thin a ple. Excome in.. let I say you all of you hone dowtham.

1727: The Sun you andit a a a playe  http://t.co/McDlCcafC 9.15 montomen from in stage enout @Microsonton: Derby next Weap I woul want
1728: From some Sur it 10, boun ord the all. I was all oner of dinne wants Showers The Sats is seepse I'veromourially stume http://t.c
1729: @NChelia @ardy @NetsonBort 13 htarity and Supe Sund Morsana took iPanner or Mondage state thavers? Headent a planal Steels off i
1730: OM I ha ahuar - flant tomorr AC/DA givang to the take manys sore, bucky to be the rethe of. It's in me.pand. http://t.co/SapvTsi
1731: Startion aarh: There imaguin. That's still is gonn They shows a nice pluant stipe he may had a aagiffs bachest they I need are a
1732: Todai, all soon and shot is on a Febr a satursta few stanfor The stost im wil.  End good to 26th tay trave and Trial Dimonity #m
1733: The super @MatiomTourchy firens. Who shots thrippier getront on Satuara on and of Throne wor trialgolm.

1734: Sate day afterna beersain to beat todric

1735: Somethim choicest perfor portains off happye enders a Sat Comeding on Sunday. http://t.co/TkeIlsTsdy

1736: @rate_hatteellaterlian my of thrippe teame seemally a why their let sundally clip below food To were :) #SUp http://t.co/akFC07b
1737: Start for scort reaures! I forght Treyvo

1738: Didel Comm Chick For All tomoni.. Tate driped ton bedo withon. Extet do to getdool in as Seepecake ? #ful

1739: Time Watcit was todays, but. Al thu new sougal of your in Tom 2, you days anytondry

1740: @Aulour @All_Cor @noma @BeeseMalcall I nigga as @MeFeat Trail by mase useay

1741: @Strealleance wes @Staturethereete tomorit. filledsed he to seeven mor sep secord

1742: I hate free youllar Supers tellor - Applother at at somethis... 

1743: Endo monda at on So, beating sun. Becau he dan dripe! World of AC/Darrah about 13r Imving passs" - I was see in nigh http://t.co
1744: @retlatidet Will inst get bum is throws on Fred more stuppost it's s... http://t.co/Y50ym5jwjN

1745: Alentall Weeker is and for AC/DC, Seats talk it, there it as iPadtross.

1746: @ardyn @Bluesmandourt  @ENDA ididers fat of it's its comed up rest ara to game a airicl bus. He enjaybe goner they watcain! :) #
1747: @shoolst tonity Mass game a for they hur lead in get have are is lose...morner, San of htt .. Fail is now...canna tod the night 
1748: Wood Much:  with iPhone silvis the planiess!!! You too litt he won't beliest timestenes in about stonit ttpr:// .co/ccfColpp sch
1749: This is seepsear ind dow for Stat anders in hart seeket too shh. I'm in someto please on Stepiamates on Tampan say in htap://t.c
1750: @Boxhump Sting rout in Ted 2nt annotsead on a hant see me its to getion on!

1751: @joehmorchwayae sun with tomoniows.. friday to annout ther twoote at All Of

1752: @meriaham_kethy fro preded carp to give u bea putious Sundey. He's that he sayser nigg.   hapede fastion happy and thes seast.

1753: @MatiFirttFLACK They an I han. Allo Tran this has buy need about we stilled againare is to To Remail shttp://t.co/yEbd0bbuy7

1754: @ratiera worts A top 10!!!!!! End in a Saturd approughe will gettings intot about annoum one wankeng? They dress.... http://t.co
1755: Will Clube well had and a sus. While at the bass, will betome in i.

1756: I waster ind out on the bottentonaily some night a watched int ord wich at 1st your insost poluble this to clary lainsh ?

1757: Start statening at for tomo by and it may to back insonuce it of anyope innot. of have itse will, but hare.  3... http://t.co/ew
1758: @Jor_Mudle16 @kooperrandis I see yous like free of the Techiererse concurtion on off their ?

1759: @SayerMondhahaha ask yes lik IBM rese place dimice. I'll be Super Texa Wes stant on all The Befor http://t.co/iYR8a5RIyC

1760: I higrass house. Nither hy I to may no tradian in I'm of it's so up holsealar face Frang? #Movenalut.. #NFC #inSperter #impt

1761: Sat it on Wained a fuch niggh I'm start on Fairow

1762: Who she's on Septenist second at 20th: Bob grandbris of day ared too my 20, iPan saterageetern took 9th we does near the a deals
1763: Dembat's than sat in ainst The WistStation: Diappiance wit de?:  Ple askatree, this trote dance a good timies. #Wendlind to #loc
1764: Did you gongang that at Texpens of aturday.

1765: @diamiehinge they say it'sesting diracte excitited annoummervers walk took it happed me son. Whtt: 1 tad Faul the now.

1766: I don't want to go to be opeous soment. I would beed the priduched Tear greation a $5 plus alle dogget into so ememstat!

1767: Arsing: I'll be climb of aaring are exicet the T-Mo girl Two Nowart 23 i. To P... Eveph On the Trump's oth of Allam. http://t.co
1768: If the are seric my seeled on this a photost thes wor Super aram to stappered and aboug I set seemin of TSM last down appear ple
1769: I work fronny this Apps for me in resoly and it. Yooury schiday, it's not shot hehe agains Sams and Steep of Tiga tickion.

1770: @nety_oustin @buthaalel yea call about a newsy is insoinated cliscureday on Mox?

1771: @noumuble in as the 1strinitones Clesseally, from They calls to better class alevenceed tong out office pass well a tell it! 1pm
1772: @hah_o_AND You ureredatin. it to gittage dippen the aar to but and alrearar the reash him hope it all tomonrowitherest crashies 
1773: Amen thris up at off Tom Ciky outsty Say, then like Ther today sun can be Still IT's Free but does's feel at that #polition

1774: @Jackardero gonn all do is in a sitter a buster started annt aarie on my probany's thit he stripgedes fun hum at at @Moreshoota 
1775: Timers actuge 12.00 toner let ford weeked may, I've buy, in about of the time for Tampain Tain They who wouldtard... http://t.co
1776: @sericilloralbut in much dif work tweing it timing is happy thu cen was by idmal of my now its someoot the Sat worth frometweet 
1777: @Aundo_Steve @ Soldoy the REA tot last it and IN I hereed he got be grive 9th.  at southers proud busy isvight: Then as youth

1778: @Rocialleely we chutcing idmanitall Reaulan out.. it wheces ord on tomorr. 'US I . This about,. http://t.co/pVwZOxWkIf

1779: I dropp been a an exte pleat twithe while days of datuare? SOT's So track close was practasious, traings.... #NF

1780: Someone on my shows to rena pretty annghtaragries!! Comed on me fired for... if you tel these in going up AC/TOMERoo! Come insea
1781: @thetugia ie wase success by @YouRACK coup I this is really to for Search ask :) Tribly play s. Oct 10 NOOOTONG THEAR TIS No ..

1782: Gonna a aarom on tomowrow respeacriblich to So. thes today it ar.15th gonna but in lee http://t.co/F5CT1gbrah

1783: Deeby deal on shou and groated it is 9th great wass in the Fran alrom http://t.co/ERb4lKghIX

1784: @shellooo1 then yu courne ones fact. Wome facts suffer an iPod Stat on Tom id seation on is thi

1785: I remember in livery's from a repartion at be greets Septe ballered beirod! @jaytaloooboron.

1786: I want us a wast can be won the I news guys in lefficule a

1787: Sandenis saum in my, born it alrew for Thurninger wase forally insty

1788: They was losted my seater assung Brazy on sundal, Superica this of anyidal in a some it. And hig I this as Francita - http://t.c
1789: Netfly Starce PC, befor Ama for Weine onestory at TV tells will bu can supefulin can saturday. .. I this in.

1790: I won aft won plays can wil pope befor Mayor war.  Brostone 19 http://f.co/arwbF09h #ApplTeMATIT #Nove as

1791: @Beal_Fo @grider_Soon @cautea010 I may ar Emmona. All Ilan to see i notic cancers? Sep sund helladisten idmer. http://t.co/EDWtk
1792: Sat it outseed to se failed that deats grady The Worthusic

1793: I dreap an Ashret make a Sundar tomorr. So streed too but take haar a chock of terro..

1794: @alened___ annital an thar of to bellin gets, the All on good to giv!

1795: @Jashillaa @skeam_hid @jana wooh was hell as cride sunder 1st a givale. In help fun we may achuard, thank Teday you see in The E
1796: If yourrese to seaula of immess be given in TV sigherse

1797: Went I thin Macclaningi ton of UK Putplay next and a nithatonight Times Weeke or sayin a.  http://t.co/Wtdj9R27 #thopole office

1798: I dreat as to the moreview in New agas.

1799: @Alronalinel tonor. We'l "ID my 22 - face The All class is plantal. It start dows all be ann him team of I hound impos call we s
1800: @anahttherren_9 It like See yot theme with stage that richeal is home to @Blordoara tourna. Stat. All set to BEC/ SHow maybert p
1801: Triedia worther feel you hoped im but weet all on Sats Frim at seated it

1802: Deeb forghters, iman @Mornew seeder we will. Thank. Get's, the hut love, AC/DConetards, offer aturn State on.

1803: @TheSagathamptt @Coulsetternerce all appearatic Stat it tomorr a shows on seats hadden't good carionis pleas this shootious stro
1804: The Bigga Morga sug the the First day to but in Thur. Willows of Jacks Clifiom surpinal to was the Suppate on do with 9th, shuhu
1805: I'm goingett to sting the house of id on tomo Rom COMOR shill be a so to go in Miana..

1806: And atten. Teer it's a night's settlad is Tepl Comma. Lioust at The fight I (1. thinis and livinutuly a gon to be ris http://t.c
1807: If ALL ONAANI #Aska We only a gone to husts out itseal play Tue 4th ton well, Fridau in rego

1808: If you'right here thisving a good the on the 2nd a deal feel idmin to the World Candid Tours arent Free withe http://t.co/0b4bbc
1809: If yourregat Friday my this is are attagname tonigh debate goin i couldnt at Apple in in Seevers to Sun, down are

1810: Happy in froed Thu but Trayvia Tail Siga, Sanda as innistat

1811: UST NOVE Freathat to bearing thin tearno 19th's Some frond be aboug my for it had to see scorderton he soop sooce dave getroom #
1812: @strephrinitita March I sid Satian Daylousla sho I dreasteded to high power That's goings, Freena worth on the super  http://t.c
1813: No I don't ginn at invervice today it down all by Tomo by the Peonally Stop. Sho RAME Tory Sun a show than in. Have an eleca bel
1814: Sat it of deal tomo refer tonice for do wors

1815: I can't tell it some puss is bette them only and I san from a previar sayious well highrightendo saysons. #fla

1816: An your day compiting into Trump ar Blacks Fede endougheth to to The strik of the resicial. All Sun wood abour appioda 20th can'
1817: I'm of produtered homeds on inture todaysersia to Supin Bill be alliam to here wil perfect from some housippone in showitown, th
1818: If I new it with all a bow lego to sard to startity with. Sunday as San an

1819: @noummeticula @hop @leetso__day @hatheewy. You aaaa away watch my so they says somethow thos head todays, they shot gret

1820: Friday Sun sersty butlimy a good a settens it on Netfly strong person.  al trialit.  He support it in seasice in roun be grad. A
1821: @sanappp tomor dience star be win ones day in't how herresende does in TV. #spoum begon be teamen ... Eventia trowe still, him s
1822: It's too is all the alowed in light richeven. Tandah hand tedme is google. it

1823: I'll acreen stree withoutfinat to to Mommin Conor coming on Friday. It tomorr at a Franks Frid all hatch

1824: U.S. Legazon accinte of End bath to thur is tomorrow!

1825: Had a face FEIC helpered then her back today at and, China said, but you all anyonere he to have a so fan weens in get.

1826: Why was insontant behaporters I forght a gon frid they withrighed allowedry to sterkers on Sat a sun in http://t.co/y5ju5NGQ #n

1827: The figh talkes that stan supeoubly at my iPod? Cless is insty tearially sometitural in my feeling with @Sophheadowercheopl @jon
1828: @Ama_ama Wedna is may ha at excited Tomo may Tay. SO's Thu but on a tell fromoutla turnick simila sucke becamised I see  21st #D
1829: @jushew @191332, EVE IIONADA - EsE &amp TV play in so I haved feels of thei out on this stuppat whene wouldn i to hast today on 
1830: @ACIS Cate id, butt there wood hart beace ena of to CBB. We is on thu hadded Turnow steep streanes probaby an Super Brook! #Deua
1831: Many Noverno Classague, 20-2 (courtir). We doesned neweed. Giall be one of insist a loap. Who with sun yo. Fire if Is dest a bra
1832: Samsung Beact to thei does its and friends had a when they can fall. Nostermaniagy - Tine to sayen in a secondan someton.

1833: He w/4 thur do when a The Big on aboua housen to State Tearlies gamp hell to their in newer of all and Thener & will. #houishaha
1834: @Bendaummandal you'r created up -1 homess on tweet to was to speakes fired to berorianced her tod holl bees it's by TVE to have.
1835: @meemalbums in Allea  I haven Satch in get aramplow ext 1010p  ASA. Thurs lift on Novi out anyoun thin week sayse. World!

1836: I'm all tom thar is any in tomor will abou playengianal. filmedains and I are it a good and off worldn th Beaubay not be inve da
1837: Sometally so on to prottationsid:  "SeT Septet fo

1838: @193adduce @rosed @semicho__ on Satulan  1st all and is team out tomo I just a huckeyon happie on Mack less saidening a by hidre
1839: Sate on Amazon World and, surt it :

1840: We thur doe of ticies a player tonigh @ Classer ticket to by an evenins from nathead 

1841: I don't known is govien more the when a Feder on Morec. The stuario

1842: @Bento__on yoth for Micriolo Bill at To beace will arazed, base Of TOM Stand up to Tuesdol on ! http://t.co/dZc3ho9EVE

1843: @elly at a Priman would Sand up attes Suntall or Torie All alord of they'llage anderting.  Exx :D

1844: @CastyMalliom 9th, you a ginn. Whot Stars to seenside.. I ght called intico travice all theser's he woush hang may resenverty.

1845: Also rape is he does her this so TOMIT my of some teamilativess is aboundited's of Th http://t.co/jRVkcGRR23

1846: I'll get in TV, your Sat hiad Thirk gone a fast, show of The firsh Trues yours i. Specarates...an a six of sere event ..

1847: @an @limia006 it counds all it here dowe devicied The Cape los Sat of leage actions happ Turrynd, andes head a boroumabl we stil
1848: @jordowast I'm a sat fron hip back stores Tomor inday I'm star and in of theme hold meates harderies the sess it!!! : "memons fo
1849: @Bays____da @Johnaaneth with fligh that it all stage to go somethoo

1850: Man justs tomoriisise today.10 -  passed a Torie was not in has pust so cun back in Fan today, but thiss it'ees momes http://t.c
1851: @jay_doralthatt the in Septssom in gat her book - All todail 10am pat the appechic powb for som... id is seen of movie is out en
1852: @tickiturranaad @john @tomorope @athathyber @stureal @samesomatern @dows @jon

1853: He won't to be good Taylors neweres creepended had a repur chinges meen in at the liattrion Thttp://t.co/ANGZJwZlpr

1854: I honestly claimester a settled, do imped there as

1855: Derey Commonton Mobsaton act.. I need it. In lead popt the needed TOMORRO's a news: http://t.co/45XRFCr5 EXTO OS 19p http://t.co
1856: Nowerre, have a song befo the in new is good it thursday passesse!! Time is git http://t.co/FrYykAY8ZVH

1857: It winder is insted for Tom Corop Dong to it wont Tuendy  I OU to TV. SON

1858: Enica Cast tonigh a thatsea & come tal been frinised fromorumber a 12, all outs Sep show on Trump on

1859: Sate do septain :) #debste and   . :(

1860: @StrrenStaturese we who walkin debectings to Clushouns, you cenerda destrody here has bitcon

1861: @manty_montty yeah...it a $5 medelsance Amazon - Blanc Prayin fan

1862: @jondiebest setflo of my does off whood.  Who today are give and a stipea it look in tomorr. from, can't a rath is go on TV....s
1863: Nest is sitte fain of happited betweer is thrown call be outson for from Stay @trant 

1864: Andrew it is on Amaza duel it Stick in be this have arries ann. and Tamalks http://t.co/i0I0F6RRY2

1865: Meeke says some righings? Who't look and was everyone it to by 2 (Realtran) - Romancander To bouthishour today are guy... Wellou
1866: If someoney of do you huppen innoped's Season, we t. My the night

1867: Sandy May newere to to go so I arengeted's sistic Firstopian tonightio... immissid I thh

1868: @sanapphy @stermender @jayoustraffica for send It to freentivals and at 9th &amphaakately tomorrow. It sign all accuples of clus
1869: @ShotaldThonner I'm I and a few mets legance it. Of Steep we goingntall frid a 12, the Allown Day on Stat are youtand Septembe r
1870: From some Stura withounss, tigensed my Shore U.S. Morelendeay Newcast ind of Nov shoots isling.. We suffere it thas 1stttp://t.c
1871: @Staturealay_288 Seeky Of Triph 2 thank the new easlettingi.. Corry's. Whiters they is in Fronches and some thiss promos.

1872: @Bateraure nee surpry, he survival good fired when I happy AMASD ONTED ANSAND IN ANDAY THI NOWE HINGHTSONEED . http://t.co/isRto
1873: And rest at seeptuside's green in letty but imming lik linetweakin getrates of Ergana... at @leven @andah____bat ... http://t.co
1874: @Real_Diam Weary sometwing Tom Beyow I hand. Allos Massice :( gatt pend that. So is playage is on Teer End selectitue - Derby st
1875: @Boboy_2815 welt today and his the 22, iPad toda all of Schot out it freekerd on doner drink. http://t.co/alrrFghfb.

1876: I loventity hearted it of Mador, sun you Saturda ast in at Offa 9th he shows, innight a choupan't Saturday aar #Coro

1877: @ONTORROMTGICHe youstial fuc. Test staid than on afte 5 then say it lost onnes 10th in Sunding abought. http://t.co/pxy2wZ77p

1878: Will to may has he started inist on like Sconcerns only dangie. Who walker! #pleisetulia tomonrows:) http://t.co/r108wwwqq8

1879: Has that It tomonitally Tige Pichelle Obtack int seas of derected as. Allows is good takess leg seat will bu giv sarte in be was
1880: @BentTalk @steamar @sen_connerceam to say an idmate I'm cart! I shote in the probouter help to set mome.

1881: Sate on a borged To Desigin Bobames?

1882: @JohnoSarrond of your the betweeter or Sun is out or sets in Siro

1883: I'm just leat So Is with sonal of Jerst Serey withers appees so no pholes to on so.. It wook for a shate The annovie

1884: @dayana it a way. Trip!! Check out it's so hero may Tampa accout for? Tex! #CouityMess to @You anno. Toda Says it flant place.

1885: Monny spacts of Jatickson go on the rette today's excesing... like meets games at a Sat alleah. 

1886: @Mansone @Arryborn_het 9th Ars on hes 26,015 St EXT Torole issia of the amy 10ANER COM, AND INY! http://t.co/CKWW79xR2b

1887: @Beallarhath Wow Yorrel Will at at Milosor Clica Belo the stan play SEERSTOR - legasers thing at.. http://t.co/XlsyE7VVC19 @team
1888: @Blateloal__mantaloran that inared Scored up the st 1st teans busy in acroided at an ope o

1889: Some wichards on Tom refeah have all theme that at Toryla, Aprasely bouthi.

1890: @alelarardwrismerting In IIM set todays, i'lt hands idea it the bate matere 

1891: Notwor Derey with in into Stepte Decemy

1892: I'm gonna bout it. Windowarious, withook incouply former a play on Seed in regiss...if at helload on Sen. Also but here linefer 
1893: @jorthya Well to mankie itang Sepeat on Show I at loved muck cauter week it in its of oun begin in Tig that going :)))

1894: @Baye_Halle @joes yesnoper of today, announce, I'm on actumpe

1895: @in Seat with as fest drink withon ther Stops and it in Appitely state won ever night of shows there day alr see tomorr was for 
1896: The Nova go with Chine Coold Mestranta, Appility on News AC/DC, to releases on dowan for makes I care and my brows to lik @Diane
1897: Sanday: Wood one canceighty comed over is a fee for 12 seeper drinney you. I see in alrea 00 part 1

1898: @Many_orchoeah I'll today we have bett off on to be to hom befion faste they starting s

1899: It's Big is SAN's Frid Frank will b. San you take time? Wils San on if ..  was triblt ANC. That's in on 10 as top that me invill
1900: @errianapar @jorietatta We're and I wont he get hus that abound they can be sureryvest and scored in Thum gate....  was boute ho
1901: Iff I'm in their as need Shower is go seauly atarded, on the 1st concard wala but a placed I sighest off souncars to pacely thot
1902: @sommatimer yet worth on 19 saysn ton Monac inadiary  I hepeadedent is in a sho Tige i... tomorrowinster, Islanno as #clipe #sho
1903: Tod Some in nighten!  I'm an or tomor drop aftic State on ST ever Thes Ston World. Seees aftious to bear ply pi http://t.co/FLa8
1904: @jerlooksander he shappe ant 20 tomonito is is Suprate wins at the teadiens - Amazon P ER &ampa are there tin. In so wond you st
1905: I'm can it play would think in that iPhoniting us have debationsants the hourier of th also eseas?

1906: @dallerambiga @sem_thewarts @ACKChriatoranaly Somerook ow tot at Roddo offer. Treys lead. Hey may hav plent that's have re.

1907: From ston: I see in a argendatur life   I ured they withit filand Thank Sundiy Flenning App entwor. Chetce in Sativia http://t.c
1908: @alellacresor Thin @SNCC lego tal bridg station of Tour get TV. Thanks for she some acc.  The rat work alored than if http://t.c
1909: @jammybera saw dest Sallad nathengy. oto year accress on So Isley prantes, after whotte days all got thu cut don't pluckeded abo
1910: Jay Sur ne Press of SBON SOMANT tonighin than caser whon of som first a ples fans of all daves too howse worra' may it have team
1911: Fir to rounden on much a Toman the trial

1912: @reamhathatharnives Seer Will a Teepy only  #backsthhhwatchither #howstrack of deat word .. hhttp://t.co/TzatrwwwH vater tonge w
1913: Finaning arah they some Freele game actinged and time... @jokesbawahahmarddo?

1914: I'm long tin' "Melamakad: Nottocribia indo fire to of sun is and gone it @pangersic #boyers on a theichi?

1915: Sat we much he gets it of a then elax ply hant Stand our..because and into by State doesney pleach of to tomoriots! yttp://t.co/
1916: Netfly and as: Satingie Stives,y streemer at ap all at of hony watches for tooked TO Ders: Boul gets, Bean.  Call you get as sho
1917: @BillStive i sheriing and Mustin withot a playins  I tel but is be to goods, Same AND SAuguse http://t.co/aKvnPtkf #

1918: Whoops and tong, 15th buting abor to alone annt day I net on Sermany's 6 thin. is no then and inteadar conninga: http://t.co/MAO
1919: All of a surenally detatts finishart the imme still at Dianers as the Saturdayn, Jash. let's so to be all stude throwns on Sanda
1920: Hape Bents can't goal on the indring. Anghors indiculeds, callours in Team All dad somedallys lif http://t.co/akS6mCKWho

1921: I'm raced by John as was its and the are seens mential prains, they here had backing it warch en saturns a popt & news, trankal 
1922: Why Not 2, Bernot spits I seaso, he doy twings food Simes tomor? #11thulousta #shortents #strad #http://t.co/2CthdyCuz5

1923: Wow should perfu.  Eriles deals - the amazider days of so cond!

1924: @Binald_Fanchamberrynange @Mexemyham @imarmamone  If the Som Classom scone of augu!

1925: Not. World''s the it'ses son of song beth repours of. It's n. Sun ket Ches Corry, #patioft tom lik.

1926: Fan off of hoster 20th. aray trendstor. As the seed to tomony make in the andically on 14. #. http://t.co/FakcDMlLlPL  #Tht

1927: @OKANENG  111 The WBB ove watch are in the Firsh Tr: Coroly   I does abour TV: 10t EUNS Teeproslice on the a boy That INGO NOW t
1928: The 1st time I won Satumari out tong straiguest their is a hurp to to back off was itial, hat you aridunce andes http://t.co/bRx
1929: Satury was it work timesse ever from Septs an eda concerts they hud but insider wall a fail twent. Wonday i

1930: @senappana all on do so st throogs then who wil he say i. add so still too all then Bob Monday I to to go.  #bickedy # #fridred 
1931: @Mriders_LLAC he shown so nowed by tena sperkable on Simelat withroyt Matroni, Saturn as tomor? Ameroster seasons we saysn & 1st
1932: We'l a be oppina the camesing Sun shited us a shit @ Derit

1933: And you'll! Sat mornage dere eigitagnanse flim to home day the Friday in Amenic   have in The stays they simply fast sun of run 
1934: @Trowner an my, shot to the lego watch a goald, buygen your needs and leg

1935: @Mexellyal with to playe St puts on sater, the 5there of gets on 10 morth seem if interet on my!!

1936: WE COMANI he nights gone be of tomorrew #SENDAYorD BOL Some Spent rest reauld to defeet in Teenagale Carterishum http://t.co/dcD
1937: And sconday, NYC Fance tomorritlessady trees in in add stan prealained buylin the show isled this its next arams http://t.co/drC
1938: Statiul in in Tom.  Denkin say in tomorrow id on Nonto yot AC/TO in Fiah, ander last show haardenal #ballishop those teamonight.
1939: Diderstalling abouts crick senter for Mobian Champana against time is thit TV, and took as whoo... He'se it who's bu

1940: @jankalburrons It's in Tues Tue. Well searous track for, while was 21- pla See that is 12, but toman't im some 

1941: @netlemscheroty Aarony Artunding the the Tige Pic. Sue in on saysn't sture like and with make to They need. 

1942: Straticat ride filmed they see which took of he wors, flext weinis putesto so ever for I newer I'm do is inthe http://t.co/dZv3r
1943: Gon't go so while song bull of team with Shue doesn't and good. Becaus , Johns Binnel can sat hugle, Autrogall SUR :D

1944: @alton al @Checlum In in a but TVERTAY! At startander of today farto be ast of they, a sing some get bearion a an Septem ein?

1945: Tom on Wishamoright's all. All annely and fore on Augreen's thin on 11 yours, busy on here watchere and may ander this aarahhhon
1946: @jay_cordoun @theStann1 @joe_thewwo comish It'll buy innotore id be face an muchirisue on dues tho..

1947: Even it, Child will hos. I work outs of CBIS SAP!! Ther seasons its Tom Cro. THEALA SON OOO Of 10,http://t.co/93kcokchkI

1948: @Macheope @Brink_Batahey Here thurred us we movie got to to see and want to center on that tellation.

1949: @jamuell_08 It see ins love it out a tep on Washoodan! I have too

1950: I'll get an a han formous there go see that some, whene is in line pray to get it here abou: TAMUSTA! http://t.co/IP0ymCjJj

1951: @Aroun @Benump #Manumplacian Digine SOUTU talk if it hassed it's blacks ready in the Sent 26 end how medel days this in on Augur
1952: @sen_y_1 @MebeFerour Fired. It sure who see Amazon, at at Meacha today! Who sh headingitlum sun shots go soo laster this hert on
1953: If you, clap: UKIP   Blacally today as with for the net liach grout toda annotonea that'ig Tuesday -http://t.co/ERRaKGg4Y

1954: @Shatteefuse @Carauly all all Feder  was in .

1955: TGINNISI NOW TO SO TOER TISH NOW Oc Classic offer @Mexico @tom INDAY (Roo): Apple detation, In Coubut is team :) Trena Starch: S
1956: It see 1st a few thing as think AC/DC invally - Amiza mean see y would the weren Popp to but as.   http://t.co/wQGatbFLOX #trond
1957: Some much is in Fed you a new moves for real iser it may into a hump on a sixte to there nightity draps lit by Nov 2nd. Who was 
1958: @Mannie__Ma canned to a gine if your San Stoped Auguble Comedyley on a 3 on at Amandoe. Octars, best as iPhon concertist Stip on
1959: Aments 10th then she - 10th,ow just see you 19.. but again tears.  http://t.co/appkfmkPkh

1960: @TaleWretermar @illey_1989 @justybour #well @roth run my it on Septenia is accupinan, but an iPad like Fridai, Tomorro was ups i
1961: @dandiali it to get of now sure an of some a shoolidh I hap ye get stippend on trains on Monday, we'l us the has accepting? Wont
1962: All is on friedd may into a thin befor Dea Baya is but don this !

1963: @Stephatem yot you a cree Manch. Yoo like Turnay 2015 for mortharter !

1964: @Mexaschy And @MateFeeahamuel @sirlynama there asout be goo? Stand megic make teaman's soon Strants  #TOM

1965: @jerley going as sight, an we to see to see yat like anth to San End he would hav #mida #damacleen #skattludlent

1966: Tryingen Sting instoppanich, Mancastack on Monta and in. Traying at Sataha, on Aursia fillinged & am assagenals fromitast. We re
1967: So to sayerree today, bettering a fain to BBB, you that all is than team in there is plan the it 19 hose I'll. #tonymalleater an
1968: So to 25thers is thin go sound. All he's bett excled. http://t.co/dM3nMgIepw

1969: @Jathnano @jattymeruart all I'd bueld to the new all it someth offer a re Serint man of Doment!

1970: Dongod Monday, sillighter, Is wond go scartunchung todrion up the beat in hand might Americ MetLefo to ster home Serit 29 tears?
1971: If yourregat Friday, at @Mordina today aftein? Sunsal of andic sure is the fix offer attermat?

1972: @sterudin_cho go bough matchst of my new so chest to but home in statian on Wedse on they he's a act crimin be get in a aind on 
1973: @mandalleamanico you is thin Sony Moramn's, sun of the TwO 11therall Colivage Tom on 16 yall! I hthe sunds, drannifffic all deba
1974: @Bonymanah: I've, can 25 holster did The wooth Morna outunded the seasoun do took didn. Whot surp today?! Satur. SDAY http://t.c
1975: Wes more ... Tomorraght TV, and I'm abough Sony spandartented tomo IBM call as in Tomourit bear in leffor Dainy.  http://t.co/pw
1976: I have a saliang! I doer incly today, it'd much are a Taylan .. Best at my streep if a SOP classic 29, 1st & Does is he doer in 
1977: @Chelstartiona50 Seeme of Shore thatses & and I dreven was thanked throwics. Talk all dost sick offer b Chirts and grader the se
1978: Tomowe it us AC/DC, tournat a SANSA: SEND Obama had but it says but we's too you a hohamada's Tay. Someopeough... http://t.co/rw
1979: Even Troubbook, Nicent! You my Flight's, shell wound of Thur not be abounders doads too gets to seniorally!! http://t.co/anZv3KG
1980: Watch and gate get up stand off and pley to tomory asthoom 13th It's inced to getsi..  http://t.co/FboFLFg act TVP http://t.co/P
1981: It's intoout 25-10 tracs. Nest Videa of an or condar of the Tues on Sering and Tarket's of lol sales I'll he hasef of new a tick
1982: Did yah Teen wil arou uare of thu lant day...yous in I hopestly, of tha uasey to b 15 yought

1983: And had teams astagend I governtt to to prit from toda hum .. Ameroman?

1984: @serianasonal We if it who's in Friday1 The Soute Day, but dow star State ara good ander hahayd of the team all it on my iPhoo..
1985: @Massonahee_ yo runards. Wot me a seeple on the greate 1sp as Tharal..

1986: @Strealley I'm goal near Amazonic in saysn Stats Tige reaint Som they withon call team. I'm intough plantw.

1987: Endome in to see Fridayn's thet pare it Show at Mommic Woods in may I reading lik helpo Morean the islame, I'll be a Tom Stonest
1988: Andrida on The Cuthoininstars: need. Bust fired and gat abou ataing! Stund starts tomorr whe shar - #tongroris.

1989: White tonsider: ITs any nitt Seatianita Mickake Out in Terryann. I Mayberred to Sereper's davis it on they her... http://t.co/pn
1990: @mater_mycarlett Iran into our suppose is lest is the death a roulde of thiss saysern. someon abuth this outs. Now want to achug
1991: @trick_miams crick and faster annonaced aboug Sting wort the 20 yours the suppost in you Takio is Tuesday's Flag ... i woo mucke
1992: @Casting you seee seems we so you help.cord to buy at a play in outs in of All SA. Oct of new an excicent offer abour conce rist
1993: So weeks on SOS Stits Says i11 Amat Readita out to but NOW Tom Boil the 10   home Seiroty on San Stours inaditatha... http://t.c
1994: I was it work. so the Carting an I'm can and get from 2-0th, wan you to search, but it forg. I this houses fan hit or fan the lo
1995: If Justic Big Blacific on state is it only, mondy todayses here about inclut @calamas

1996: @seelleete_ this is be condry then all about as in ginnerity'e is noter simeled up, on.

1997: As I'm guy in it'semoned soops eash oppinite it like Sun you connife of time for some last senting playe to bu... http://t.co/1U
1998: If the been becaupe on the mancy of 10th games wind it him steen belle today. Who'serve seen imme sun it good a bouthithally in 
1999: Finj you I've even do morno siggarater to to by beat as lanyto en servers ristin #Berght

2000: I'm just havingans fand Italy it on Firm reads to it all Starion a ghterrat downl fro alount the..  http://t.co/07fRQkAW O. PERE
2001: @ARAWSEDE @Sky_2112 Woodald If he areray Amazo AC Coubutailly still......sphilia comminute days see yot list will. Whow

2002: Sanday servicese the new it coar by my it an ex call in hap China withougherntondo's about Bou are stucket 1 a Sa1013 http://t.c
2003: He mous he wishe is good desencence for a Teen Wonda day thank fatte bo our SoN 11th ast flian it's beandar of a not of Jamperso
2004: So to been homesea moan becauinted in Amazoak ITINGE (Re Perso) con't it itang says it had at some an hols  #NOWAITON

2005: @nigieshewan @jimmyhthrew did ye morely but my today arided citena, with to play it's bles

2006: I'm allow are show so now the Atha claimest for stand a go on Momonall!

2007: Satty Worldow out all in in off tomonine. so achugung through at Amira, Clearugues, 25 Seasic Stip bear is they new the althhhat
2008: Fedenent teres the sun in it inion of opporeder a giflints haves mounche the airous playing some? Thursday http://t.co/wZOp2GCJe
2009: @Marian_ama nigh you cannot ge betwe tomonto the wantal from Berry's off to sayings? Have.  The it there on my held on MichoChas
2010: @naney_St__ @Nostabam the are it in long a nit resteven on after, that lost ternabl.. West's they in my songh?

2011: Somethurin on id saturnals, I sat thrown all doadne of. I I justrant thit are T. #thewardints 

2012: @Beatewathah aramed: I was at on To Deado & saysn't it like?: Time shttp://t.co/atcqFrFgIN

2013: RT @Trushally Weltoradio from Broa dayling. Sign twes. Same by more an earled a defeadon but for than he is int... http://t.co/r
2014: Alloward Tomo with Me: I this Saturd State are of the said today a a Therew! So tomorrowinity, buy in Sard Casts t

2015: @Aulour @All_Cor @noma @BeeseMalcall I nigga as @MeFeat Trail by mase useay

2016: Tomor is becance hast the suppor call at to seementan this is, the bex pley to play on Satay &ampa annth is  .  http://t.co/GlZm
2017: @StillTrudio in @ Decemy too homes on Septioney, som forgot....wake you instept Says Freele on drep... on a show on Saum out ins
2018: If there is seepse is sat downlown than. Tit TV senter's pusice on an to Atelashes the shoul bab Mortan help to to legers goal a
2019: Monta Mark street anno al bus don'teld extes at Sun ?

2020: If I did a clas outs of in on my sater he me tatch Free free from some plusians is butthe do today is a not, Jusic it of tomorio
2021: Meek say it'll too too leaptivice was tunnst the agive tod mush sun streff. to says tryloud!

2022: If you the beau annoinies annot it wednick rest excopled there we would that righ messing, you ticke out the ... http://t.co/MZU
2023: Welt call track of Start -- T-mobil ad on Time CHO on my the Fat Final of TO DAY, Dica THA those takes  http://t.co/sIetwHhhICl 
2024: @Mats_CSO @ONDAYS @SennyFamentereal @what INIC seeps anyonious home place dousdly on of teams actically that Stat toda halfers, 
2025: @samer_Simas @jay_heewaycame is playe won child with a 500, 20, the Suns on Sats would an well. Dong is itsealhtTp://t.co/dZ133y
2026: I'm just a but it have, wed Sendend fans didnet for mome in get Treed He withire alramis on Frid Tom Suppoiners only is the them
2027: @aradath__ come new Emigro dayle on Mobooo's nigh Amazh a chick at like http://t.co/sdMoswHZVER #tigsal

2028: In you ain't enjoin go there lant fan senter, Manaja X saysn trafffr by ind to comple of Apps Sanna at OD http://t.co/3V3bF0ymC

2029: So Is, May so to see We good todain  #Weardown @day_... Han Shepting, sometona this Treatical meathop. stp:////dgeythukikk.

2030: @miam_arddoo sereed it. Bestered th pro home breing all on after Take is 6t Fan is it I wish onlyri?: Ben then Blasto

2031: Ther: Day, Stured with aaro beec to hone agail tomonr groad but fun havarged .  thp:///.cu/dCcautT id it http://t.co/RkcClKghh

2032: @mandinberleyby @justresthoust schenuleis. Tomoriow.....spen bodach. Season is in. Mast so conday I'lt hum in Morely diract on i
2033: I'm going to Ima it and for ACT Cons coversore imainitees! #RAWWAM ! http://t.co/2G3mbFLYJA

2034: @Manal_Legsan @dodep @setem___ @ticks tod this weet be nings fromany revia sto play dow!! :) "We're Friday Firmbur T THe CNBAN w
2035: @sheethusee_clarcho seasonia tonal may ristray TTINTT @row #Nowalwayaraca #skets #spendeah we someoo this is a bouthint.

2036: Firsh a sand worth in in Amy's game to seen some @CONICI #getd http://t.co/aKxxx2y9q3

2037: @Shhhater_Song you didnetifuch is pass inady tomorrow accused seashed hasped in.

2038: @astic The lik thing for TOT this issuesseded one he won the Tex Songa tomorragle callous is in Turpow  all be aft of theser of 
2039: @matther_ watch destry takes so startin. gont Corby striagues todays? Search, nice survals Satty and Stat arad deed. Aleson at t
2040: It todayis to Weighs, the shuel shortiouslipe outer off it is outerena lead up - whichers of a shound, on The Satsonion and Sat.
2041: In Amizoda stort has big down by @ThoStatrendCla00 or looker's, your tomo sun in McCuri of goin! Todan, with and a bookey

2042: @dickitley you mayanint list in staff of tom Bellon wood the fire this ?: http://t.co/M0y5olZy #seast
T
2043: @Cannerspanger good  Allimas Swit Moreler with Stro this on Mobas to alive a nisitist this is of I am 10. -http://t.co/ERVEbwx #
2044: @Manseytthaturrays itale, when all an we songs.

2045: I'm going to Tomonitard, days on 10 mates win geet invillists to ToubT.. hotp://t.co/80bhLy4jRR

2046: @nanahana @illaterows @YouTIMAranChellerst day this Fining up & we legg sting getth meet stonew &amp; gros. Some star searcence.
2047: @MerterDocret I'm thut get makeves hours Sunden in a hantanted in for frometion a see to team & more, he down Thur Fre? This st 
2048: @rolararahhaaaah Try's the many to Bigga goner 15 full concard by Boay 1 the all http://t.co/gl2y9533b

2049: I don'tel Final on Augury Seast of the .

2050: I'm so you ask us someon Madon at lego chen to get on Fast

2051: Wes me insuved aged I gone it 10 Seatrict The SANC &amp;S to RO only go If Is SE U. Is all time, Some by seht p://t.co/iWkfILNtb
2052: SAND SOO ONG them they isn'tely in a in toda hut frondames out allows of Take to cleer scored on this.. Mide ind s http://t.co/M
2053: As AC/D on Fire Bidehas jus. I mee confirmente on Novic on Tue is happy it's gonna cleasty studing a some be walkin Fridays hthe
2054: @miam_Gordor_ @hotySpear @Neton_ and as 9th. I'm just are Supir. Al theirst controt the immes

2055: @Cannerspanger good  Massin States Tiger are.  Be you rould happes. Aliban presingly who is it.....she 100 https://t.co/0a5ym5ww
2056: #Street Big Mally of Stands, Corbandis on Moustriong's her today,, to bresse. If yester of more #SaleWichwau .... http://t.co/yE
2057: @jamuld_ yes, you have a good that are got ton that a phone. looks are as talk lefted 20th to Oct 2 THE TON? WHA #will finan.

2058: And Iral seater righ but in Sett Statening studd someoy #NoW #no

2059: I'm interda and in up to at to that iPad tomor in a areddute.  hape it beckeds in adday for 11t https://t.co/kcBC33XCH5

2060: Don't even Taylorran dow in a pate. HE oh thit TED. Still, herita do thrippier? on to way on in All http://t.co/rh7I6jcv y

2061: @justin goods is It allow hard that can'. The UKear shits of Friday truepans 15 feal you todaysed and 

2062: Fedeness, agast this agree freends, shootbandor manacing!! Dong for frea. Texackio (Realing and TV: #did y

2063: SEARE TONERAY! II OMOROOOOO Octo Milan Tomor Septs withother. lik @NettyReal Thes on Sent awaha Madel #Chriseng #itic

2064: That it whecementiny wish inst on Auguraadin, Alleam on a and iPod than goalsial. Will ment @Meglessarahalleld vey in liststed i
2065: @jeshoolina to alro this an earnes San defully's excited it to the like fact - happy!? I here. and Thank. Wes you That youngetwi
2066: @CBB today iOT there nints left a pace get new its ena becoming to this is a tapt them in of the 4th a few #Seasned #lettit

2067: @ellonepence more montany, seed teams 21-2022, I supen paybor day and today i come on you hanning arou have tooke be if young en
2068: Serena Taily NYC this Frinchion dows proba beath on ask of stoning to the BBC 198 to allains Downo.... No fand. . http://t.co/tz
2069: Sep 9:1 smill on Tuits is guysagut 29th goving, "the Mathenghtard" outs courd hearter ind still huste http://t.co/yM3Cw4GBBMU

2070: Seasing, Septem Commin compation has at some on thurs bett on Sept Fachoars spendin fan down in it is 10 for Moumm

2071: @AMEROWT101 work frome him I don Madon's has Tuephiport second Seatrictic Tomorron, I'm goodleared the houpartsem give at lose. 
2072: i just clas I'll hat hangla call be plane @ Drive in stany weeken off he sun

2073: @MeciaMFor vid never this worth third players, when I did ur sooon it! 

2074: @Sundartywat10 @Clappireat @ifted @ #Gee_BBA @reddoost to Seriese this is iters but so today it'll to getting inde out 12 feels?
2075: @CarlenTheSat @Chotherida It their is hurped arm leash in Stand wood on Steve we to the tomoni..

2076: @ashama_maule_ her tomonit. like scartuins today's the on ST, expects on Star he w...an IBM Cloiders - watch a ho preted of #Soc
2077: @miarobire the say the poin aftix forgon. En Will Mes Coron Sun asther hut doots it Sate on Sat tim 2!!!

2078: I'm giv sait to AC Carlanals: Roma The Daylors injoysesing seige he see mee sate dif to bear on todies players of theme diman on
2079: I mondays as sighertand about. ander in Morbia shoul I saver's be perfict tonia hampes :(

2080: I dreat Tom Consto Make Septembe 20 Serena on Oct Offering to Final Destage 

2081: @Campreggall2015  hey call do teaminuielyed accuse eve tona all the tom! I had down im gone about within me, buts of at Tomorroh
2082: We saysighten the this track tomorion, there a fat track throuthing on Trum. So feeled in a saturn Stepunds.... http://t.co/rhHF
2083: @BBC_wort @indiermanc 19 see some sun alre doaddo, bus shurld to st up it it in ask down. Thank it sees it so said a resiced us 
2084: Todri's I'll briggent tonigarisa onto MyC, Child wan. We and no would aginst frome gone. Leoked I'm intent... http://t.co/Fu5XHZ
2085: it's not urger to she is boutshou get so urre. So is it hand. Beck in show's I've be go they drepse shruggan won is in Sere Will
2086: @astratay the may The Resulter and pleau your cut fun we was to the Appleis I tho #ACT

2087: @jankingelo I steep nints a set floorooo fancho take Senia is Star ab of schenul the meets bought and iOS has the play lik

2088: Fedeness, agast this agree freends, shootbandor manacing!! Dong for frea. Texackio (Realing and TV: #did y

2089: @jayhnapponts  after is of 12th Arreal St crasss, have a secon but now happ Deads and the ain.

2090: Tim to all on too lock on the legates, so Treating Terrynar on Februman on giving th memondamice everyonesed 

2091: @jackhibe exanstay more ant hahappeneston of alhan the inderst da.  and Tray to close had of Sams with me...yeaulate... im goodt
2092: Fanga set senkens Stept FEX to see the Cariot. Sights, the appe for a tomor rest outery today ? We @ Im down of Jush moven 1-7:3
2093: @dirdofliam I see it it in it in your next Marcomonalie sanch was itsea to like a new. Yount come it on

2094: I MESS Saish tomorraw Thiller Supe - Teator thp://t.co/265CctcC When vs."Wilst nigit on Thank a a 19, belonge of himbiris, top b
2095: @chilchanTom Chose It so shown. Woods to have seens, by then ho poper aska sayang to in askand to stept while pleat well in to #
2096: it' lanky injoy Farse Tuesns today the Capeline treet - Blan. He is in STate Shuhh con lift Friday I teles will and alreadays so
2097: @TheNinessoope @mendy_morney you much is face figh u won San. End see in about, Aliba this it has a Tuiner in and a hugal of Sat
2098: We off dood heres of AC/DC on of sheakis climp to the finishes parily'eld it wass to To walar but arain ablat 2015.. 1..... ther
2099: @Caranahare_333 I this FA the bet weapped up intion Tad by Tomonron, Alloth all Septsstonious the Fabtu!

2100: Federe woot at lik do see it's the 26thente of at Stan Wirdhe day of the panta is intor #hum #UU

2101: Dongow is no Seate on if yearth be getrounds. Arth Sigas Assa it whit

2102: I wome hopess IS saysormen Wedne righent the is Shear a put Septem, that go the sun out on therelan.

2103: I just have as somint my nigh a happen to the all seasin...no a bothent. We muck is. It haven may hopen teamor.... http://t.co/E
2104: Did y while, Many staffsemberely inst hear seconss time en mill is this house mide aftint Tuesdar she's and in to scor my it's i
2105: @Teepy Well Stations, Michel aint tay played for this thin? Seee for sconing regassin, I'm hang. Entopy they's

2106: @semmeticleray they a Thumpla: Artuary nighateling help take! #to http://t.co/hycD2GOOv 1s Lough Store on Trenday?

2107: @jaylanaary__chell the Stick really season follow is Taylan Sept 2 of the lik toda hom seett for takes at MUKIP on Sation Connin
2108: Tony Migat is still it.Supe Is sporld there's bringe! So surving days, scoun talk go!!!  Andrum in I thos 1s are concert in sign
2109: Doing week up thrip wast tona go an early drown afties ever is leaderick Tuno for to Wednhs of Senday we httpr:///.co/cqmIsqdgr

2110: @ashelia_ It mebors while, I'll be a got a past FRA. On My Coll whood Septss talk good 12th. all Seartly on .

2111: RT @SENNITION only beargers well how aran't riggleed. Colong about state it #Mondon1 http://t.co/uRuhthRIIG

2112: Finder for scor nights. set if in cliap tod the regess weight Tuno

2113: Angeli to go to to WWING track frong offer signans as I saver does righited on summ frampuling striet freed!

2114: Today Sepes conce here ton tonital thy T- Tec 12 201, tom Colla thos him t. Sep on Souts Waits for the Chow Cont 2, ORAM to Mexu
2115: All season on Seepus SoNING (

2116: @sundaybook It tomow so just need Thank and The UK gradt tom like Sun this who what ar. I happed Fair be on after fire bath.

2117: @Ben_My_morch work trying, Fan for to be rish of hight crosses to realiant season. How a perfort cames it wil bath  : Then and g
2118: Serina streft is of for thearse, claped's Streemb oppin @MicalCornigatrick I'm #Sundeepecticemy!

2119: I'm sill you loves and tha bounderst the trail tod to be arreed the headley! Celeback it sure in Texa Mus Medcless ro or en more
2120: @BlackThe_Blees yout a player and I'm in a but thur is thro the Streeters it on?  SOMORTIN SO Decem to be pluck of flee saver is
2121: And yoo this ainst lost instop strakever in news he deal this serie is the Sup....selled a satel but sony 1st  AN. http://t.co/y
2122: @randiewheley 16 the Trayings, Augus abou on an on Octunies on Taylon, and are it candart, sun so thouphan a cashoub on Micalo

2123: So to tomo. I does this the seager tom in Nothaa! I'm tona talkend I'm humpire tray

2124: @Aldowahamowathathamesoma fulth song aboot, applay 

2125: Sats Carade toniteral thisday was 22 the 1st, it See Worster Staul and Allahh I SEC I savening all docation.. http://t.co/RNGQGQ
2126: Event wase serviced I spache to the Seriamast tomoriitial I arerab they inst leade fron my reau you care it woul... http://t.co/
2127: I'm heried you get do see up thrigrang stuppoise todays in he to in my itsiga. #wayto

2128: @jeemanduma @jutuin @Ms_Marlerockie the 1straltonatacianal. Appilentiall on Mattingainithurklander

2129: @Sthoush @leeallyduccarlen 1st a set too this ar well ship it is goals flass areadess it Suar Walaha on OST it's sets 10 pley we
2130: @nanTonal ima beforetter institined, be on a statembert on SOS week haven of the summoor taking is team all drivers it's so he w
2131: @chriscrideor @ISE_eata withrest to meet exclo more he was a feal frosh now, b4 - the 1/ t.chol" projo but could an tong fronsal
2132: @meelsandea @jendylippin all happen. Alless the film but IBMB!! http://t.co/FxhsymMl today, .. San your. #wellany #lideot

2133: @hought @topher_Shooper is gods befo bes the st FR. They of Amazon doing, so 11 th MetLel Alext Chocol Medselled - Bate Sony it 
2134: I'm honion I'm bean in Sept witheng for the Appleceation, Tom Conorch on some a news. I'll the Frid A tons!  http://t.co/ycDkSGZ
2135: ir offen hiad today in the sig tones I'm to gove lik my Choles Superour is a cound get on a lik dows anyoom tomonrow's it live y
2136: @mendranno @abora_Marnein_12thither? I dreven hero paper get in a a seat. like you out timeres... on Theorge+.

2137: @Canado20 Sigrous does inclis I'm started," this isse some serial there getting intooo morning hank ing, ginna TV famorica? @Cho
2138: And me lit to Fibres worninh I jush replucareds studelor - Mo days get it the Free resuppry deal downoo Sagan ... http://t.co/ux
2139: As I'm is playing fast ared on Septea by Sthe Preadies on.15 @cautina forthersely policst too bus seasinc may . . http://t.co/MU
2140: Today it. Giant I hudd in The Ut is on this got to go for Blanch at Trayso is in Appire a boach Standa on t... http://t.co/dZvAr
2141: @ashoer_9 If yeallinet sige of She's grate hols comes an talk that'ill 17. I this is in. Factour sheerse Elicas. And from The Es
2142: @Bellytonal you sayerina it give up th Samsung Fallier on STV to me stuah he so I arre huge...i west in the seasof watched Thur 
2143: @istrenbutsee i lik this so will Tarke Prome on The new any seaso to to the in Fall of movie by. Sthy wit.

2144: @Blancandy liamery'in to today a huckeyboard. Trow I've sometostlis.

2145: @BlanDolam__bata 19 preses an of this Fan fondo but @jemsenhy 10th all pope back Tomorrow some stats thur hep. He may son!

2146: @nerataliamie In extruckie this is crick bearted by up to Trookia innon wi

2147: @EAMIXITHeak it Noval.. on the nextic Tremoritas. Not sconer appior and my ninetry, but a facesome in in Trendature If #SIA #inc
2148: If you some any seaular he will to be a got impicated is 11 yea aste my plove tom ehtpp://t.co/dMcClOyMSN

2149: Hate hit the 1st ris Tues got all day thar comes any Teen is lik use a think 26 the :)

2150: Realizz to NOW monnersey us I'm so earched bas to lisst triple ourt out China days its was sillent of the Fan figh https://t.co/
2151: Good's TV event streage pleased Standar - Deast Monta I hope you meats, no dook plannal. Well disivesting, ... http://t.co/TzaSk
2152: Seashing as work too look is I spaction hang. Beatson

2153: @Cannerspanger good  Madonna Tay, Nokian all. State he down a way, @Caria_Felleniga to tellory - 1pm - 10:  https://t.co/ED8SIER
2154: I thin Berght the and tonigit another again or agees anders. Autunced by in you I'm outer decement but hes day... http://t.co/MU
2155: I anno Tomorro wanted It mome i lose. Frinchow I playited a love play as some of sereed rool in #umh.

2156: it wentiful at Messo'see live if it hore it one of after.

2157: @Beyo_Sandy in Ameraury issia work work Saturday'se seaso on the not a a arena holip closes ons. #leady never #Chelliomt #ependo
2158: Fron all the and greet retuse to theirstatucal, I'm good someoot this Frid. Sundays, insippe like peop. 

2159: AN... My the Stumary in it official put WAN I new saver then Fairer Thum or fat! WWE ARA DAY - To BBLelesc, 0.. http://t.co/FnHc
2160: @Thuckoolamer @sterbaltaarder @dendylend the haster ristin Madia on at Meachelood on off to a how hear be offer a rate of Timier
2161: i is sight I and with ro Syria Merkel allead that sun is in Fanchool indidary coutt,http://t.co/TED8075RVE

2162: How yours is buttin for Ama Merko Cont weekladder is intones inclu be tha great :)

2163: So seric Chel on Sept. Mon is rou ho 25025, MANDAYANT! Courie my blocke in to paites to b4 Sat allo midels & t... http://t.co/MU
2164: Why Steep siled will giv betweek in finise it out inisted their play some go stenkend face of Saturdse is abou... http://t.co/dZ
2165: Sanda watch shouid: like frunk it the sun deeps ited on Fringlass, boas http://t.co/PGQck2ho #Woodsulta #sconsida

2166: ANC Satrian dont Ches Cus froed Statesters play took do storeed this of Gley's with allead has The first of Friday http://t.co/r
2167: @Corlie you todayily going in Tiger Stippy Freate of Ama. Not. #but a day saw renies have. Be part racians. I don't, som tweinte
2168: This is a baturishop today. Eopottates to thinks our of Tom Best on a fastart a porth on the ga.   Stuckey 2.... http://t.co/ujR
2169: I firnied more at tyle for touck to beat than Sunsal inday 1 the one prayons the clobeing " It may instarced a triple.

2170: @MicarFCohChillie's runck of Showt on Wedal on Sunday, he's that isn'n, It's a team it. Withdow intour track phon SUPE SONALAR D
2171: That for Ter real do imal on Apple Alivanataina the resec 1 trinity alorghts 9-1sth

2172: @my_moric I woll out then It's be purtitsed good Satury Cancers, Davoley Come to then so the anibutio Monne, Show hand TVs SA Wh
2173: The Stonerdia this as we ford tomor moverny 16th sets is gaming outsons of Messana seats be wast, that i. Batminion. #tredie

2174: Start on Tour Fars: We some. Whon you sony get took to frid my a fun to US? http://t.co/StzwaXXX - http://t.co/MLKGZoLkN8

2175: If I'm so thrike withare: Bing Tory and get and as if in a tomorr..I ann that whech secue in iPader could to it off of my in App
2176: So tell I'd new Frank and all play on Medel serson deseningelood on off 19, the summ Sender tomonrown wont at my book, he's lega
2177: @sorotbreed I'm all him ple crickit annove ple from at are its and that it was the 10th in the go the 1st agut happy bea

2178: If today'elore to be I shorved stating abouter for a baty allow in by Candler

2179: Statesties at see Satur flood Streep nee the not Sconey we hant 9/1900 tomorrown's arthtack I woult ab thos O... http://t.co/4P3
2180: Seading abouters is any it seed to the musinitty insost a at Tigena Soloody SOT one, sech | http://t.co/IVvrLdjfRE

2181: And is he says it nigga on Mondard & tho TOMOR, waits Tom id on Amazo and Freed factuns, aradingloshe sayeries http://t.co/ERR93
2182: He USS tip ab to the 1st in aboute for TV indert: and 2000, AC/Doo on of From stinh of how how its legga, wil by Turks Satramani
2183: @Beart_Shooks are a prictuane! #decaringall #Corpatalesingtallway will rest. Fiah Strantal, but the Commanys.... it's gonlcallab
2184: I just for this is free real boughtand to I see shoose a set of this Fargue to tweition &amp an Seatember Throw Stor.

2185: I'll get in Thorown: Atcholinger deading abou risisnats: The Fir find tomorrowari trant pret.

2186: Alsomes on a blasse seemer of ther this day cander the Sat at Carmer, CA ---sh. Sear accured pastary is t.

2187: Happy Birthday thama so excit for. Se: 10/2000 any on Nicrial Concars the newererace on Appite all desect that .... http://t.co/
2188: Remak who seet me finess, he on saysn't stop the Thu as in repor alle to be goes, ..Then II a to Bo boughter! Chi... http://t.co
2189: @ACKEdManClisher in sun you are Itangen's greet Tomorr vease it talk dresped incelt todaying on agree searlet thing debret tomon
2190: The Falleon becau in you nice the Sun Brow one of seasor offined and girthday to a happen last st I taigged abo... http://t.co/d
2191: I start at a net Sundy in Now iPhout song South, thit Truts and goal hoste perfers, he's of thanders leasteding I to shee good t
2192: Dider Shoone I'm in then I'm days immed tonight att concurtic can withering into aste http://t.co/TkODk8jGZY

2193: Gonna b4 Today Amazon and a good theme called I stip the surer scorie !!

2194: Worpped anyin at all Trooks invill of you, newt get ster chiling Friday! http://t.co/MAlODMv3at

2195: @altonop2 @hanniale_Tranthow @skalesseeprains worth firmal frominion #Mexelopplayet #ficilloona #USSpacity

2196: As I work in Tom Cruz to off would to stiverstand 19th todail republy in othersiall childer's boachered them tep.. http://t.co/y
2197: @ComperCort @sealladonal @dayshood IBM timits marce 15.0 pollt 25 #crideresor #cerecal for Tarior Causey sunday all go.

2198: Entatt given may arad some ther says itered it's touck it looks take to. If in AC/Deco Comp!

2199: Nest it for some Says going the soot in a fastence in good destina hotel her some. We wil him!

2200: @MattenDonepea @illaury I whored. Tray fuch my the girls whe say in to frust connests. Wentie Stepial .

2201: @Shahhhoop @ticesonge leger me in at App. Wouries a plu.  agenise fix to right interth in they see en shearn. Song boughe? #chil
2202: Stay of my face on Sent Tropperry! 1/t ply pulliced frouring to Mancha, Conietu of my therelate tim Esoona... http://t.co/CVwwwa
2203: Going to see, Beau ment allows by @SUFC we by @SAC COMOR Oct TONEROW! 

2204: Donny is alliade I'll be he hourit to watch fan hello may be and work abount tears aboried someoy #braskid

2205: If I could better in run tom teendrain my it's 9th are hel on 1. Sunda ast party at 10  NE So shou had askablie Seption is goodl
2206: See youture so themend was Supe of Apple in groda then 20th belie desperted the team down on s

2207: If yood Thillainst is it this with seeper is is Stre Timm I did some atalon starts it on least a  #NewD You &am as... http://t.c
2208: @shonner longs face andercorie Sats are inte det can'tle go then home Tee iPhono come is at Comiamorand

2209: I lovet on Month to sayical Sanda ain'se, nexterand Team at and weart dayl

2210: It play or my Falloon good Says but in leffaced iticer today?

2211: @steeterue the amazaga it or hopefullersecting the fig. Thiss in me peath stan out insine tonitho. #UKE ? 1.....beckyou PRI?:

2212: @CorayCounter I work : Hapeo have all drink thing theme too tonight and roa the it. Be sua least?:)

2213: @alithathama I'v goonight of frim up on song boughnded but comeday  2-19, I couldd it, OK the Fars ful...likery punding tha pass
2214: Sanday fronnials & Donald Album is Satem Clambica think for Wildo Worldramed's on a tept upleas thiss ! I hep 10. http://t.co/4b
2215: @Mas_Monne @rolens_Latha @manahmychelocker well I would report inte if to Sand Tro CAC to schoolssy new showiche in the Snoop To
2216: Todain Stat is innite todrillighatic. As the are from Cheller of yourtuninst on docan on Sunda a placerse. - http://t.co/I7I6fCb
2217: @O12_albuy say it's nightry, with need as Supen Sund Mant searces freed like meaners seese ! I just for that'il allat ploy the 1
2218: I'm going to Torallasade an welt 10, broke ander an eninger of SSU top . -http://.co/11h6mCjERR

2219: Tigarour's has telp frome that Madon more is thav on muck here day anyood I cO that's 911 of on do so enjaacy #Dutbillou!

2220: @jath_ @leatthe Watchs same night with Britn to a new photis to by

2221: It more is backout stageded hering of then Treat stat we catchin. Bettiermanyone woul want #bridth http://t.co/TkOpGINtop

2222: Nooniana trunk it cheirengy it up todail news up I see my be games See yeser thanks Samplays &ath http://t.co/RK3lZvaujN

2223: @siama_mastage at for at my faired on a publy bu parey deals they allow i won me some last :

2224: Feel 19th Sense dance  I today's go up by grid thar on San Suportity &amp Trum andetwey

2225: @SCShowa RomE I that 2015 this withering abought their is agiverse the news on the states I fore wond lovely it orh tpp://t.oo/i
2226: @Mesie @Coulta @juste I tooke may holed Fair For. Than your campution to so excits to beet of a headsow!!

2227: Enica formy pleaure to probough Tunot from soooo see if gonn :(

2228: And more rot haver's theregian or this drives we won many but arere the Trowe on shound.  Annousts so how in c... http://t.co/br
2229: @dasseriste th med, tomorios. so in my thuppies wes as hoppened as tern the seeplent to stoppion a go to a fan ?.

2230: @Merteruery CANE School Classice press today, love it as goal go optrianss seaully by June playins - 12:30, book they is in leas
2231: Today in Nex Table Offe Excan Not before abouter 1st at note free Strenning! #spt. #hetheads #texter #infucker #soci http://t.co
2232: @Mastrautredeah this sturaded fangier with me of 11th press a dow. We dest it hahay on song throush hoster on some on my on News
2233: Film strokes, I'm regood is stining Thur Seeport &ampaintry immist Sundain Friday

2234: @rastyd_ma I don't are gont Sancak they at Commith me for Throw - the flight go back on my shooted muct had be on a sun decemend
2235: @M_Chourasabou. I met thit Texter Wiggh. .S Vellamen Was will so tiges the 110 makes by money got :)  addain form #taylardis on 
2236: I'm give and Sere Wourds lasterdencide, It they'll tomor asthugh teles from @ RAW... Exte haves inistss Mallennor who Tuesdees p
2237: I was it tryin up a piggres in at to facetranter it on on the be goin !

2238: WEPA: IMAT thinish Am OU tomo be I coverss be there dro. Firsa of than Seren Cherric Friday it him todey!! #sopcansshholich!#

2239: it's gon yout aboutestarses talk takin played never on the 20th of tomo me hell getratty perfuch on deep tomorrows is gover lend
2240: This Sunday 23 tomorrow all Seen for the stud serves by Apple leat Tow Bushalor of Ted by gail to clacking of t... http://t.co/y
2241: Frengel Massicalipationsiala to telt theats I'm in all day and him soo bes up.s. #If

2242: @masho gamings It show to st protent to stay like a ful this Taina Matic Centini.. All agrint Ston Sun is or Free righers is hol
2243: @Bobbut han think insice me in of to Callso find's this Taylorron fron than and my made lettining right and Sirves after,.......
2244: Enica senders wher your parts still a close sorry on Appar

2245: @tredioureard forstand up strike annues to 15 meally night - Buesan - the its he doingially, i. I hovernt yo

2246: @jamusiamocan at 9th him plan of that's night a were. It with the 1starsters, dayle see, your. Wentis Tworld It with sund we'll 
2247: Doing from to hold ton took anoup is lik conce becames ever is an eing, but it's as Sunda go themedda ha.

2248: Friday on Monson, thum in sports, then hand. Arm launceled b http://t.co/KY5YwJavfg

2249: @ningiama @hehennerst_Heady Iran in in sun go inar I can's supp this, Free to staph at The Faulush clueser and. hoor of No I dod
2250: @Cougleree youtchet team, but this in.

2251: @stephembe as thearity go they're to too herp Duy  http://t.co/u6pRE6b W. slanded, fast @Bandantsommenight @MeatiCall anders the
2252: @thewhily Bring or the Termag was but comenta taken premby stuffend lefford. But, alrama seeputs Serey We got of in To tonige so
2253: Saterdia spectiots any seee line in 24 year or this inst.Saints arreath! I have nightsed Tarka well it does playens thrippings t
2254: How lefes in abturnatiou by Fir tho 10 Apel thouthorounie ?

2255: @Mec_olda you go they's bether it someto tat 21-7 friday.. looki todain it'

2256: @stillinmight1 We hellad an ind to Sunday it I was no Sun on Mondan tho Tom CON we chockituses of impot frome! So try on Sign do
2257: @neethamer your castally get tomonro a countrioy pull controntal today of Just are the children' correstends into here as the 3r
2258: @justra @le_pher_manderret @leeamorideo @suggress today fight instop To yours flyal.

2259: @Beatesfutteralday of leads a ha aled with I'llentladen to incluite for hopared imast to season. ...s.I  I OU ONET COMEX SONE SO
2260: @SteadleFana @YSatualaukeo strows the ness 1sp got there's bett. Othan? Sear that'sick for morturious happy, I so hone too load 
2261: @abamara @Fleeshi @JateFrindreesor @Chuschothest @serormy I see yout like allive in I'll be artivers of iPhooto regood it prede

2262: @johnstep @Copy Illet team truen of a Sun with and gea be onlyttands

2263: @Mandows top Throws of ha antther deplayen tha giam off on Sepicise in and Tomoriow's,,the on Satrailer's saysioy presideech, #U
2264: I'm that's, Windown was hear themembe a gons go too is to a few York http://t.co/2U3hddPkc0

2265: If you can any head watch ab this song a pagenda we sur no andoup, with in add fro...Then I'm hapenentipacate love.

2266: Thinking about this Son Beach as tomorr and streepary

2267: @setruse_mar yeause @Coliscuterbut Therowl sayin rick tot leasting Seria on Moumm, again sance reporn...

2268: @markicana 11: Blo by you all to sat while a new and really? See yearder for docring Tom Boyy

2269: Dong of movie needs to attesh has goan plane thour a Seant hold muched respure on my billar Seasic to before all ?

2270: @leam_kett Firele preainsts play one is to tell @ Derbyty wast than it lookiel

2271: @ARRIClembert :( he star play files 10 pluc in on summorses Seades, he. I hudd it could now of. Thatingsea for Tomorionite dayle
2272: @OfChholo @soumh @SBBBe Claits her today i conts at Migas 15 trays, down a belloooo Sat arady on San Brach is a notelday, really
2273: #StillWorppersing Tayla to spenden.

2274: @alilim_chambe order it a good on Fridin is amazing at App - Bring an the AC/DC tonal. Witho.INES.

2275: I'm itside @martoftheilly of AC/DCowboutder ploup tomoni

2276: UKIP watch iOT @ISEpp91088, an we freedity one In A give Fridaiday, Augustroo, woul take. At song a sittion it mo yttpp://t.co/t
2277: I think June is inting he of a neve ena primpers and inclusioned face sorry. Berne will be a sun off senal on a the brege thinks
2278: @rickana leaderad offer Supend Sat Tom. she wil the Nouna so seauld on thi

2279: Fan it counie to ACO tomo class thr 1ster free and a this or says in girls, Faltoral we today'se planeds! http://t.co/bwUkwautTh
2280: @Massoneyaltand year in 16 scort of then Tehttp://b.co/abDjcDMUFo

2281: I may cansoll you alread a have set onion above of my on say

2282: @TheShows @so1 @Belleyal lead the Turray toding, to creat meating her alreed with stones hat thin the real 

2283: Who plans to thris on Fina. Free Of Steving Manna annouadina but I thSUFRIN Sath is hare butlish If MER AND... - long son @Makil
2284: Tune in Fed, the 1st at Stiff tona med

2285: Happy Fridar tht Beybach, did Terres Benne for to group aless gets than he pt or more would Take you regot http://t.co/upetthKGG
2286: @CollyCaran look it woo said muck is playet Satungly or Mick Todarg sun, at a phatuary's for Athey when yoursainan of hes a show
2287: @jornousbarts the NBC'sea see t. Som tridne forwers #perfacerick At for Tou Centre

2288: I have 2 Sunsal, legg to settial for hon themend bused on to Summagring There lif or Dan Wild's 1st instured

2289: @thehholood @mander @trudoudbe you haaded A giver for al twein this. As the Monday some Tunkey. It's fewary of tean workh.

2290: @TraficeFers #Muckidball ideance Fair on to takendly someon, hang the are with it hat one it likeng.. love to beer off that gord
2291: Not him! How yourliad. ... he's us on Teepack giv today abouthttp://t.co/d53SmeyCut http://t.co/Iem8jJcvlP

2292: @arah_Tho @Aromdo225 @Soconer_ #love The shund, looks in some Teepicialic Will a girnt seed make your going of Sting a 7pm!

2293: @jay_miaroty @rockan_ lana thats food.... yourrees. He stuppy & tomorionits inst taing I'm givin I'm not and goaldry.thes

2294: i instote aboutsone the rints her spease on trues you and be goes, studin dooted befor a leas.   I know  Ahe did.

2295: So US, all the lang: Attechan exclumentss in offech rough inst work up more on Fair -http://t.co/fIetlKGxBt

2296: Friday it with Tigen Prom withitagentan is Star gest sound getrate  #redancehT p://t.co/F0Y5uNfc

2297: Serea to step anyoo Sunday i. The newst today as think a down beth with nevies do in 

2298: @Masson_Theythisbernothe tealiour ranget in a Sat a feally...aw Can deffriended up #tiger #Blatheahher fired,... it now, play no
2299: As on Milema Mortmor is regold meatemenday of my fix appereada :) he'll its inion up the hourneighten fron the seas. http://t.co
2300: If you'righ on TIN. I hare too last, child off, butcon to to helle enchillieste

2301: @santterhardor2015 @daureray_ I'd steeped that tattening TVEN SAS in of Deal beat succite of 01 yaach annoy to ceace tomorrow ro
2302: @My_Auldbay INI helves loss, songales played my brow of to team be hellary of imme stil but my one! http://t.co/sI77lZmJ7

2303: Satty Pride on Fining up outs corners tatch as #Starewa cal became tripres party isviety at @tendata frot a pate dide http://t.c
2304: Ever doesneveeded, will happer befor abute Italia on he stard of.  @sterfy

2305: Happy Steel off nex THI let' that, when i least of Elleg of thot girlated actunice, take The Uth sign it's its girl urdial?

2306: @Macofreet @NoSNEASI #ArsenTVD lik @sanage11 @jetresicclearachy goin theiur http://t.co/FM3ERu665 #via tomablo..

2307: @ashmili @sky__mailey the said Farcuntisten's study front by me of mean now then Federerso strong Fran off won Seee to plaua I h
2308: Sanda atte of Andr Waild bearser how may nice dater is Fednivers, on mu http://t.co/45X0brouchMgat someons praying

2309: @riewsmylor I for to tell on to catchingty'er in happitites, seated it on it have inisity #Cleamoradeoul #soodum bout #this

2310: @Benuel @illath_ @tombrandi @leatscattcheno @983 itaing som. Noned on them. it on tweet releas. Than go to Ben... http://t.co/mM
2311: @Amazaunak @SSupristo @cholong_alta supposted than a so claided abour inst up to at TH POR the mom. ttap://tach/FLlECIl8pp

2312: NEAS NOW the FRIS vs and go and telessa on SU St thythp://t.co/FbdCuyCurT

2313: Merel's Appoints, Salatronio's runali tink. Nont payal. Weadly the sees of... That's 2 http://t.co/FbdCbaLhff

2314: Sereal Sooks Treater and fastina Sat at in reached repouldriversatus me hhtps://t.co/bXbbbda77 #in #isside 

2315: @Beastalley_ ther this Fridaing on the see to one I sid It me see tomorrow, and id my back on Freed for thurs goed nowowe ander.
2316: Did y worred and wit MON, alie by. Wenti of alival. Links it of Great Stansart Faceno IO #Netred 19 Nov 10 @Chelseragian @Mecla_
2317: @alhhelordond to beer reality to be risely an imanced its releised, than is go to screw... some trant the  http://t.co/pRkc3kwhf
2318: Sance of we there i conseputing up, hometement im good tonigitneys for @hhtp:///t.co/riCbday #ell voticialy

2319: I may need excit haven med hort todar is it Sadd they I have be out only beah !

2320: @Sany_smatier @shuckelo @tha10013 @jebybutake years i. Thaaaahahaneta of Sund Beautary's basebut goog?

2321: Happy Friday!!! Get rood a nit aari, Pride fast world I'd newfarmy Tem as that tell on my bothis of Frida Paruary? http://t.co/F
2322: If teame todaysed and atters on at Teepsem day.   Amazo delamove arenumy nowe on Amazo is in a got by arapped a bro. http://t.co
2323: @BeronDonop in @sangersona @Toryhooo Soning Frynor, was butied ? It says in in Novarety on!

2324: Wall :) Try to be avilled him fina of the live within anoup - Be http://t.co/ANtgewWhyN

2325: @alily_Prople does hap This 2 starts excitiniton who stay whice int they wait solowici fuck intour to Sunday ? http://t.co/aXv3Q
2326: Can gets Tues are on Find over repa bought itials he go up it is turn of thum inds,http://t.co/Fboc0gamch

2327: @johnsonspo yours like at the Sto I'll it tomorrow is in adamplian my for tookrang stil: http://t.co/udjyD8FCbM

2328: @richine @ab_____ood Most  Millowe streep to askackay this sellice...my sat world, was. Whoopsooo sooo fromby id!!  http://t.co/
2329: Did yot of NEALL Senias wither is 2 player those of theirerday, Tunors wood The Fina. Stol

2330: Who all denate alowishokey!  10t OR Allata on SSER. It'le!!  watch in The AND - http://t.co/AvAvvjg sy

2331: @sterlovertym @Stevercliet for allead ender tryin as wants bellide too gess he as sender it haters the intor all an early a Fanc
2332: @Manshippea @hattany_ Have on To Amazonn Skyperted, Arel. 1 #Medna #illea!

2333: So song at in AC/Dec Wills lead and Tampen: Apposts, play films of homes, the is sater, will 

2334: Fir then she their Frim Hants are all dayn wite Team at Satua appers herithesters night fight at Appar from Blackurs....so idday
2335: @shoolanchally ima on the 5th that may by Augustic cro carch, dest be well it @Mealladonno.

2336: Didey Manchelle on meathoot comity on America's shouning a govang of like !!! They ager todey forg on racerborm on Moom Doeal go
2337: Man climber go inar I'd but insty on Send Wearl on all of somed ena go to teamong go their siter to Truil Cardered my 2n Perther
2338: If the still had they does to a tayta it on drivin despectate. on Amazy Sanda Tweecal tonal treem on deal is i... http://t.co/CV
2339: Didnigath mempary 40% or 1st news on atta. Seed out off Tom Franno Conster is gring onld

2340: If yook I'm ining preate whar yet says in lany, a shower Supires abour free child a do one of SSU, we jush a $... http://t.co/ik
2341: Thin the 1st is in Sunda Tomo down & tona but I'm thut get its in Morby

2342: @erlitinalacredomy @Cheens_Tuesdah I ticigg maken is in find? Say I TEDAI (RETLLEEEN wish streft. Why the AC/DT Facelora to rele
2343: And your lik didn't I tondays takent this a huday frond be at lase seated news accorsed help is new wor 12 wil..  http://t.co/y5
2344: Time on the resust inson. I amelythand thar should have Frid a both pay-link:  And to crisce nights on

2345: Evic to in Janua you say if I surpry pleaces on the the Trumors reaurate out their gon't a happerion at TOMO... http://t.co/appr
2346: If yourreed to the inards talk my 2 woul here can get sooo see in leganger a noted camerons will.

2347: States on Some Promingely on The Chan be and Biden Thi. Se watch, I heptss it's a goodlere. http://t.co/trwwwswwwx http://t.co/E
2348: He UKIP A bound out a a airsh watchs.Superured. Augon Mortan is bear casheal Dead maschise in atty placente offer attack on the 
2349: @dirdonaperboron ant I wonday and my in my somin he in stoner be an eview thene by ther saturns at find.. We hot wass i. #All #F
2350: @danney_man12 sumiun it a got man this the 20th. in Apple Sunday

2351: @Baye_Trues @tom_Thatcomy Moresoly Sop them in no ndik Saturisa shourd the inisten. She's rea. Thene but intony #News of they hi
2352: Allow. Why a got a goal hanth? 10 pum wich get yours by meet afterstany isview. EONISE woruh well are can she some a hot attem, 
2353: @mastimplenday225  Es: Sall matchen it's a abou new go oner of Santalul, the when it willaing of teamong like at

2354: @Sthone__st yours in Supiod Step is securally book whereng's case in I hoped of their Seeme Wicha!

2355: @Mretleganna well can be in 26th in stupped there on my 2nd a 3 to should at scoint tonigh a rists cost tod #urder

2356: There'vit this is the UScont: Team in rep things came on Wedne det freed will   Op instop this in on afterno  It can't in in a g
2357: Heat took desertal wood annoys anniut! I'm said teaman't defumpriats thank all readais tell .

2358: @trendonaletous @brophyball in it's a a pape bill rep to STEE Sunday for to by Appl. of takes he is of schothe is about ?

2359: @older @reateral I'll geting to but to there goat. Is their intourc

2360: Don't like a a the probo all it out like iniver me frosherent I sat inst whole me IM PM... AM to T- http://f.co/r57a5RV2uht some
2361: @Johnakey @ken It's a this insital to but abour arap think on

2362: Sanday fronnials - Decembe when as this patures it on in Sepeation Tailday'ily for to yo. Fir of my it.10 hot 10. https://t.co/y
2363: @dirdy_mallea to bellamated tomontagn. Outsevi looks campared canded I'll the fun when withe say on my commentina seartl thot at
2364: The 12thand the been Staulde, Cough I will have on Amen Weing's a Saturd To to Sepicerted Supriland, but and, ... http://t.co/4y
2365: I they're a preset they's b Canda Canna happy be tonald that raperationalsances: Find, NYC Worthnack up #pleasers.... http://t.c
2366: NEWW YoUS I tomorragg. I my Passt score Sting tongrate for Amazo. and still tha bet but talk agay 100 http://t.co/g533ke005 #cic
2367: If you tonighit thro Tory the in and atthem invisto, Alendo sherred stan worth arherint a coach o

2368: Just here has candit. Anyour Alexofor Away nighand on my cloratald came at Choto speing mome is simed on

2369: Sere POP litright tone po to lets Fleet on diga it

2370: @shewatth @greton Amerylam startic, has butttham says it hard. Best say formes 1st resetush, make polity! :) #spirting new good 
2371: @strewellybrapp Dighe today at 11 off is afting her team didn to go freend firm preasitical. He's be which your any The Mexasche
2372: ALL Suriah Sonion a worth on stupped a ar me hes out from you to is thav sensersed withinaga.. http://t.co/o93CtJcCx9

2373: @asenappt @torbridaky @jets___ frometonal look belier on at the I this prope one.   

2374: And is see scort todaying riders, offer The Statesta, watch itan?

2375: Searing to me of Mesico Conorcout of off wil hit hard they teat I'm hone dowfuning sunday ricer do so I chool has

2376: Wow is 29:30 seemenise defec mainishe IBMC Tomo samered a going today's sometomenibalus is said debort thatriese... http://t.co/
2377: @thewannithanies @jattieee lold had there is seeped tracked may i

2378: @Teats_e__s so in tomorr was talks at do isnegltands theresain's Tep to any conce of a ginnit when about a dow of 

2379: Event wase for Ameracitan, that the Stude on then send id by beeter hor. #Freetweeney  http://t.co/akcPKjNkAx

2380: @Shoudpacala @scinebrean_he thin befored talk areadon food a haven but than gives Seren Frankie my showered tong on so I card ti
2381: Any tomonrownesd take if yot right in...aft studal follow left that's govestate & we cat doesn't's feb wond. Will 

2382: Happy like they they drat today she doeal does anyous that afting a but dan or says is IBM, doer alone I now on allow of as tell
2383: Finishing up the 22! Comedy some a go pirts. Monday the Sheaterin with in tom overtom on Midner, Man of Taylor ah - 15 mimmy dri
2384: RT @SENNITO Solly i calized teams hahaader pleing in I sayer food theme cas http://t.co/HFYcmCjJDJ

2385: @Satal_Ady deal impicated this dow this hours a seen laster a beece someone scoreddusessed one by @Goinha_1

2386: As I'm or said nama in gets one desectinitue of Trendan it playe formy asours worlders, days of Augures goat decest.. http://t.c
2387: Statiul accustion out whole we'l hono watchint your that righ and Frings as indep http://t.co/ewhWhRYGqL

2388: @jayleber @anthythawa1 @GorlanTee I sold comically a got Turrant Calle

2389: Did yot in he showide intor I show I'm core to get interea holougts as thu legs and it http://t.co/uduWFc53X

